Archive member included to satisfy reference by file (symbol)

app/libapp.a(802154.c.obj)    (--whole-archive)
app/libapp.a(bt_empty.c.obj)  (--whole-archive)
app/libapp.a(main.c.obj)      (--whole-archive)
zephyr/libzephyr.a(validate_libc.c.obj)
                              (--whole-archive)
zephyr/libzephyr.a(heap.c.obj)
                              (--whole-archive)
zephyr/libzephyr.a(cbprintf_packaged.c.obj)
                              (--whole-archive)
zephyr/libzephyr.a(clock.c.obj)
                              (--whole-archive)
zephyr/libzephyr.a(printk.c.obj)
                              (--whole-archive)
zephyr/libzephyr.a(sem.c.obj)
                              (--whole-archive)
zephyr/libzephyr.a(thread_entry.c.obj)
                              (--whole-archive)
zephyr/libzephyr.a(cbprintf_complete.c.obj)
                              (--whole-archive)
zephyr/libzephyr.a(assert.c.obj)
                              (--whole-archive)
zephyr/libzephyr.a(dec.c.obj)
                              (--whole-archive)
zephyr/libzephyr.a(hex.c.obj)
                              (--whole-archive)
zephyr/libzephyr.a(rb.c.obj)  (--whole-archive)
zephyr/libzephyr.a(timeutil.c.obj)
                              (--whole-archive)
zephyr/libzephyr.a(bitarray.c.obj)
                              (--whole-archive)
zephyr/libzephyr.a(bitmask.c.obj)
                              (--whole-archive)
zephyr/libzephyr.a(getopt.c.obj)
                              (--whole-archive)
zephyr/libzephyr.a(getopt_common.c.obj)
                              (--whole-archive)
zephyr/libzephyr.a(onoff.c.obj)
                              (--whole-archive)
zephyr/libzephyr.a(notify.c.obj)
                              (--whole-archive)
zephyr/libzephyr.a(ring_buffer.c.obj)
                              (--whole-archive)
zephyr/libzephyr.a(last_section_id.c.obj)
                              (--whole-archive)
zephyr/libzephyr.a(configs.c.obj)
                              (--whole-archive)
zephyr/libzephyr.a(ipc_service.c.obj)
                              (--whole-archive)
zephyr/libzephyr.a(ipc_rpmsg_static_vrings.c.obj)
                              (--whole-archive)
zephyr/libzephyr.a(ipc_rpmsg.c.obj)
                              (--whole-archive)
zephyr/libzephyr.a(ipc_static_vrings.c.obj)
                              (--whole-archive)
zephyr/libzephyr.a(mem_attr.c.obj)
                              (--whole-archive)
zephyr/libzephyr.a(tracing_none.c.obj)
                              (--whole-archive)
zephyr/libzephyr.a(banner.c.obj)
                              (--whole-archive)
zephyr/libzephyr.a(flash_map_partition_manager.c.obj)
                              (--whole-archive)
zephyr/arch/common/libarch__common.a(sw_isr_common.c.obj)
                              (--whole-archive)
zephyr/arch/common/libarch__common.a(dynamic_isr.c.obj)
                              (--whole-archive)
zephyr/arch/common/libarch__common.a(init.c.obj)
                              (--whole-archive)
zephyr/arch/common/libarch__common.a(xip.c.obj)
                              (--whole-archive)
zephyr/arch/arch/arm/core/libarch__arm__core.a(fatal.c.obj)
                              (--whole-archive)
zephyr/arch/arch/arm/core/libarch__arm__core.a(nmi.c.obj)
                              (--whole-archive)
zephyr/arch/arch/arm/core/libarch__arm__core.a(nmi_on_reset.S.obj)
                              (--whole-archive)
zephyr/arch/arch/arm/core/libarch__arm__core.a(tls.c.obj)
                              (--whole-archive)
zephyr/arch/arch/arm/core/cortex_m/libarch__arm__core__cortex_m.a(exc_exit.c.obj)
                              (--whole-archive)
zephyr/arch/arch/arm/core/cortex_m/libarch__arm__core__cortex_m.a(fault.c.obj)
                              (--whole-archive)
zephyr/arch/arch/arm/core/cortex_m/libarch__arm__core__cortex_m.a(fault_s.S.obj)
                              (--whole-archive)
zephyr/arch/arch/arm/core/cortex_m/libarch__arm__core__cortex_m.a(fpu.c.obj)
                              (--whole-archive)
zephyr/arch/arch/arm/core/cortex_m/libarch__arm__core__cortex_m.a(reset.S.obj)
                              (--whole-archive)
zephyr/arch/arch/arm/core/cortex_m/libarch__arm__core__cortex_m.a(scb.c.obj)
                              (--whole-archive)
zephyr/arch/arch/arm/core/cortex_m/libarch__arm__core__cortex_m.a(thread_abort.c.obj)
                              (--whole-archive)
zephyr/arch/arch/arm/core/cortex_m/libarch__arm__core__cortex_m.a(vector_table.S.obj)
                              (--whole-archive)
zephyr/arch/arch/arm/core/cortex_m/libarch__arm__core__cortex_m.a(swap_helper.S.obj)
                              (--whole-archive)
zephyr/arch/arch/arm/core/cortex_m/libarch__arm__core__cortex_m.a(irq_manage.c.obj)
                              (--whole-archive)
zephyr/arch/arch/arm/core/cortex_m/libarch__arm__core__cortex_m.a(prep_c.c.obj)
                              (--whole-archive)
[...]
Memory Configuration

Name             Origin             Length             Attributes
FLASH            0x0000000001000000 0x0000000000040000 xr
RAM              0x0000000021000000 0x0000000000010000 xw
SRAM1            0x0000000021000000 0x0000000000010000 rw
IDT_LIST         0x00000000ffff7fff 0x0000000000008000 xw
*default*        0x0000000000000000 0xffffffffffffffff

Linker script and memory map

                0x000000000100ed3c                vfprintf = __l_vfprintf
                0x0000000000000000                vfscanf = __l_vfscanf
LOAD zephyr/CMakeFiles/zephyr_pre0.dir/misc/empty_file.c.obj
LOAD zephyr/CMakeFiles/offsets.dir/./arch/arm/core/offsets/offsets.c.obj
LOAD app/libapp.a
LOAD zephyr/libzephyr.a
LOAD zephyr/arch/common/libarch__common.a
LOAD zephyr/arch/arch/arm/core/libarch__arm__core.a
LOAD zephyr/arch/arch/arm/core/cortex_m/libarch__arm__core__cortex_m.a
LOAD zephyr/arch/arch/arm/core/cortex_m/cmse/libarch__arm__core__cortex_m__cmse.a
LOAD zephyr/arch/arch/arm/core/mpu/libarch__arm__core__mpu.a
LOAD zephyr/lib/libc/picolibc/liblib__libc__picolibc.a
LOAD zephyr/lib/libc/common/liblib__libc__common.a
LOAD zephyr/lib/posix/c_lib_ext/liblib__posix__c_lib_ext.a
LOAD zephyr/soc/soc/nrf5340/libsoc__nordic.a
LOAD zephyr/subsys/random/libsubsys__random.a
LOAD zephyr/drivers/clock_control/libdrivers__clock_control.a
LOAD zephyr/drivers/entropy/libdrivers__entropy.a
LOAD zephyr/drivers/gpio/libdrivers__gpio.a
LOAD zephyr/drivers/mbox/libdrivers__mbox.a
LOAD zephyr/drivers/timer/libdrivers__timer.a
LOAD modules/nrf/lib/multithreading_lock/lib..__nrf__lib__multithreading_lock.a
LOAD modules/nrf/subsys/mpsl/init/lib..__nrf__subsys__mpsl__init.a
LOAD modules/nrf/subsys/mpsl/fem/lib..__nrf__subsys__mpsl__fem.a
LOAD modules/nrf/subsys/mpsl/hwres/lib..__nrf__subsys__mpsl__hwres.a
LOAD modules/nrf/drivers/mpsl/clock_control/lib..__nrf__drivers__mpsl__clock_control.a
LOAD modules/nrf/drivers/mpsl/temp_nrf5/lib..__nrf__drivers__mpsl__temp_nrf5.a
LOAD modules/hal_nordic/modules/hal_nordic/nrf_802154/libnrf-802154-platform.a
LOAD modules/nrfxlib/nrf_802154/nrf_802154/driver/libnrf-802154-driver.a
LOAD modules/nrfxlib/nrf_802154/nrf_802154/serialization/libnrf-802154-serialization.a
LOAD modules/hal_nordic/modules/hal_nordic/nrfx/libnrfx.a
LOAD modules/libmetal/libmetal/lib/libmetal.a
LOAD modules/open-amp/open-amp/lib/libopen_amp.a
LOAD zephyr/kernel/libkernel.a
LOAD zephyr/arch/common/libisr_tables.a
LOAD modules/nrfxlib/nrf_802154/nrf_802154/common/libnrf-802154-common.a
LOAD modules/hal_nordic/modules/hal_nordic/nrf_802154/libnrf-802154-platform.a
LOAD /home/daniel/ncs/330rc2/nrfxlib/nrf_802154/sl/sl/lib/nrf5340_cpunet/soft-float/libnrf-802154-sl.a
LOAD /home/daniel/ncs/330rc2/nrfxlib/mpsl/fem/common/lib/nrf53/soft-float/libmpsl_fem_common.a
LOAD /home/daniel/ncs/330rc2/nrfxlib/mpsl/fem/nrf21540_gpio/lib/nrf53/soft-float/libmpsl_fem_nrf21540_gpio.a
LOAD /home/daniel/ncs/330rc2/nrfxlib/mpsl/fem/nrf21540_gpio_spi/lib/nrf53/soft-float/libmpsl_fem_nrf21540_gpio_spi.a
LOAD /home/daniel/ncs/330rc2/nrfxlib/mpsl/fem/nrf2220/lib/nrf53/soft-float/libmpsl_fem_nrf2220.a
LOAD /home/daniel/ncs/330rc2/nrfxlib/mpsl/fem/nrf2240/lib/nrf53/soft-float/libmpsl_fem_nrf2240.a
LOAD /home/daniel/ncs/330rc2/nrfxlib/mpsl/fem/nrf22xx/lib/nrf53/soft-float/libmpsl_fem_nrf22xx.a
LOAD /home/daniel/ncs/330rc2/nrfxlib/mpsl/fem/simple_gpio/lib/nrf53/soft-float/libmpsl_fem_simple_gpio.a
LOAD /home/daniel/ncs/330rc2/nrfxlib/mpsl/lib/nrf53/soft-float/libmpsl.a
LOAD /home/daniel/ncs/toolchains/911f4c5c26/opt/zephyr-sdk/arm-zephyr-eabi/bin/../lib/gcc/../../picolibc/arm-zephyr-eabi/lib/thumb/v8-m.main/nofp/libc.a
LOAD /home/daniel/ncs/toolchains/911f4c5c26/opt/zephyr-sdk/arm-zephyr-eabi/bin/../lib/gcc/arm-zephyr-eabi/12.2.0/thumb/v8-m.main/nofp/libgcc.a
                0x0000000000000020                _region_min_align = 0x20

.rel.plt        0x0000000001000000        0x0
 *(SORT_BY_ALIGNMENT(.rel.plt))
                [!provide]                        PROVIDE (__rel_iplt_start = .)
 *(SORT_BY_ALIGNMENT(.rel.iplt))
 .rel.iplt      0x0000000001000000        0x0 app/libapp.a(main.c.obj)
                [!provide]                        PROVIDE (__rel_iplt_end = .)

.rela.plt       0x0000000000000000        0x0
 *(SORT_BY_ALIGNMENT(.rela.plt))
                [!provide]                        PROVIDE (__rela_iplt_start = .)
 *(SORT_BY_ALIGNMENT(.rela.iplt))
                [!provide]                        PROVIDE (__rela_iplt_end = .)

.rel.dyn
 *(SORT_BY_ALIGNMENT(.rel.*))

.rela.dyn
 *(SORT_BY_ALIGNMENT(.rela.*))

/DISCARD/
 *(SORT_BY_ALIGNMENT(.plt))

/DISCARD/
 *(SORT_BY_ALIGNMENT(.iplt))
                0x0000000001000000                __rom_region_start = 0x1000000

rom_start       0x0000000001000000       0xb8
                0x0000000001000000                __rom_start_address = .
 FILL mask 0x00
                0x0000000001000000                . = (. + (0x0 - (. - __rom_start_address)))
                0x0000000001000000                . = ALIGN (0x4)
                0x0000000001000000                . = ALIGN (0x80)
                0x0000000001000000                . = ALIGN (0x100)
                0x0000000001000000                _vector_start = .
 *(SORT_BY_ALIGNMENT(.exc_vector_table))
 *(SORT_BY_ALIGNMENT(.exc_vector_table.*))
 .exc_vector_table._vector_table_section
                0x0000000001000000       0x40 zephyr/arch/arch/arm/core/cortex_m/libarch__arm__core__cortex_m.a(vector_table.S.obj)
                0x0000000001000000                _vector_table
 *(SORT_BY_ALIGNMENT(.vectors))
                0x00000000010000b8                _vector_end = .
                0x0000000001000040                . = ALIGN (0x4)
 *(SORT_BY_ALIGNMENT(.gnu.linkonce.irq_vector_table*))
 .gnu.linkonce.irq_vector_table
                0x0000000001000040       0x78 zephyr/arch/common/libisr_tables.a(isr_tables.c.obj)
                0x0000000001000040                _irq_vector_table
                0x00000000010000b8                _vector_end = .

text            0x00000000010000b8    0x12edc
                0x00000000010000b8                __text_region_start = .
 *(SORT_BY_ALIGNMENT(.text))
 .text          0x00000000010000b8        0xc /home/daniel/ncs/330rc2/nrfxlib/mpsl/fem/common/lib/nrf53/soft-float/libmpsl_fem_common.a(libmpsl_fem_common_debug_soft__obfuscated.elf)
                0x00000000010000b8                mpsl_fem_caps_get
 .text          0x00000000010000c4        0xc /home/daniel/ncs/330rc2/nrfxlib/mpsl/fem/common/lib/nrf53/soft-float/libmpsl_fem_common.a(libmpsl_fem_common_debug_soft__obfuscated.elf)
                0x00000000010000c4                mpsl_fem_enable
 .text          0x00000000010000d0        0xc /home/daniel/ncs/330rc2/nrfxlib/mpsl/fem/common/lib/nrf53/soft-float/libmpsl_fem_common.a(libmpsl_fem_common_debug_soft__obfuscated.elf)
                0x00000000010000d0                mpsl_fem_disable
 .text          0x00000000010000dc        0xc /home/daniel/ncs/330rc2/nrfxlib/mpsl/fem/common/lib/nrf53/soft-float/libmpsl_fem_common.a(libmpsl_fem_common_debug_soft__obfuscated.elf)
                0x00000000010000dc                mpsl_fem_pa_configuration_set
 .text          0x00000000010000e8        0xc /home/daniel/ncs/330rc2/nrfxlib/mpsl/fem/common/lib/nrf53/soft-float/libmpsl_fem_common.a(libmpsl_fem_common_debug_soft__obfuscated.elf)
                0x00000000010000e8                mpsl_fem_lna_configuration_set
 .text          0x00000000010000f4        0xc /home/daniel/ncs/330rc2/nrfxlib/mpsl/fem/common/lib/nrf53/soft-float/libmpsl_fem_common.a(libmpsl_fem_common_debug_soft__obfuscated.elf)
                0x00000000010000f4                mpsl_fem_pa_configuration_clear
 .text          0x0000000001000100        0xc /home/daniel/ncs/330rc2/nrfxlib/mpsl/fem/common/lib/nrf53/soft-float/libmpsl_fem_common.a(libmpsl_fem_common_debug_soft__obfuscated.elf)
                0x0000000001000100                mpsl_fem_lna_configuration_clear
 .text          0x000000000100010c        0xc /home/daniel/ncs/330rc2/nrfxlib/mpsl/fem/common/lib/nrf53/soft-float/libmpsl_fem_common.a(libmpsl_fem_common_debug_soft__obfuscated.elf)
                0x000000000100010c                mpsl_fem_deactivate_now
 .text          0x0000000001000118        0xc /home/daniel/ncs/330rc2/nrfxlib/mpsl/fem/common/lib/nrf53/soft-float/libmpsl_fem_common.a(libmpsl_fem_common_debug_soft__obfuscated.elf)
                0x0000000001000118                mpsl_fem_pa_power_control_set
 .text          0x0000000001000124        0xc /home/daniel/ncs/330rc2/nrfxlib/mpsl/fem/common/lib/nrf53/soft-float/libmpsl_fem_common.a(libmpsl_fem_common_debug_soft__obfuscated.elf)
                0x0000000001000124                mpsl_fem_lna_is_configured
 .text          0x0000000001000130        0xc /home/daniel/ncs/330rc2/nrfxlib/mpsl/fem/common/lib/nrf53/soft-float/libmpsl_fem_common.a(libmpsl_fem_common_debug_soft__obfuscated.elf)
                0x0000000001000130                mpsl_fem_abort_set
 .text          0x000000000100013c        0xc /home/daniel/ncs/330rc2/nrfxlib/mpsl/fem/common/lib/nrf53/soft-float/libmpsl_fem_common.a(libmpsl_fem_common_debug_soft__obfuscated.elf)
                0x000000000100013c                mpsl_fem_abort_clear
 .text          0x0000000001000148       0x18 /home/daniel/ncs/330rc2/nrfxlib/mpsl/fem/common/lib/nrf53/soft-float/libmpsl_fem_common.a(libmpsl_fem_common_debug_soft__obfuscated.elf)
                0x0000000001000148                mpsl_fem_tx_power_split
 .text          0x0000000001000160       0x40 /home/daniel/ncs/330rc2/nrfxlib/mpsl/fem/common/lib/nrf53/soft-float/libmpsl_fem_common.a(libmpsl_fem_common_debug_soft__obfuscated.elf)
                0x0000000001000160                sym_NIQMZN22R7GGCSNM3BZ25GTCR6D457XB3DIUGWA
 .text          0x00000000010001a0       0x34 /home/daniel/ncs/330rc2/nrfxlib/mpsl/lib/nrf53/soft-float/libmpsl.a(libmpsl_debug_soft__obfuscated.elf)
                0x00000000010001a0                sym_QLJBNB55XHXGY3EZ4W3ZZ3U6AVPE2YGDOXRUZSQ
 .text          0x00000000010001d4       0x34 /home/daniel/ncs/330rc2/nrfxlib/mpsl/lib/nrf53/soft-float/libmpsl.a(libmpsl_debug_soft__obfuscated.elf)
                0x00000000010001d4                sym_VWOYI7XCNXBFVPWSS6WFJ2CWKPJYCMRRQTU7QWQ
 .text          0x0000000001000208       0x1c /home/daniel/ncs/330rc2/nrfxlib/mpsl/lib/nrf53/soft-float/libmpsl.a(libmpsl_debug_soft__obfuscated.elf)
                0x0000000001000208                mpsl_tx_power_radio_supported_power_adjust
 .text          0x0000000001000224       0x1c /home/daniel/ncs/330rc2/nrfxlib/mpsl/lib/nrf53/soft-float/libmpsl.a(libmpsl_debug_soft__obfuscated.elf)
                0x0000000001000224                sym_4SCKUN7IRBDDM3D2RCMMHPR6OHBR3PQTBKCR77I
 .text          0x0000000001000240       0x28 /home/daniel/ncs/330rc2/nrfxlib/mpsl/lib/nrf53/soft-float/libmpsl.a(libmpsl_debug_soft__obfuscated.elf)
                0x0000000001000240                sym_QQG7HJZF5RKNVZ5ORSKL5T523LPMNSUMOGD3C6I
 .text          0x0000000001000268        0xc /home/daniel/ncs/330rc2/nrfxlib/mpsl/lib/nrf53/soft-float/libmpsl.a(libmpsl_debug_soft__obfuscated.elf)
                0x0000000001000268                sym_PIRI3CTIHOPR5MPDQRHBJRRZEA2NVOD4J3GXGOA
 .text          0x0000000001000274       0x28 /home/daniel/ncs/330rc2/nrfxlib/mpsl/lib/nrf53/soft-float/libmpsl.a(libmpsl_debug_soft__obfuscated.elf)
                0x0000000001000274                sym_ANRUIR5GOVXEY2YOSMACTCMXBQZWQ3XNE43TVMQ
 .text          0x000000000100029c       0x10 /home/daniel/ncs/330rc2/nrfxlib/mpsl/lib/nrf53/soft-float/libmpsl.a(libmpsl_debug_soft__obfuscated.elf)
                0x000000000100029c                sym_TIWHB6UQGI33JQCQDL7C2BRAEXCRAFYENVN6QEI
 .text          0x00000000010002ac       0x10 /home/daniel/ncs/330rc2/nrfxlib/mpsl/lib/nrf53/soft-float/libmpsl.a(libmpsl_debug_soft__obfuscated.elf)
                0x00000000010002ac                sym_AL7FCNVVCF72BNYCTLA5UGAWCQFXFPGE2ULTWOA
 .text          0x00000000010002bc       0x10 /home/daniel/ncs/330rc2/nrfxlib/mpsl/lib/nrf53/soft-float/libmpsl.a(libmpsl_debug_soft__obfuscated.elf)
                0x00000000010002bc                sym_7BUNPUBNWNFVXXIMNFFNK765OVON5LBIUZ66QRI
 .text          0x00000000010002cc       0x24 /home/daniel/ncs/330rc2/nrfxlib/mpsl/lib/nrf53/soft-float/libmpsl.a(libmpsl_debug_soft__obfuscated.elf)
                0x00000000010002cc                sym_LZEJCP3HZIBKMJQC47UQXAHGCQ52QF47EXOH2WA
 .text          0x00000000010002f0       0x48 /home/daniel/ncs/330rc2/nrfxlib/mpsl/lib/nrf53/soft-float/libmpsl.a(libmpsl_debug_soft__obfuscated.elf)
                0x00000000010002f0                sym_D6LBAH3FIHQ2AN26SDSJLEG4XAEK556FOQIW6HA
 .text          0x0000000001000338       0x18 /home/daniel/ncs/330rc2/nrfxlib/mpsl/lib/nrf53/soft-float/libmpsl.a(libmpsl_debug_soft__obfuscated.elf)
                0x0000000001000338                sym_7QFYP6TVNTWMYUHAAVGAS6P7DNXRGA425JCWAYA
 .text          0x0000000001000350        0xc /home/daniel/ncs/330rc2/nrfxlib/mpsl/lib/nrf53/soft-float/libmpsl.a(libmpsl_debug_soft__obfuscated.elf)
                0x0000000001000350                sym_3SZAYBC5OCNQZBIVUZYG7A3DU4BAGVEUO2Y2ZRA
 .text          0x000000000100035c        0xc /home/daniel/ncs/330rc2/nrfxlib/mpsl/lib/nrf53/soft-float/libmpsl.a(libmpsl_debug_soft__obfuscated.elf)
                0x000000000100035c                sym_NOQLYJY4KXAQRVVN7T7QV7ANR4MNJAXOKJCQGHI
 .text          0x0000000001000368       0x28 /home/daniel/ncs/330rc2/nrfxlib/mpsl/lib/nrf53/soft-float/libmpsl.a(libmpsl_debug_soft__obfuscated.elf)
                0x0000000001000368                sym_G5J6GA5DO57F3RA6WFNEHNPECPBC7Z24DL4LMSI
 .text          0x0000000001000390       0x34 /home/daniel/ncs/330rc2/nrfxlib/mpsl/lib/nrf53/soft-float/libmpsl.a(libmpsl_debug_soft__obfuscated.elf)
 .text          0x00000000010003c4       0x34 /home/daniel/ncs/330rc2/nrfxlib/mpsl/lib/nrf53/soft-float/libmpsl.a(libmpsl_debug_soft__obfuscated.elf)
                0x00000000010003c4                sym_KDG2QV44ALYOJ3VXK5EAFUKKY3P3LYTXXEA7CSI
 .text          0x00000000010003f8       0x10 /home/daniel/ncs/330rc2/nrfxlib/mpsl/lib/nrf53/soft-float/libmpsl.a(libmpsl_debug_soft__obfuscated.elf)
                0x00000000010003f8                sym_SDHO22NE7WQFGQ4CQJRIJINUULFKMZETRQXV3VQ
 .text          0x0000000001000408       0x6c /home/daniel/ncs/330rc2/nrfxlib/mpsl/lib/nrf53/soft-float/libmpsl.a(libmpsl_debug_soft__obfuscated.elf)
                0x0000000001000408                sym_PPHZHUJXI7LPAEI5QUASSIIGHAIVT4H7EME7O3Y
 .text          0x0000000001000474       0xe0 /home/daniel/ncs/330rc2/nrfxlib/mpsl/lib/nrf53/soft-float/libmpsl.a(libmpsl_debug_soft__obfuscated.elf)
                0x0000000001000474                MPSL_IRQ_CLOCK_Handler
 .text          0x0000000001000554       0x1c /home/daniel/ncs/330rc2/nrfxlib/mpsl/lib/nrf53/soft-float/libmpsl.a(libmpsl_debug_soft__obfuscated.elf)
                0x0000000001000554                sym_76IVKPQMZOZ7IXNJTGMWOSIWIVCASAX3TTNHN7I
 .text          0x0000000001000570      0x1b0 /home/daniel/ncs/330rc2/nrfxlib/mpsl/lib/nrf53/soft-float/libmpsl.a(libmpsl_debug_soft__obfuscated.elf)
                0x0000000001000570                sym_GYXW4XY25R4ELPOOTEBFKAUAI3X7A5AGZZV7OTI
 .text          0x0000000001000720       0x38 /home/daniel/ncs/330rc2/nrfxlib/mpsl/lib/nrf53/soft-float/libmpsl.a(libmpsl_debug_soft__obfuscated.elf)
                0x0000000001000720                mpsl_clock_hfclk_src_request
 .text          0x0000000001000758       0x34 /home/daniel/ncs/330rc2/nrfxlib/mpsl/lib/nrf53/soft-float/libmpsl.a(libmpsl_debug_soft__obfuscated.elf)
                0x0000000001000758                mpsl_clock_hfclk_src_release
 .text          0x000000000100078c        0xc /home/daniel/ncs/330rc2/nrfxlib/mpsl/lib/nrf53/soft-float/libmpsl.a(libmpsl_debug_soft__obfuscated.elf)
                0x000000000100078c                sym_PEUB6CZG5CWXXD4M2S6OVBXZGDFOG4XII7USUDQ
 .text          0x0000000001000798        0xc /home/daniel/ncs/330rc2/nrfxlib/mpsl/lib/nrf53/soft-float/libmpsl.a(libmpsl_debug_soft__obfuscated.elf)
                0x0000000001000798                sym_AF5XKA2WT4DMFZTLKHOBWE7E2EZAMLDDFPQGGTQ
 .text          0x00000000010007a4        0xc /home/daniel/ncs/330rc2/nrfxlib/mpsl/lib/nrf53/soft-float/libmpsl.a(libmpsl_debug_soft__obfuscated.elf)
                0x00000000010007a4                sym_DCDRLVBT43ANSLX3KNDZ4TST3Z3CVWXAQQUSXQQ
 .text          0x00000000010007b0       0x14 /home/daniel/ncs/330rc2/nrfxlib/mpsl/lib/nrf53/soft-float/libmpsl.a(libmpsl_debug_soft__obfuscated.elf)
                0x00000000010007b0                sym_5GIX3FGTOA3AFESAMMV6FULZ3AVI2Q2R6VR4L4A
 .text          0x00000000010007c4       0x10 /home/daniel/ncs/330rc2/nrfxlib/mpsl/lib/nrf53/soft-float/libmpsl.a(libmpsl_debug_soft__obfuscated.elf)
                0x00000000010007c4                sym_A4JUKJUCTJV55V2WD6TXU63VO5GAMB4XA4EE56Q
 .text          0x00000000010007d4        0xc /home/daniel/ncs/330rc2/nrfxlib/mpsl/lib/nrf53/soft-float/libmpsl.a(libmpsl_debug_soft__obfuscated.elf)
                0x00000000010007d4                sym_4PX37LW4KIUYQZ73JWLPH5GAGIRWAKTV3E6F62Q
 .text          0x00000000010007e0       0x70 /home/daniel/ncs/330rc2/nrfxlib/mpsl/lib/nrf53/soft-float/libmpsl.a(libmpsl_debug_soft__obfuscated.elf)
                0x00000000010007e0                sym_FYHKZOVAJN6VDDHY43FT7PF4YLRDHWRTEWHFG6I
 .text          0x0000000001000850       0x28 /home/daniel/ncs/330rc2/nrfxlib/mpsl/lib/nrf53/soft-float/libmpsl.a(libmpsl_debug_soft__obfuscated.elf)
                0x0000000001000850                mpsl_clock_hfclk_latency_set
 .text          0x0000000001000878       0x24 /home/daniel/ncs/330rc2/nrfxlib/mpsl/lib/nrf53/soft-float/libmpsl.a(libmpsl_debug_soft__obfuscated.elf)
                0x0000000001000878                sym_AZF6WXJCN65YCD7ZAP7TGVQYTJ5FWOMJFQCRXXY
 .text          0x000000000100089c        0x4 /home/daniel/ncs/330rc2/nrfxlib/mpsl/lib/nrf53/soft-float/libmpsl.a(libmpsl_debug_soft__obfuscated.elf)
                0x000000000100089c                sym_HKMCZYQJFPVS7WWBB467IOVE6DXROPF6QTNSZSY
 .text          0x00000000010008a0        0x8 /home/daniel/ncs/330rc2/nrfxlib/mpsl/lib/nrf53/soft-float/libmpsl.a(libmpsl_debug_soft__obfuscated.elf)
                0x00000000010008a0                sym_RKTRVZBVZOE2H7X26CNCGRCK4TXNFDN5CYTLZVI
 .text          0x00000000010008a8        0x4 /home/daniel/ncs/330rc2/nrfxlib/mpsl/lib/nrf53/soft-float/libmpsl.a(libmpsl_debug_soft__obfuscated.elf)
                0x00000000010008a8                sym_X4EOLDS7HLJRJIC2W2ME75XVHAUB5QNQKLPOW5A
 .text          0x00000000010008ac        0x4 /home/daniel/ncs/330rc2/nrfxlib/mpsl/lib/nrf53/soft-float/libmpsl.a(libmpsl_debug_soft__obfuscated.elf)
                0x00000000010008ac                sym_7XZ7GBQEVTLKCTY6TSRHEGOCEELZ2ECRZJ6DHRI
 .text          0x00000000010008b0        0xc /home/daniel/ncs/330rc2/nrfxlib/mpsl/lib/nrf53/soft-float/libmpsl.a(libmpsl_debug_soft__obfuscated.elf)
 .text          0x00000000010008bc       0x10 /home/daniel/ncs/330rc2/nrfxlib/mpsl/lib/nrf53/soft-float/libmpsl.a(libmpsl_debug_soft__obfuscated.elf)
                0x00000000010008bc                sym_L3BWYCQWIETVHY7KA4HB4DY5VX35JKUQV3DDRQI
 .text          0x00000000010008cc       0x88 /home/daniel/ncs/330rc2/nrfxlib/mpsl/lib/nrf53/soft-float/libmpsl.a(libmpsl_debug_soft__obfuscated.elf)
                0x00000000010008cc                sym_5UC6I2IFHRSO64HSQBXZGO3KJYKHBIJFZGOJVAQ
 .text          0x0000000001000954       0x44 /home/daniel/ncs/330rc2/nrfxlib/mpsl/lib/nrf53/soft-float/libmpsl.a(libmpsl_debug_soft__obfuscated.elf)
                0x0000000001000954                sym_3WNEAT5G5YP2Y26XV3EJMEXLDNBI744C4KPB2PI
 .text          0x0000000001000998       0x58 /home/daniel/ncs/330rc2/nrfxlib/mpsl/lib/nrf53/soft-float/libmpsl.a(libmpsl_debug_soft__obfuscated.elf)
                0x0000000001000998                sym_P6UKWXUEG2A2QOVDYCZXLZEWNE6FKCCKUQ7RSXQ
 .text          0x00000000010009f0       0x10 /home/daniel/ncs/330rc2/nrfxlib/mpsl/lib/nrf53/soft-float/libmpsl.a(libmpsl_debug_soft__obfuscated.elf)
                0x00000000010009f0                sym_7YM64HZKJSZJ2NGD75BB2X7S77SP5MW3H47NBFQ
 .text          0x0000000001000a00       0x58 /home/daniel/ncs/330rc2/nrfxlib/mpsl/lib/nrf53/soft-float/libmpsl.a(libmpsl_debug_soft__obfuscated.elf)
                0x0000000001000a00                sym_CRE2QWRQ3K2HPKTULCVLC7KROLI7YLNX5JECKWI
 .text          0x0000000001000a58       0x60 /home/daniel/ncs/330rc2/nrfxlib/mpsl/lib/nrf53/soft-float/libmpsl.a(libmpsl_debug_soft__obfuscated.elf)
                0x0000000001000a58                sym_VFDKZQRJAY62UBZN675F55ZLCNSA6LERZFHLF3Q
 .text          0x0000000001000ab8        0x4 /home/daniel/ncs/330rc2/nrfxlib/mpsl/lib/nrf53/soft-float/libmpsl.a(libmpsl_debug_soft__obfuscated.elf)
                0x0000000001000ab8                sym_DCETU5HKNHTQ67HARON3NMO7S3T2ZRZMZY3DKOI
 .text          0x0000000001000abc       0xe8 /home/daniel/ncs/330rc2/nrfxlib/mpsl/lib/nrf53/soft-float/libmpsl.a(libmpsl_debug_soft__obfuscated.elf)
 .text          0x0000000001000ba4       0x9c /home/daniel/ncs/330rc2/nrfxlib/mpsl/lib/nrf53/soft-float/libmpsl.a(libmpsl_debug_soft__obfuscated.elf)
 .text          0x0000000001000c40       0x98 /home/daniel/ncs/330rc2/nrfxlib/mpsl/lib/nrf53/soft-float/libmpsl.a(libmpsl_debug_soft__obfuscated.elf)
 .text          0x0000000001000cd8      0x1cc /home/daniel/ncs/330rc2/nrfxlib/mpsl/lib/nrf53/soft-float/libmpsl.a(libmpsl_debug_soft__obfuscated.elf)
 .text          0x0000000001000ea4       0x38 /home/daniel/ncs/330rc2/nrfxlib/mpsl/lib/nrf53/soft-float/libmpsl.a(libmpsl_debug_soft__obfuscated.elf)
                0x0000000001000ea4                sym_NAXHIIDB2OHTHT3Y3H6X2OTPPEM5W7LSTNSI73Q
 .text          0x0000000001000edc       0x14 /home/daniel/ncs/330rc2/nrfxlib/mpsl/lib/nrf53/soft-float/libmpsl.a(libmpsl_debug_soft__obfuscated.elf)
                0x0000000001000edc                sym_C5J26E5S2LFIPDPNZOXPD63JBZN57EZGBRF2HIQ
 .text          0x0000000001000ef0       0x38 /home/daniel/ncs/330rc2/nrfxlib/mpsl/lib/nrf53/soft-float/libmpsl.a(libmpsl_debug_soft__obfuscated.elf)
                0x0000000001000ef0                sym_ZOPRLHE544AAAOQWETJSYDQQYAWWWJXKNTSNVGA
 .text          0x0000000001000f28        0x4 /home/daniel/ncs/330rc2/nrfxlib/mpsl/lib/nrf53/soft-float/libmpsl.a(libmpsl_debug_soft__obfuscated.elf)
                0x0000000001000f28                sym_AMBHYXNU7PYNDAKUHUROD5SXBMYJXIUVA52R4VA
 .text          0x0000000001000f2c       0x34 /home/daniel/ncs/330rc2/nrfxlib/mpsl/lib/nrf53/soft-float/libmpsl.a(libmpsl_debug_soft__obfuscated.elf)
                0x0000000001000f2c                sym_6W3JRFJFKWMHX5TF6XOWKXMCNHQXLMTODZI37OA
 .text          0x0000000001000f60       0x1c /home/daniel/ncs/330rc2/nrfxlib/mpsl/lib/nrf53/soft-float/libmpsl.a(libmpsl_debug_soft__obfuscated.elf)
                0x0000000001000f60                sym_JV7ILQ3KWGAHJYOG3LBRTREVFC2XKOW6DAXBQEY
 .text          0x0000000001000f7c       0x78 /home/daniel/ncs/330rc2/nrfxlib/mpsl/lib/nrf53/soft-float/libmpsl.a(libmpsl_debug_soft__obfuscated.elf)
                0x0000000001000f7c                sym_VYUIG5G7GY35JENLAM47M3J7YIGG7HW6HUGO6KQ
 .text          0x0000000001000ff4       0x64 /home/daniel/ncs/330rc2/nrfxlib/mpsl/lib/nrf53/soft-float/libmpsl.a(libmpsl_debug_soft__obfuscated.elf)
                0x0000000001000ff4                sym_B2V4CDOC44GG7XX3H5MPZLGUPL7TEUR3AYKLLBQ
 .text          0x0000000001001058       0x50 /home/daniel/ncs/330rc2/nrfxlib/mpsl/lib/nrf53/soft-float/libmpsl.a(libmpsl_debug_soft__obfuscated.elf)
                0x0000000001001058                sym_5JCST2ZL2CQUW54F7Y33QYQ7U6G6DOTLZEP3EWY
 .text          0x00000000010010a8       0x10 /home/daniel/ncs/330rc2/nrfxlib/mpsl/lib/nrf53/soft-float/libmpsl.a(libmpsl_debug_soft__obfuscated.elf)
 .text          0x00000000010010b8       0x1c /home/daniel/ncs/330rc2/nrfxlib/mpsl/lib/nrf53/soft-float/libmpsl.a(libmpsl_debug_soft__obfuscated.elf)
 .text          0x00000000010010d4      0x174 /home/daniel/ncs/330rc2/nrfxlib/mpsl/lib/nrf53/soft-float/libmpsl.a(libmpsl_debug_soft__obfuscated.elf)
 .text          0x0000000001001248       0x74 /home/daniel/ncs/330rc2/nrfxlib/mpsl/lib/nrf53/soft-float/libmpsl.a(libmpsl_debug_soft__obfuscated.elf)
 .text          0x00000000010012bc       0xfc /home/daniel/ncs/330rc2/nrfxlib/mpsl/lib/nrf53/soft-float/libmpsl.a(libmpsl_debug_soft__obfuscated.elf)
 .text          0x00000000010013b8       0x30 /home/daniel/ncs/330rc2/nrfxlib/mpsl/lib/nrf53/soft-float/libmpsl.a(libmpsl_debug_soft__obfuscated.elf)
 .text          0x00000000010013e8      0x2b8 /home/daniel/ncs/330rc2/nrfxlib/mpsl/lib/nrf53/soft-float/libmpsl.a(libmpsl_debug_soft__obfuscated.elf)
 .text          0x00000000010016a0       0x24 /home/daniel/ncs/330rc2/nrfxlib/mpsl/lib/nrf53/soft-float/libmpsl.a(libmpsl_debug_soft__obfuscated.elf)
                0x00000000010016a0                sym_3IXWYTL62NHWC237SHWLZ2OF2TW5NMM4SULZS3Q
 .text          0x00000000010016c4       0x28 /home/daniel/ncs/330rc2/nrfxlib/mpsl/lib/nrf53/soft-float/libmpsl.a(libmpsl_debug_soft__obfuscated.elf)
                0x00000000010016c4                sym_JMUFINQ2ZTLEACYBPPJYZKOXXLILGIDNEIYCRWA
 .text          0x00000000010016ec       0x1c /home/daniel/ncs/330rc2/nrfxlib/mpsl/lib/nrf53/soft-float/libmpsl.a(libmpsl_debug_soft__obfuscated.elf)
                0x00000000010016ec                sym_HDMVO4M24IIKUBW344PSZFWT25OK2Y3PVJE5WRI
 .text          0x0000000001001708       0x30 /home/daniel/ncs/330rc2/nrfxlib/mpsl/lib/nrf53/soft-float/libmpsl.a(libmpsl_debug_soft__obfuscated.elf)
                0x0000000001001708                sym_S4TFNK3WGRXVRRDW5ADPHNU4GFD4F3DVY5ZY6KI
 .text          0x0000000001001738       0x20 /home/daniel/ncs/330rc2/nrfxlib/mpsl/lib/nrf53/soft-float/libmpsl.a(libmpsl_debug_soft__obfuscated.elf)
                0x0000000001001738                sym_CYUDWAUG2VYBNAB2X3MWFN66YIYJWWBK3FINVBY
 .text          0x0000000001001758       0x1c /home/daniel/ncs/330rc2/nrfxlib/mpsl/lib/nrf53/soft-float/libmpsl.a(libmpsl_debug_soft__obfuscated.elf)
                0x0000000001001758                sym_YG3B2TXGZTCM6KBDWLP4S74MKBRFKP2JB24T3HQ
 .text          0x0000000001001774       0x1c /home/daniel/ncs/330rc2/nrfxlib/mpsl/lib/nrf53/soft-float/libmpsl.a(libmpsl_debug_soft__obfuscated.elf)
                0x0000000001001774                sym_E6S7HOMFELNIBFF7WVBBMRGAYP3FKFJEQZB5NWQ
 .text          0x0000000001001790       0x18 /home/daniel/ncs/330rc2/nrfxlib/mpsl/lib/nrf53/soft-float/libmpsl.a(libmpsl_debug_soft__obfuscated.elf)
                0x0000000001001790                MPSL_IRQ_TIMER0_Handler
 .text          0x00000000010017a8       0x18 /home/daniel/ncs/330rc2/nrfxlib/mpsl/lib/nrf53/soft-float/libmpsl.a(libmpsl_debug_soft__obfuscated.elf)
                0x00000000010017a8                MPSL_IRQ_RADIO_Handler
 .text          0x00000000010017c0        0xc /home/daniel/ncs/330rc2/nrfxlib/mpsl/lib/nrf53/soft-float/libmpsl.a(libmpsl_debug_soft__obfuscated.elf)
                0x00000000010017c0                sym_H7CLSHW3BPTUSN7LCXDTWPY3F6XXYV3MEQ2IQLI
 .text          0x00000000010017cc       0x1c /home/daniel/ncs/330rc2/nrfxlib/mpsl/lib/nrf53/soft-float/libmpsl.a(libmpsl_debug_soft__obfuscated.elf)
                0x00000000010017cc                sym_G3XKMK6YL3MTP4PJEB2KZSJIFBUFHOHIA7GBHTY
 .text          0x00000000010017e8       0x1c /home/daniel/ncs/330rc2/nrfxlib/mpsl/lib/nrf53/soft-float/libmpsl.a(libmpsl_debug_soft__obfuscated.elf)
 .text          0x0000000001001804       0x1c /home/daniel/ncs/330rc2/nrfxlib/mpsl/lib/nrf53/soft-float/libmpsl.a(libmpsl_debug_soft__obfuscated.elf)
 .text          0x0000000001001820       0x74 /home/daniel/ncs/330rc2/nrfxlib/mpsl/lib/nrf53/soft-float/libmpsl.a(libmpsl_debug_soft__obfuscated.elf)
 .text          0x0000000001001894       0x10 /home/daniel/ncs/330rc2/nrfxlib/mpsl/lib/nrf53/soft-float/libmpsl.a(libmpsl_debug_soft__obfuscated.elf)
                0x0000000001001894                sym_ZC6NJBPUISWILQK6OTOBMJVVUT63JRIDGH5WNCY
 .text          0x00000000010018a4       0x28 /home/daniel/ncs/330rc2/nrfxlib/mpsl/lib/nrf53/soft-float/libmpsl.a(libmpsl_debug_soft__obfuscated.elf)
                0x00000000010018a4                sym_SFR5TVV24PZRIRC5QGOHL2X436PUHKRY2QWKP5Y
 .text          0x00000000010018cc       0x14 /home/daniel/ncs/330rc2/nrfxlib/mpsl/lib/nrf53/soft-float/libmpsl.a(libmpsl_debug_soft__obfuscated.elf)
                0x00000000010018cc                sym_YIXEQJMC74KOMUIELN7JRBVVVXGKVCXD6BJJPLY
 .text          0x00000000010018e0       0xe4 /home/daniel/ncs/330rc2/nrfxlib/mpsl/lib/nrf53/soft-float/libmpsl.a(libmpsl_debug_soft__obfuscated.elf)
                0x00000000010018e0                sym_JDHOFUMREBDWEIDJYXMJPWHSFHOMYLYNQJSPRFI
 .text          0x00000000010019c4       0x30 /home/daniel/ncs/330rc2/nrfxlib/mpsl/lib/nrf53/soft-float/libmpsl.a(libmpsl_debug_soft__obfuscated.elf)
                0x00000000010019c4                sym_W447CEMR6K6QRW3N63PRPIR7NK6ENOSBFXLCPRQ
 .text          0x00000000010019f4       0x2c /home/daniel/ncs/330rc2/nrfxlib/mpsl/lib/nrf53/soft-float/libmpsl.a(libmpsl_debug_soft__obfuscated.elf)
                0x00000000010019f4                sym_YUVDG5ODI45JFXF2MI2J45OIQTGFR4STYDHP3IA
 .text          0x0000000001001a20       0xec /home/daniel/ncs/330rc2/nrfxlib/mpsl/lib/nrf53/soft-float/libmpsl.a(libmpsl_debug_soft__obfuscated.elf)
                0x0000000001001a20                sym_WBVPSVQ6CYPOTN4U22HRFFY3ALJECB3FCOQILFY
 .text          0x0000000001001b0c       0x10 /home/daniel/ncs/330rc2/nrfxlib/mpsl/lib/nrf53/soft-float/libmpsl.a(libmpsl_debug_soft__obfuscated.elf)
                0x0000000001001b0c                sym_NUK6YCYQAPRYART2WXI76K4M4WFNS4ROZRZYOLA
 .text          0x0000000001001b1c       0x5c /home/daniel/ncs/330rc2/nrfxlib/mpsl/lib/nrf53/soft-float/libmpsl.a(libmpsl_debug_soft__obfuscated.elf)
                0x0000000001001b1c                sym_JDJVBJ5RZTQP4SUZCUDJQCUWRNJJ5325BFBDJBQ
 .text          0x0000000001001b78      0x1a8 /home/daniel/ncs/330rc2/nrfxlib/mpsl/lib/nrf53/soft-float/libmpsl.a(libmpsl_debug_soft__obfuscated.elf)
                0x0000000001001b78                sym_MDIROPJ5CN4EOK522EMBID7TI3QVUPNMDDKEDRA
 .text          0x0000000001001d20       0x24 /home/daniel/ncs/330rc2/nrfxlib/mpsl/lib/nrf53/soft-float/libmpsl.a(libmpsl_debug_soft__obfuscated.elf)
                0x0000000001001d20                sym_AXCLSX5ZESHPV2W4MPD4KGSIC6MNQT6A3I2UDNI
 .text          0x0000000001001d44       0xd0 /home/daniel/ncs/330rc2/nrfxlib/mpsl/lib/nrf53/soft-float/libmpsl.a(libmpsl_debug_soft__obfuscated.elf)
                0x0000000001001d44                sym_4JJF5G6JDH5DHHWGXYULEBA37RWDGSYCSW4GQCA
 .text          0x0000000001001e14       0xdc /home/daniel/ncs/330rc2/nrfxlib/mpsl/lib/nrf53/soft-float/libmpsl.a(libmpsl_debug_soft__obfuscated.elf)
                0x0000000001001e14                sym_GQJZK6O6HQLD66XOBFIMPYL2IHZEM2RHSAX5AXQ
 .text          0x0000000001001ef0      0x274 /home/daniel/ncs/330rc2/nrfxlib/mpsl/lib/nrf53/soft-float/libmpsl.a(libmpsl_debug_soft__obfuscated.elf)
                0x0000000001001ef0                sym_OXF7O7KEVCVLWTVCZQ7QCG5LQEVF5ZV5KG57PFY
 .text          0x0000000001002164        0x4 /home/daniel/ncs/330rc2/nrfxlib/mpsl/lib/nrf53/soft-float/libmpsl.a(libmpsl_debug_soft__obfuscated.elf)
                0x0000000001002164                sym_YWDXY73PQHJ3AGO77EIDMLGUMWE3D7ILUTVNYSI
 .text          0x0000000001002168        0x4 /home/daniel/ncs/330rc2/nrfxlib/mpsl/lib/nrf53/soft-float/libmpsl.a(libmpsl_debug_soft__obfuscated.elf)
                0x0000000001002168                sym_BLYZQX7Q46QDFGD2ZWIOSTSTY6CIW2HSY66YPEQ
 .text          0x000000000100216c       0x10 /home/daniel/ncs/330rc2/nrfxlib/mpsl/lib/nrf53/soft-float/libmpsl.a(libmpsl_debug_soft__obfuscated.elf)
                0x000000000100216c                sym_53QDCYY323GAZ4LCKPG5SCWBP6WXE2TVYFFHUXI
 .text          0x000000000100217c       0x10 /home/daniel/ncs/330rc2/nrfxlib/mpsl/lib/nrf53/soft-float/libmpsl.a(libmpsl_debug_soft__obfuscated.elf)
                0x000000000100217c                sym_IFX47LUD6HWXPW2DRHE2LCAEOQIIP2C2RULGL6Y
 .text          0x000000000100218c       0x2c /home/daniel/ncs/330rc2/nrfxlib/mpsl/lib/nrf53/soft-float/libmpsl.a(libmpsl_debug_soft__obfuscated.elf)
                0x000000000100218c                sym_EC336Q65G3J36PYUB7SGHXXHMHDTOULAOHEJK2I
 .text          0x00000000010021b8      0x108 /home/daniel/ncs/330rc2/nrfxlib/mpsl/lib/nrf53/soft-float/libmpsl.a(libmpsl_debug_soft__obfuscated.elf)
                0x00000000010021b8                MPSL_IRQ_RTC0_Handler
 .text          0x00000000010022c0        0xc /home/daniel/ncs/330rc2/nrfxlib/mpsl/lib/nrf53/soft-float/libmpsl.a(libmpsl_debug_soft__obfuscated.elf)
                0x00000000010022c0                sym_SKFSQME5SGNPYLL7B75KY7PHXFYWSRI2HSTT45A
 .text          0x00000000010022cc       0x18 /home/daniel/ncs/330rc2/nrfxlib/mpsl/lib/nrf53/soft-float/libmpsl.a(libmpsl_debug_soft__obfuscated.elf)
                0x00000000010022cc                sym_4RNEPYYQOFM4LAOGLN2TB27X7L3XBISTGAWYOHQ
 .text          0x00000000010022e4       0x24 /home/daniel/ncs/330rc2/nrfxlib/mpsl/lib/nrf53/soft-float/libmpsl.a(libmpsl_debug_soft__obfuscated.elf)
 .text          0x0000000001002308       0x30 /home/daniel/ncs/330rc2/nrfxlib/mpsl/lib/nrf53/soft-float/libmpsl.a(libmpsl_debug_soft__obfuscated.elf)
 .text          0x0000000001002338       0x30 /home/daniel/ncs/330rc2/nrfxlib/mpsl/lib/nrf53/soft-float/libmpsl.a(libmpsl_debug_soft__obfuscated.elf)
 .text          0x0000000001002368       0x5c /home/daniel/ncs/330rc2/nrfxlib/mpsl/lib/nrf53/soft-float/libmpsl.a(libmpsl_debug_soft__obfuscated.elf)
 .text          0x00000000010023c4       0x14 /home/daniel/ncs/330rc2/nrfxlib/mpsl/lib/nrf53/soft-float/libmpsl.a(libmpsl_debug_soft__obfuscated.elf)
                0x00000000010023c4                sym_4JLKMM32SOXCP6XBYAWZDUIMUJIYXLKKDBOFLHI
 .text          0x00000000010023d8       0x5c /home/daniel/ncs/330rc2/nrfxlib/mpsl/lib/nrf53/soft-float/libmpsl.a(libmpsl_debug_soft__obfuscated.elf)
                0x00000000010023d8                sym_S2UAPMFVIQXDUOA6CV7GJMB33TYHEUH5D6LHO5Q
 .text          0x0000000001002434       0x84 /home/daniel/ncs/330rc2/nrfxlib/mpsl/lib/nrf53/soft-float/libmpsl.a(libmpsl_debug_soft__obfuscated.elf)
                0x0000000001002434                mpsl_init
 .text          0x00000000010024b8       0x28 /home/daniel/ncs/330rc2/nrfxlib/mpsl/lib/nrf53/soft-float/libmpsl.a(libmpsl_debug_soft__obfuscated.elf)
                0x00000000010024b8                sym_XR32KBBIVYD5OVRJM2RBQ57EGCCM2C3F5IY6OHQ
 .text          0x00000000010024e0       0x78 /home/daniel/ncs/330rc2/nrfxlib/mpsl/lib/nrf53/soft-float/libmpsl.a(libmpsl_debug_soft__obfuscated.elf)
                0x00000000010024e0                mpsl_temperature_get
 .text          0x0000000001002558       0x34 /home/daniel/ncs/330rc2/nrfxlib/mpsl/lib/nrf53/soft-float/libmpsl.a(libmpsl_debug_soft__obfuscated.elf)
                0x0000000001002558                sym_W7ROFHNOSDKPIRUKDGIZZ5YR3MC3DAM2YLJOUIA
 .text          0x000000000100258c       0x38 /home/daniel/ncs/330rc2/nrfxlib/mpsl/lib/nrf53/soft-float/libmpsl.a(libmpsl_debug_soft__obfuscated.elf)
                0x000000000100258c                sym_GURZ3AH6X65RGSKYMYNWZVP6HM56LA5MRAQWT6Q
 .text          0x00000000010025c4       0x48 /home/daniel/ncs/330rc2/nrfxlib/mpsl/lib/nrf53/soft-float/libmpsl.a(libmpsl_debug_soft__obfuscated.elf)
                0x00000000010025c4                sym_VWGRUQT3LYZHLYS5KJ7UOCJEHLDJTWH4RVJBGKQ
 .text          0x000000000100260c       0x80 /home/daniel/ncs/330rc2/nrfxlib/mpsl/lib/nrf53/soft-float/libmpsl.a(libmpsl_debug_soft__obfuscated.elf)
                0x000000000100260c                sym_VSILKYHVQ5DVF6LG5MG267DQVA3A2XZQ6FSCLXA
 .text          0x000000000100268c        0xc /home/daniel/ncs/330rc2/nrfxlib/mpsl/lib/nrf53/soft-float/libmpsl.a(libmpsl_debug_soft__obfuscated.elf)
                0x000000000100268c                mpsl_cx_request
 .text          0x0000000001002698        0xc /home/daniel/ncs/330rc2/nrfxlib/mpsl/lib/nrf53/soft-float/libmpsl.a(libmpsl_debug_soft__obfuscated.elf)
                0x0000000001002698                mpsl_cx_release
 .text          0x00000000010026a4        0xc /home/daniel/ncs/330rc2/nrfxlib/mpsl/lib/nrf53/soft-float/libmpsl.a(libmpsl_debug_soft__obfuscated.elf)
                0x00000000010026a4                mpsl_cx_granted_ops_get
 .text          0x00000000010026b0        0xc /home/daniel/ncs/330rc2/nrfxlib/mpsl/lib/nrf53/soft-float/libmpsl.a(libmpsl_debug_soft__obfuscated.elf)
                0x00000000010026b0                mpsl_cx_register_callback
 .text          0x00000000010026bc       0x14 /home/daniel/ncs/330rc2/nrfxlib/mpsl/lib/nrf53/soft-float/libmpsl.a(libmpsl_debug_soft__obfuscated.elf)
                0x00000000010026bc                sym_OW4FCVYV7CD5K552B5EATVXKXK5HNDFX7JEYSUI
 .text          0x00000000010026d0       0x64 /home/daniel/ncs/330rc2/nrfxlib/mpsl/lib/nrf53/soft-float/libmpsl.a(libmpsl_debug_soft__obfuscated.elf)
 .text          0x0000000001002734       0x38 /home/daniel/ncs/330rc2/nrfxlib/mpsl/lib/nrf53/soft-float/libmpsl.a(libmpsl_debug_soft__obfuscated.elf)
 .text          0x000000000100276c       0x54 /home/daniel/ncs/330rc2/nrfxlib/mpsl/lib/nrf53/soft-float/libmpsl.a(libmpsl_debug_soft__obfuscated.elf)
 .text          0x00000000010027c0       0xb0 /home/daniel/ncs/330rc2/nrfxlib/mpsl/lib/nrf53/soft-float/libmpsl.a(libmpsl_debug_soft__obfuscated.elf)
 .text          0x0000000001002870       0xa0 /home/daniel/ncs/330rc2/nrfxlib/mpsl/lib/nrf53/soft-float/libmpsl.a(libmpsl_debug_soft__obfuscated.elf)
 .text          0x0000000001002910       0x60 /home/daniel/ncs/330rc2/nrfxlib/mpsl/lib/nrf53/soft-float/libmpsl.a(libmpsl_debug_soft__obfuscated.elf)
                0x0000000001002910                nrf_raal_init
 .text          0x0000000001002970       0x48 /home/daniel/ncs/330rc2/nrfxlib/mpsl/lib/nrf53/soft-float/libmpsl.a(libmpsl_debug_soft__obfuscated.elf)
                0x0000000001002970                nrf_raal_continuous_mode_exit
 .text          0x00000000010029b8       0x38 /home/daniel/ncs/330rc2/nrfxlib/mpsl/lib/nrf53/soft-float/libmpsl.a(libmpsl_debug_soft__obfuscated.elf)
                0x00000000010029b8                nrf_raal_continuous_ended
 .text          0x00000000010029f0       0x24 /home/daniel/ncs/330rc2/nrfxlib/mpsl/lib/nrf53/soft-float/libmpsl.a(libmpsl_debug_soft__obfuscated.elf)
                0x00000000010029f0                nrf_raal_timeslot_request_with_prio
 .text          0x0000000001002a14       0x60 /home/daniel/ncs/330rc2/nrfxlib/mpsl/lib/nrf53/soft-float/libmpsl.a(libmpsl_debug_soft__obfuscated.elf)
                0x0000000001002a14                nrf_raal_timeslot_us_left_get
 .text          0x0000000001002a74        0xc /home/daniel/ncs/330rc2/nrfxlib/mpsl/lib/nrf53/soft-float/libmpsl.a(libmpsl_debug_soft__obfuscated.elf)
                0x0000000001002a74                sym_AAFBZUDBSN44RWPA7VLGXWDL5UU6IQAP2VTRXLI
 .text          0x0000000001002a80       0x5c /home/daniel/ncs/330rc2/nrfxlib/mpsl/lib/nrf53/soft-float/libmpsl.a(libmpsl_debug_soft__obfuscated.elf)
                0x0000000001002a80                nrf_raal_continuous_mode_enter
 .text          0x0000000001002adc       0x2c /home/daniel/ncs/330rc2/nrfxlib/mpsl/lib/nrf53/soft-float/libmpsl.a(libmpsl_debug_soft__obfuscated.elf)
 .text          0x0000000001002b08       0xf0 /home/daniel/ncs/330rc2/nrfxlib/mpsl/lib/nrf53/soft-float/libmpsl.a(libmpsl_debug_soft__obfuscated.elf)
 .text          0x0000000001002bf8       0xa0 /home/daniel/ncs/toolchains/911f4c5c26/opt/zephyr-sdk/arm-zephyr-eabi/bin/../lib/gcc/arm-zephyr-eabi/12.2.0/thumb/v8-m.main/nofp/libgcc.a(_aeabi_ldivmod.o)
                0x0000000001002bf8                __aeabi_ldivmod
 .text          0x0000000001002c98        0x4 /home/daniel/ncs/toolchains/911f4c5c26/opt/zephyr-sdk/arm-zephyr-eabi/bin/../lib/gcc/arm-zephyr-eabi/12.2.0/thumb/v8-m.main/nofp/libgcc.a(_dvmd_tls.o)
                0x0000000001002c98                __aeabi_ldiv0
                0x0000000001002c98                __aeabi_idiv0
 .text          0x0000000001002c9c        0x4 /home/daniel/ncs/330rc2/nrfxlib/mpsl/fem/common/lib/nrf53/soft-float/libmpsl_fem_common.a(libmpsl_fem_common_debug_soft__obfuscated.elf)
                0x0000000001002c9c                mpsl_fem_init
 .text          0x0000000001002ca0       0x20 /home/daniel/ncs/330rc2/nrfxlib/mpsl/fem/common/lib/nrf53/soft-float/libmpsl_fem_common.a(libmpsl_fem_common_debug_soft__obfuscated.elf)
                0x0000000001002ca0                sym_PX4SKXGNX25XLMGGWQM65ZRFHI6666YGHL6AYMA
 .text          0x0000000001002cc0       0x52 /home/daniel/ncs/330rc2/nrfxlib/mpsl/fem/common/lib/nrf53/soft-float/libmpsl_fem_common.a(libmpsl_fem_common_debug_soft__obfuscated.elf)
                0x0000000001002cc0                nrf_802154_fal_tx_power_split
 .text          0x0000000001002d12        0x6 /home/daniel/ncs/330rc2/nrfxlib/mpsl/fem/common/lib/nrf53/soft-float/libmpsl_fem_common.a(libmpsl_fem_common_debug_soft__obfuscated.elf)
 .text          0x0000000001002d18        0x2 /home/daniel/ncs/330rc2/nrfxlib/mpsl/fem/common/lib/nrf53/soft-float/libmpsl_fem_common.a(libmpsl_fem_common_debug_soft__obfuscated.elf)
 .text          0x0000000001002d1a        0x4 /home/daniel/ncs/330rc2/nrfxlib/mpsl/fem/common/lib/nrf53/soft-float/libmpsl_fem_common.a(libmpsl_fem_common_debug_soft__obfuscated.elf)
 .text          0x0000000001002d1e        0x6 /home/daniel/ncs/330rc2/nrfxlib/mpsl/fem/common/lib/nrf53/soft-float/libmpsl_fem_common.a(libmpsl_fem_common_debug_soft__obfuscated.elf)
 .text          0x0000000001002d24        0x6 /home/daniel/ncs/330rc2/nrfxlib/mpsl/fem/common/lib/nrf53/soft-float/libmpsl_fem_common.a(libmpsl_fem_common_debug_soft__obfuscated.elf)
 .text          0x0000000001002d2a        0x2 /home/daniel/ncs/330rc2/nrfxlib/mpsl/fem/common/lib/nrf53/soft-float/libmpsl_fem_common.a(libmpsl_fem_common_debug_soft__obfuscated.elf)
 .text          0x0000000001002d2c        0x6 /home/daniel/ncs/330rc2/nrfxlib/mpsl/fem/common/lib/nrf53/soft-float/libmpsl_fem_common.a(libmpsl_fem_common_debug_soft__obfuscated.elf)
 .text          0x0000000001002d32        0x4 /home/daniel/ncs/330rc2/nrfxlib/mpsl/fem/common/lib/nrf53/soft-float/libmpsl_fem_common.a(libmpsl_fem_common_debug_soft__obfuscated.elf)
 .text          0x0000000001002d36        0x4 /home/daniel/ncs/330rc2/nrfxlib/mpsl/fem/common/lib/nrf53/soft-float/libmpsl_fem_common.a(libmpsl_fem_common_debug_soft__obfuscated.elf)
 .text          0x0000000001002d3a        0x6 /home/daniel/ncs/330rc2/nrfxlib/mpsl/fem/common/lib/nrf53/soft-float/libmpsl_fem_common.a(libmpsl_fem_common_debug_soft__obfuscated.elf)
 .text          0x0000000001002d40        0xa /home/daniel/ncs/330rc2/nrfxlib/mpsl/fem/common/lib/nrf53/soft-float/libmpsl_fem_common.a(libmpsl_fem_common_debug_soft__obfuscated.elf)
 .text          0x0000000001002d4a        0x6 /home/daniel/ncs/330rc2/nrfxlib/mpsl/fem/common/lib/nrf53/soft-float/libmpsl_fem_common.a(libmpsl_fem_common_debug_soft__obfuscated.elf)
 .text          0x0000000001002d50        0x4 /home/daniel/ncs/330rc2/nrfxlib/mpsl/fem/common/lib/nrf53/soft-float/libmpsl_fem_common.a(libmpsl_fem_common_debug_soft__obfuscated.elf)
 .text          0x0000000001002d54        0x6 /home/daniel/ncs/330rc2/nrfxlib/mpsl/fem/common/lib/nrf53/soft-float/libmpsl_fem_common.a(libmpsl_fem_common_debug_soft__obfuscated.elf)
 .text          0x0000000001002d5a        0x6 /home/daniel/ncs/330rc2/nrfxlib/mpsl/fem/common/lib/nrf53/soft-float/libmpsl_fem_common.a(libmpsl_fem_common_debug_soft__obfuscated.elf)
 .text          0x0000000001002d60        0x2 /home/daniel/ncs/330rc2/nrfxlib/mpsl/fem/common/lib/nrf53/soft-float/libmpsl_fem_common.a(libmpsl_fem_common_debug_soft__obfuscated.elf)
 .text          0x0000000001002d62        0xe /home/daniel/ncs/330rc2/nrfxlib/mpsl/lib/nrf53/soft-float/libmpsl.a(libmpsl_debug_soft__obfuscated.elf)
                0x0000000001002d62                mpsl_tx_power_dbm_to_radio_register_convert
 .text          0x0000000001002d70        0x2 /home/daniel/ncs/330rc2/nrfxlib/mpsl/lib/nrf53/soft-float/libmpsl.a(libmpsl_debug_soft__obfuscated.elf)
                0x0000000001002d70                sym_JBMIQXYLJQQB56KLSIZ2WVKBMEMRZHLRBGLEPTA
 .text          0x0000000001002d72        0x6 /home/daniel/ncs/330rc2/nrfxlib/mpsl/lib/nrf53/soft-float/libmpsl.a(libmpsl_debug_soft__obfuscated.elf)
                0x0000000001002d72                sym_LIY23QT3GHIV7NCGJ6ZW6LB2ZUSI56CIFCL6HUY
 .text          0x0000000001002d78        0x6 /home/daniel/ncs/330rc2/nrfxlib/mpsl/lib/nrf53/soft-float/libmpsl.a(libmpsl_debug_soft__obfuscated.elf)
                0x0000000001002d78                sym_ZA5SDIYL3AVNDD7AHK7E7AUJI3LEYUOUHLD4V7A
 .text          0x0000000001002d7e        0x6 /home/daniel/ncs/330rc2/nrfxlib/mpsl/lib/nrf53/soft-float/libmpsl.a(libmpsl_debug_soft__obfuscated.elf)
                0x0000000001002d7e                sym_BRWWBUSI76W7RNK4752SPUHXUPDEXM36TXJBBPY
 .text          0x0000000001002d84        0x6 /home/daniel/ncs/330rc2/nrfxlib/mpsl/lib/nrf53/soft-float/libmpsl.a(libmpsl_debug_soft__obfuscated.elf)
                0x0000000001002d84                sym_BBMUHPEY4VNB2DKVTP3ESXPAA5CZWI754JPOB6Y
 .text          0x0000000001002d8a        0x2 /home/daniel/ncs/330rc2/nrfxlib/mpsl/lib/nrf53/soft-float/libmpsl.a(libmpsl_debug_soft__obfuscated.elf)
                0x0000000001002d8a                sym_YHVCZX2JW2WJF77BGOWGQVSUJFQZOE2VIV4ZMVI
 .text          0x0000000001002d8c       0x22 /home/daniel/ncs/330rc2/nrfxlib/mpsl/lib/nrf53/soft-float/libmpsl.a(libmpsl_debug_soft__obfuscated.elf)
                0x0000000001002d8c                sym_47MBMNER75N2M6YIZRIF4DAHSAATJOMK3LAIDCY
 .text          0x0000000001002dae       0x4c /home/daniel/ncs/330rc2/nrfxlib/mpsl/lib/nrf53/soft-float/libmpsl.a(libmpsl_debug_soft__obfuscated.elf)
                0x0000000001002dae                sym_V5ILJEYQUHITD7K5U5BVWARUBFYNVMXXWVRAE5Q
 .text          0x0000000001002dfa       0x2a /home/daniel/ncs/330rc2/nrfxlib/mpsl/lib/nrf53/soft-float/libmpsl.a(libmpsl_debug_soft__obfuscated.elf)
                0x0000000001002dfa                sym_NSXBBLQXKUW7767I5GHALYQHXM25IDHCQ7ON6AQ
 .text          0x0000000001002e24        0x4 /home/daniel/ncs/330rc2/nrfxlib/mpsl/lib/nrf53/soft-float/libmpsl.a(libmpsl_debug_soft__obfuscated.elf)
                0x0000000001002e24                mpsl_low_priority_process
 .text          0x0000000001002e28        0x2 /home/daniel/ncs/330rc2/nrfxlib/mpsl/lib/nrf53/soft-float/libmpsl.a(libmpsl_debug_soft__obfuscated.elf)
                0x0000000001002e28                sym_PAD7XREQQORPXRJMXMW2EYVS4S43S42A5D43SBA
 .text          0x0000000001002e2a        0x4 /home/daniel/ncs/330rc2/nrfxlib/mpsl/lib/nrf53/soft-float/libmpsl.a(libmpsl_debug_soft__obfuscated.elf)
                0x0000000001002e2a                sym_PHK7RXLFFTGYQNCW3IEEUVLOAYXWQJQYEN3DT7Y
 .text          0x0000000001002e2e        0xc /home/daniel/ncs/330rc2/nrfxlib/mpsl/lib/nrf53/soft-float/libmpsl.a(libmpsl_debug_soft__obfuscated.elf)
 .text          0x0000000001002e3a        0x4 /home/daniel/ncs/330rc2/nrfxlib/mpsl/lib/nrf53/soft-float/libmpsl.a(libmpsl_debug_soft__obfuscated.elf)
 .text          0x0000000001002e3e        0x8 /home/daniel/ncs/330rc2/nrfxlib/mpsl/lib/nrf53/soft-float/libmpsl.a(libmpsl_debug_soft__obfuscated.elf)
 .text          0x0000000001002e46        0x4 /home/daniel/ncs/330rc2/nrfxlib/mpsl/lib/nrf53/soft-float/libmpsl.a(libmpsl_debug_soft__obfuscated.elf)
 .text          0x0000000001002e4a        0x4 /home/daniel/ncs/330rc2/nrfxlib/mpsl/lib/nrf53/soft-float/libmpsl.a(libmpsl_debug_soft__obfuscated.elf)
 .text          0x0000000001002e4e       0x14 /home/daniel/ncs/toolchains/911f4c5c26/opt/zephyr-sdk/arm-zephyr-eabi/bin/../lib/gcc/../../picolibc/arm-zephyr-eabi/lib/thumb/v8-m.main/nofp/libc.a(strcmp.S.o)
                0x0000000001002e4e                strcmp
 .text          0x0000000001002e62       0x10 /home/daniel/ncs/toolchains/911f4c5c26/opt/zephyr-sdk/arm-zephyr-eabi/bin/../lib/gcc/../../picolibc/arm-zephyr-eabi/lib/thumb/v8-m.main/nofp/libc.a(strlen.S.o)
                0x0000000001002e62                strlen
 .text          0x0000000001002e72      0x29c /home/daniel/ncs/toolchains/911f4c5c26/opt/zephyr-sdk/arm-zephyr-eabi/bin/../lib/gcc/arm-zephyr-eabi/12.2.0/thumb/v8-m.main/nofp/libgcc.a(_udivmoddi4.o)
                0x0000000001002e72                __udivmoddi4
 *(SORT_BY_ALIGNMENT(.text.*))
 *fill*         0x000000000100310e        0x2 
 .text.char_out
                0x0000000001003110        0xc zephyr/libzephyr.a(printk.c.obj)
 .text.vprintk  0x000000000100311c       0x30 zephyr/libzephyr.a(printk.c.obj)
                0x000000000100311c                vprintk
 .text.z_thread_entry
                0x000000000100314c       0x34 zephyr/libzephyr.a(thread_entry.c.obj)
                0x000000000100314c                z_thread_entry
 .text.process_event
                0x0000000001003180      0x21c zephyr/libzephyr.a(onoff.c.obj)
 .text.advertise_ept
                0x000000000100339c       0x44 zephyr/libzephyr.a(ipc_rpmsg_static_vrings.c.obj)
 .text.get_ept  0x00000000010033e0       0x28 zephyr/libzephyr.a(ipc_rpmsg_static_vrings.c.obj)
 .text.open     0x0000000001003408      0x1b0 zephyr/libzephyr.a(ipc_rpmsg_static_vrings.c.obj)
 .text.bound_cb
                0x00000000010035b8       0x30 zephyr/libzephyr.a(ipc_rpmsg_static_vrings.c.obj)
 .text.send     0x00000000010035e8       0x4c zephyr/libzephyr.a(ipc_rpmsg_static_vrings.c.obj)
 .text.register_ept
                0x0000000001003634       0xec zephyr/libzephyr.a(ipc_rpmsg_static_vrings.c.obj)
 .text.deregister_ept
                0x0000000001003720       0x44 zephyr/libzephyr.a(ipc_rpmsg_static_vrings.c.obj)
 .text.ns_bind_cb
                0x0000000001003764       0x6c zephyr/libzephyr.a(ipc_rpmsg.c.obj)
 .text.ipc_rpmsg_register_ept
                0x00000000010037d0       0x3c zephyr/libzephyr.a(ipc_rpmsg.c.obj)
                0x00000000010037d0                ipc_rpmsg_register_ept
 .text.ipc_rpmsg_init
                0x000000000100380c       0x70 zephyr/libzephyr.a(ipc_rpmsg.c.obj)
                0x000000000100380c                ipc_rpmsg_init
 .text.ipc_static_vrings_init
                0x000000000100387c       0xbc zephyr/libzephyr.a(ipc_static_vrings.c.obj)
                0x000000000100387c                ipc_static_vrings_init
 .text.mem_attr_get_regions
                0x0000000001003938        0xc zephyr/libzephyr.a(mem_attr.c.obj)
                0x0000000001003938                mem_attr_get_regions
 .text.ncs_boot_banner
                0x0000000001003944       0x1c zephyr/libzephyr.a(banner.c.obj)
 .text.z_isr_install
                0x0000000001003960       0x1c zephyr/arch/common/libarch__common.a(dynamic_isr.c.obj)
                0x0000000001003960                z_isr_install
 .text.arch_bss_zero
                0x000000000100397c       0x18 zephyr/arch/common/libarch__common.a(init.c.obj)
                0x000000000100397c                arch_bss_zero
 .text.arch_data_copy
                0x0000000001003994       0x38 zephyr/arch/common/libarch__common.a(xip.c.obj)
                0x0000000001003994                arch_data_copy
 .text.z_arm_fatal_error
                0x00000000010039cc       0x60 zephyr/arch/arch/arm/core/libarch__arm__core.a(fatal.c.obj)
                0x00000000010039cc                z_arm_fatal_error
 .text.z_SysNmiOnReset
                0x0000000001003a2c        0x8 zephyr/arch/arch/arm/core/libarch__arm__core.a(nmi_on_reset.S.obj)
                0x0000000001003a2c                z_SysNmiOnReset
 .text.arch_tls_stack_setup
                0x0000000001003a34       0x40 zephyr/arch/arch/arm/core/libarch__arm__core.a(tls.c.obj)
                0x0000000001003a34                arch_tls_stack_setup
 .text._HandlerModeExit
                0x0000000001003a74       0x20 zephyr/arch/arch/arm/core/cortex_m/libarch__arm__core__cortex_m.a(exc_exit.c.obj)
                0x0000000001003a74                z_arm_exc_exit
                0x0000000001003a74                z_arm_int_exit
 .text.usage_fault.constprop.0
                0x0000000001003a94       0xa8 zephyr/arch/arch/arm/core/cortex_m/libarch__arm__core__cortex_m.a(fault.c.obj)
 .text.bus_fault.constprop.0
                0x0000000001003b3c       0xa4 zephyr/arch/arch/arm/core/cortex_m/libarch__arm__core__cortex_m.a(fault.c.obj)
 .text.mem_manage_fault.constprop.0
                0x0000000001003be0       0x9c zephyr/arch/arch/arm/core/cortex_m/libarch__arm__core__cortex_m.a(fault.c.obj)
 .text.z_arm_fault
                0x0000000001003c7c      0x1a0 zephyr/arch/arch/arm/core/cortex_m/libarch__arm__core__cortex_m.a(fault.c.obj)
                0x0000000001003c7c                z_arm_fault
 .text.z_arm_fault_init
                0x0000000001003e1c       0x20 zephyr/arch/arch/arm/core/cortex_m/libarch__arm__core__cortex_m.a(fault.c.obj)
                0x0000000001003e1c                z_arm_fault_init
 .text.__fault  0x0000000001003e3c       0x14 zephyr/arch/arch/arm/core/cortex_m/libarch__arm__core__cortex_m.a(fault_s.S.obj)
                0x0000000001003e3c                z_arm_bus_fault
                0x0000000001003e3c                z_arm_usage_fault
                0x0000000001003e3c                z_arm_mpu_fault
                0x0000000001003e3c                z_arm_exc_spurious
                0x0000000001003e3c                z_arm_debug_monitor
                0x0000000001003e3c                z_arm_hard_fault
 .text._reset_section
                0x0000000001003e50       0x60 zephyr/arch/arch/arm/core/cortex_m/libarch__arm__core__cortex_m.a(reset.S.obj)
                0x0000000001003e50                z_arm_reset
                0x0000000001003e50                __start
 .text.z_arm_clear_arm_mpu_config
                0x0000000001003eb0       0x24 zephyr/arch/arch/arm/core/cortex_m/libarch__arm__core__cortex_m.a(scb.c.obj)
                0x0000000001003eb0                z_arm_clear_arm_mpu_config
 .text.z_arm_init_arch_hw_at_boot
                0x0000000001003ed4       0x4c zephyr/arch/arch/arm/core/cortex_m/libarch__arm__core__cortex_m.a(scb.c.obj)
                0x0000000001003ed4                z_arm_init_arch_hw_at_boot
 .text.z_impl_k_thread_abort
                0x0000000001003f20       0x2c zephyr/arch/arch/arm/core/cortex_m/libarch__arm__core__cortex_m.a(thread_abort.c.obj)
                0x0000000001003f20                z_impl_k_thread_abort
 .text.z_arm_pendsv
                0x0000000001003f4c       0x60 zephyr/arch/arch/arm/core/cortex_m/libarch__arm__core__cortex_m.a(swap_helper.S.obj)
                0x0000000001003f4c                z_arm_pendsv
 .text.z_arm_svc
                0x0000000001003fac       0x24 zephyr/arch/arch/arm/core/cortex_m/libarch__arm__core__cortex_m.a(swap_helper.S.obj)
                0x0000000001003fac                z_arm_svc
 .text.arm_irq_enable
                0x0000000001003fd0       0x1c zephyr/arch/arch/arm/core/cortex_m/libarch__arm__core__cortex_m.a(irq_manage.c.obj)
                0x0000000001003fd0                arm_irq_enable
 .text.arm_irq_disable
                0x0000000001003fec       0x28 zephyr/arch/arch/arm/core/cortex_m/libarch__arm__core__cortex_m.a(irq_manage.c.obj)
                0x0000000001003fec                arm_irq_disable
 .text.arm_irq_is_enabled
                0x0000000001004014       0x1c zephyr/arch/arch/arm/core/cortex_m/libarch__arm__core__cortex_m.a(irq_manage.c.obj)
                0x0000000001004014                arm_irq_is_enabled
 .text.arm_irq_priority_set
                0x0000000001004030       0x34 zephyr/arch/arch/arm/core/cortex_m/libarch__arm__core__cortex_m.a(irq_manage.c.obj)
                0x0000000001004030                arm_irq_priority_set
 .text.relocate_vector_table
                0x0000000001004064       0x1c zephyr/arch/arch/arm/core/cortex_m/libarch__arm__core__cortex_m.a(prep_c.c.obj)
                0x0000000001004064                relocate_vector_table
 .text.arch_new_thread
                0x0000000001004080       0x38 zephyr/arch/arch/arm/core/cortex_m/libarch__arm__core__cortex_m.a(thread.c.obj)
                0x0000000001004080                arch_new_thread
 .text.arch_switch_to_main_thread
                0x00000000010040b8       0x40 zephyr/arch/arch/arm/core/cortex_m/libarch__arm__core__cortex_m.a(thread.c.obj)
                0x00000000010040b8                arch_switch_to_main_thread
 .text.z_arm_cpu_idle_init
                0x00000000010040f8        0xc zephyr/arch/arch/arm/core/cortex_m/libarch__arm__core__cortex_m.a(cpu_idle.c.obj)
                0x00000000010040f8                z_arm_cpu_idle_init
 .text.z_arm_interrupt_init
                0x0000000001004104       0x18 zephyr/arch/arch/arm/core/cortex_m/libarch__arm__core__cortex_m.a(irq_init.c.obj)
                0x0000000001004104                z_arm_interrupt_init
 .text._isr_wrapper
                0x000000000100411c       0x24 zephyr/arch/arch/arm/core/cortex_m/libarch__arm__core__cortex_m.a(isr_wrapper.c.obj)
                0x000000000100411c                _isr_wrapper
 .text.z_arm_configure_static_mpu_regions
                0x0000000001004140       0x38 zephyr/arch/arch/arm/core/mpu/libarch__arm__core__mpu.a(arm_core_mpu.c.obj)
                0x0000000001004140                z_arm_configure_static_mpu_regions
 .text.region_init
                0x0000000001004178       0x34 zephyr/arch/arch/arm/core/mpu/libarch__arm__core__mpu.a(arm_mpu.c.obj)
 .text.region_allocate_and_init
                0x00000000010041ac       0x24 zephyr/arch/arch/arm/core/mpu/libarch__arm__core__mpu.a(arm_mpu.c.obj)
 .text.mpu_configure_regions_and_partition.constprop.0
                0x00000000010041d0      0x148 zephyr/arch/arch/arm/core/mpu/libarch__arm__core__mpu.a(arm_mpu.c.obj)
 .text.arm_core_mpu_enable
                0x0000000001004318       0x18 zephyr/arch/arch/arm/core/mpu/libarch__arm__core__mpu.a(arm_mpu.c.obj)
                0x0000000001004318                arm_core_mpu_enable
 .text.arm_core_mpu_disable
                0x0000000001004330       0x14 zephyr/arch/arch/arm/core/mpu/libarch__arm__core__mpu.a(arm_mpu.c.obj)
                0x0000000001004330                arm_core_mpu_disable
 .text.arm_core_mpu_configure_static_mpu_regions
                0x0000000001004344       0x14 zephyr/arch/arch/arm/core/mpu/libarch__arm__core__mpu.a(arm_mpu.c.obj)
                0x0000000001004344                arm_core_mpu_configure_static_mpu_regions
 .text.arm_core_mpu_mark_areas_for_dynamic_regions
                0x0000000001004358       0xb8 zephyr/arch/arch/arm/core/mpu/libarch__arm__core__mpu.a(arm_mpu.c.obj)
                0x0000000001004358                arm_core_mpu_mark_areas_for_dynamic_regions
 .text.z_arm_mpu_init
                0x0000000001004410      0x160 zephyr/arch/arch/arm/core/mpu/libarch__arm__core__mpu.a(arm_mpu.c.obj)
                0x0000000001004410                z_arm_mpu_init
 .text.abort    0x0000000001004570       0x1c zephyr/lib/libc/common/liblib__libc__common.a(abort.c.obj)
                0x0000000001004570                abort
 .text.malloc_prepare
                0x000000000100458c       0x24 zephyr/lib/libc/common/liblib__libc__common.a(malloc.c.obj)
 .text.rtc_pretick_finish_previous
                0x00000000010045b0       0x24 zephyr/soc/soc/nrf5340/libsoc__nordic.a(soc.c.obj)
 .text.z_arm_on_enter_cpu_idle_prepare
                0x00000000010045d4       0xfc zephyr/soc/soc/nrf5340/libsoc__nordic.a(soc.c.obj)
                0x00000000010045d4                z_arm_on_enter_cpu_idle_prepare
 .text.z_arm_on_enter_cpu_idle
                0x00000000010046d0       0x9c zephyr/soc/soc/nrf5340/libsoc__nordic.a(soc.c.obj)
                0x00000000010046d0                z_arm_on_enter_cpu_idle
 .text.soc_early_init_hook
                0x000000000100476c       0x10 zephyr/soc/soc/nrf5340/libsoc__nordic.a(soc.c.obj)
                0x000000000100476c                soc_early_init_hook
 .text.soc_late_init_hook
                0x000000000100477c       0x98 zephyr/soc/soc/nrf5340/libsoc__nordic.a(soc.c.obj)
                0x000000000100477c                soc_late_init_hook
 .text.gppi_init
                0x0000000001004814       0x1c zephyr/soc/soc/nrf5340/libsoc__nordic.a(gppi_init.c.obj)
 .text.onoff_stop
                0x0000000001004830       0x30 zephyr/drivers/clock_control/libdrivers__clock_control.a(clock_control_nrf.c.obj)
 .text.onoff_start
                0x0000000001004860       0x44 zephyr/drivers/clock_control/libdrivers__clock_control.a(clock_control_nrf.c.obj)
 .text.clk_init
                0x00000000010048a4       0x58 zephyr/drivers/clock_control/libdrivers__clock_control.a(clock_control_nrf.c.obj)
 .text.api_blocking_start
                0x00000000010048fc       0x34 zephyr/drivers/clock_control/libdrivers__clock_control.a(clock_control_nrf.c.obj)
 .text.generic_hfclk_stop
                0x0000000001004930       0x34 zephyr/drivers/clock_control/libdrivers__clock_control.a(clock_control_nrf.c.obj)
 .text.clkstarted_handle.constprop.0
                0x0000000001004964       0x4c zephyr/drivers/clock_control/libdrivers__clock_control.a(clock_control_nrf.c.obj)
 .text.generic_hfclk_start
                0x00000000010049b0       0x7c zephyr/drivers/clock_control/libdrivers__clock_control.a(clock_control_nrf.c.obj)
 .text.clock_event_handler
                0x0000000001004a2c       0x1c zephyr/drivers/clock_control/libdrivers__clock_control.a(clock_control_nrf.c.obj)
 .text.z_nrf_clock_control_lf_on
                0x0000000001004a48       0xf4 zephyr/drivers/clock_control/libdrivers__clock_control.a(clock_control_nrf.c.obj)
                0x0000000001004a48                z_nrf_clock_control_lf_on
 .text.random_byte_get
                0x0000000001004b3c       0x3c zephyr/drivers/entropy/libdrivers__entropy.a(entropy_nrf5.c.obj)
 .text.rng_pool_get
                0x0000000001004b78       0x88 zephyr/drivers/entropy/libdrivers__entropy.a(entropy_nrf5.c.obj)
 .text.entropy_nrf5_get_entropy_isr
                0x0000000001004c00       0xa8 zephyr/drivers/entropy/libdrivers__entropy.a(entropy_nrf5.c.obj)
 .text.entropy_nrf5_get_entropy
                0x0000000001004ca8       0x58 zephyr/drivers/entropy/libdrivers__entropy.a(entropy_nrf5.c.obj)
 .text.entropy_nrf5_init
                0x0000000001004d00       0x6c zephyr/drivers/entropy/libdrivers__entropy.a(entropy_nrf5.c.obj)
 .text.isr      0x0000000001004d6c       0x74 zephyr/drivers/entropy/libdrivers__entropy.a(entropy_nrf5.c.obj)
 .text.gpio_nrfx_pin_interrupt_configure
                0x0000000001004de0      0x108 zephyr/drivers/gpio/libdrivers__gpio.a(gpio_nrfx.c.obj)
 .text.nrfx_gpio_handler
                0x0000000001004ee8       0x4c zephyr/drivers/gpio/libdrivers__gpio.a(gpio_nrfx.c.obj)
 .text.gpio_nrfx_init
                0x0000000001004f34       0x3c zephyr/drivers/gpio/libdrivers__gpio.a(gpio_nrfx.c.obj)
 .text.gpio_nrfx_pin_configure
                0x0000000001004f70      0x180 zephyr/drivers/gpio/libdrivers__gpio.a(gpio_nrfx.c.obj)
 .text.mbox_nrf_init
                0x00000000010050f0       0x6c zephyr/drivers/mbox/libdrivers__mbox.a(mbox_nrfx_ipc.c.obj)
 .text.compare_int_lock
                0x000000000100515c       0x40 zephyr/drivers/timer/libdrivers__timer.a(nrf_rtc_timer.c.obj)
 .text.sys_clock_timeout_handler
                0x000000000100519c       0x48 zephyr/drivers/timer/libdrivers__timer.a(nrf_rtc_timer.c.obj)
 .text.compare_int_unlock
                0x00000000010051e4       0x4c zephyr/drivers/timer/libdrivers__timer.a(nrf_rtc_timer.c.obj)
 .text.z_nrf_rtc_timer_compare_evt_address_get
                0x0000000001005230       0x10 zephyr/drivers/timer/libdrivers__timer.a(nrf_rtc_timer.c.obj)
                0x0000000001005230                z_nrf_rtc_timer_compare_evt_address_get
 .text.z_nrf_rtc_timer_abort
                0x0000000001005240       0x58 zephyr/drivers/timer/libdrivers__timer.a(nrf_rtc_timer.c.obj)
                0x0000000001005240                z_nrf_rtc_timer_abort
 .text.z_nrf_rtc_timer_read
                0x0000000001005298       0x44 zephyr/drivers/timer/libdrivers__timer.a(nrf_rtc_timer.c.obj)
                0x0000000001005298                z_nrf_rtc_timer_read
 .text.compare_set
                0x00000000010052dc      0x124 zephyr/drivers/timer/libdrivers__timer.a(nrf_rtc_timer.c.obj)
 .text.sys_clock_driver_init
                0x0000000001005400       0xb4 zephyr/drivers/timer/libdrivers__timer.a(nrf_rtc_timer.c.obj)
 .text.rtc_nrf_isr
                0x00000000010054b4       0xf4 zephyr/drivers/timer/libdrivers__timer.a(nrf_rtc_timer.c.obj)
                0x00000000010054b4                rtc_nrf_isr
 .text.z_nrf_rtc_timer_chan_alloc
                0x00000000010055a8       0x3c zephyr/drivers/timer/libdrivers__timer.a(nrf_rtc_timer.c.obj)
                0x00000000010055a8                z_nrf_rtc_timer_chan_alloc
 .text.sys_clock_set_timeout
                0x00000000010055e4       0x5c zephyr/drivers/timer/libdrivers__timer.a(nrf_rtc_timer.c.obj)
                0x00000000010055e4                sys_clock_set_timeout
 .text.sys_clock_elapsed
                0x0000000001005640       0x14 zephyr/drivers/timer/libdrivers__timer.a(nrf_rtc_timer.c.obj)
                0x0000000001005640                sys_clock_elapsed
 .text.multithreading_lock_acquire
                0x0000000001005654       0x10 modules/nrf/lib/multithreading_lock/lib..__nrf__lib__multithreading_lock.a(multithreading_lock.c.obj)
                0x0000000001005654                multithreading_lock_acquire
 .text.multithreading_lock_release
                0x0000000001005664        0xc modules/nrf/lib/multithreading_lock/lib..__nrf__lib__multithreading_lock.a(multithreading_lock.c.obj)
                0x0000000001005664                multithreading_lock_release
 .text.m_assert_handler
                0x0000000001005670       0x44 modules/nrf/subsys/mpsl/init/lib..__nrf__subsys__mpsl__init.a(mpsl_init.c.obj)
 .text.mpsl_lib_init_sys
                0x00000000010056b4       0x58 modules/nrf/subsys/mpsl/init/lib..__nrf__subsys__mpsl__init.a(mpsl_init.c.obj)
 .text.mpsl_low_prio_irq_handler
                0x000000000100570c       0x10 modules/nrf/subsys/mpsl/init/lib..__nrf__subsys__mpsl__init.a(mpsl_init.c.obj)
 .text.mpsl_low_prio_init
                0x000000000100571c       0x4c modules/nrf/subsys/mpsl/init/lib..__nrf__subsys__mpsl__init.a(mpsl_init.c.obj)
 .text.mpsl_hfclk_src_callback
                0x0000000001005768       0x10 modules/nrf/drivers/mpsl/clock_control/lib..__nrf__drivers__mpsl__clock_control.a(nrfx_clock_mpsl.c.obj)
 .text.nrfx_clock_lfclk_start
                0x0000000001005778        0xc modules/nrf/drivers/mpsl/clock_control/lib..__nrf__drivers__mpsl__clock_control.a(nrfx_clock_mpsl.c.obj)
                0x0000000001005778                nrfx_clock_lfclk_start
 .text.nrfx_clock_start
                0x0000000001005784       0x20 modules/nrf/drivers/mpsl/clock_control/lib..__nrf__drivers__mpsl__clock_control.a(nrfx_clock_mpsl.c.obj)
                0x0000000001005784                nrfx_clock_start
 .text.nrfx_clock_init
                0x00000000010057a4        0xc modules/nrf/drivers/mpsl/clock_control/lib..__nrf__drivers__mpsl__clock_control.a(nrfx_clock_mpsl.c.obj)
                0x00000000010057a4                nrfx_clock_init
 .text.temp_nrf5_mpsl_channel_get
                0x00000000010057b0       0x3c modules/nrf/drivers/mpsl/temp_nrf5/lib..__nrf__drivers__mpsl__temp_nrf5.a(temp_nrf5_mpsl.c.obj)
 .text.nrf_802154_random_init
                0x00000000010057ec       0x24 modules/hal_nordic/modules/hal_nordic/nrf_802154/libnrf-802154-platform.a(nrf_802154_random_zephyr.c.obj)
                0x00000000010057ec                nrf_802154_random_init
 .text.nrf_802154_random_get
                0x0000000001005810       0x18 modules/hal_nordic/modules/hal_nordic/nrf_802154/libnrf-802154-platform.a(nrf_802154_random_zephyr.c.obj)
                0x0000000001005810                nrf_802154_random_get
 .text.nrf_802154_irq_set_pending
                0x0000000001005828       0x20 modules/hal_nordic/modules/hal_nordic/nrf_802154/libnrf-802154-platform.a(nrf_802154_irq_zephyr.c.obj)
                0x0000000001005828                nrf_802154_irq_set_pending
 .text.nrf_802154_irq_clear_pending
                0x0000000001005848       0x20 modules/hal_nordic/modules/hal_nordic/nrf_802154/libnrf-802154-platform.a(nrf_802154_irq_zephyr.c.obj)
                0x0000000001005848                nrf_802154_irq_clear_pending
 .text.nrf_802154_irq_priority_get
                0x0000000001005868       0x24 modules/hal_nordic/modules/hal_nordic/nrf_802154/libnrf-802154-platform.a(nrf_802154_irq_zephyr.c.obj)
                0x0000000001005868                nrf_802154_irq_priority_get
 .text.temperature_update_init
                0x000000000100588c       0x24 modules/hal_nordic/modules/hal_nordic/nrf_802154/libnrf-802154-platform.a(nrf_802154_temperature_zephyr.c.obj)
 .text.work_handler
                0x00000000010058b0       0x4c modules/hal_nordic/modules/hal_nordic/nrf_802154/libnrf-802154-platform.a(nrf_802154_temperature_zephyr.c.obj)
 .text.nrf_802154_temperature_get
                0x00000000010058fc        0xc modules/hal_nordic/modules/hal_nordic/nrf_802154/libnrf-802154-platform.a(nrf_802154_temperature_zephyr.c.obj)
                0x00000000010058fc                nrf_802154_temperature_get
 .text.spinel_packet_send_thread_fn
                0x0000000001005908       0x60 modules/hal_nordic/modules/hal_nordic/nrf_802154/libnrf-802154-platform.a(nrf_802154_spinel_backend_ipc.c.obj)
 .text.endpoint_bound
                0x0000000001005968        0xc modules/hal_nordic/modules/hal_nordic/nrf_802154/libnrf-802154-platform.a(nrf_802154_spinel_backend_ipc.c.obj)
 .text.nrf_802154_backend_init
                0x0000000001005974       0x48 modules/hal_nordic/modules/hal_nordic/nrf_802154/libnrf-802154-platform.a(nrf_802154_spinel_backend_ipc.c.obj)
                0x0000000001005974                nrf_802154_backend_init
 .text.nrf_802154_spinel_encoded_packet_send
                0x00000000010059bc       0x74 modules/hal_nordic/modules/hal_nordic/nrf_802154/libnrf-802154-platform.a(nrf_802154_spinel_backend_ipc.c.obj)
                0x00000000010059bc                nrf_802154_spinel_encoded_packet_send
 .text.nrf_802154_spinel_response_notifier_init
                0x0000000001005a30       0x18 modules/hal_nordic/modules/hal_nordic/nrf_802154/libnrf-802154-platform.a(nrf_802154_spinel_response_notifier.c.obj)
                0x0000000001005a30                nrf_802154_spinel_response_notifier_init
 .text.nrf_802154_hp_timer_init
                0x0000000001005a48       0x28 modules/hal_nordic/modules/hal_nordic/nrf_802154/libnrf-802154-platform.a(nrf_802154_hp_timer.c.obj)
                0x0000000001005a48                nrf_802154_hp_timer_init
 .text.nrf_802154_hp_timer_start
                0x0000000001005a70        0xc modules/hal_nordic/modules/hal_nordic/nrf_802154/libnrf-802154-platform.a(nrf_802154_hp_timer.c.obj)
                0x0000000001005a70                nrf_802154_hp_timer_start
 .text.nrf_802154_hp_timer_stop
                0x0000000001005a7c        0xc modules/hal_nordic/modules/hal_nordic/nrf_802154/libnrf-802154-platform.a(nrf_802154_hp_timer.c.obj)
                0x0000000001005a7c                nrf_802154_hp_timer_stop
 .text.nrf_802154_hp_timer_sync_task_get
                0x0000000001005a88        0x8 modules/hal_nordic/modules/hal_nordic/nrf_802154/libnrf-802154-platform.a(nrf_802154_hp_timer.c.obj)
                0x0000000001005a88                nrf_802154_hp_timer_sync_task_get
 .text.nrf_802154_hp_timer_sync_prepare
                0x0000000001005a90       0x20 modules/hal_nordic/modules/hal_nordic/nrf_802154/libnrf-802154-platform.a(nrf_802154_hp_timer.c.obj)
                0x0000000001005a90                nrf_802154_hp_timer_sync_prepare
 .text.nrf_802154_hp_timer_sync_time_get
                0x0000000001005ab0       0x28 modules/hal_nordic/modules/hal_nordic/nrf_802154/libnrf-802154-platform.a(nrf_802154_hp_timer.c.obj)
                0x0000000001005ab0                nrf_802154_hp_timer_sync_time_get
 .text.nrf_802154_hp_timer_timestamp_task_get
                0x0000000001005ad8        0x8 modules/hal_nordic/modules/hal_nordic/nrf_802154/libnrf-802154-platform.a(nrf_802154_hp_timer.c.obj)
                0x0000000001005ad8                nrf_802154_hp_timer_timestamp_task_get
 .text.nrf_802154_hp_timer_timestamp_get
                0x0000000001005ae0        0xc modules/hal_nordic/modules/hal_nordic/nrf_802154/libnrf-802154-platform.a(nrf_802154_hp_timer.c.obj)
                0x0000000001005ae0                nrf_802154_hp_timer_timestamp_get
 .text.hw_task_rtc_timer_abort
                0x0000000001005aec       0x30 modules/hal_nordic/modules/hal_nordic/nrf_802154/libnrf-802154-platform.a(nrf_802154_platform_sl_lptimer_zephyr.c.obj)
 .text.timer_handler
                0x0000000001005b1c       0x20 modules/hal_nordic/modules/hal_nordic/nrf_802154/libnrf-802154-platform.a(nrf_802154_platform_sl_lptimer_zephyr.c.obj)
                0x0000000001005b1c                timer_handler
 .text.sync_timer_handler
                0x0000000001005b3c       0x20 modules/hal_nordic/modules/hal_nordic/nrf_802154/libnrf-802154-platform.a(nrf_802154_platform_sl_lptimer_zephyr.c.obj)
                0x0000000001005b3c                sync_timer_handler
 .text.nrf_802154_platform_sl_lp_timer_init
                0x0000000001005b5c       0x54 modules/hal_nordic/modules/hal_nordic/nrf_802154/libnrf-802154-platform.a(nrf_802154_platform_sl_lptimer_zephyr.c.obj)
                0x0000000001005b5c                nrf_802154_platform_sl_lp_timer_init
 .text.nrf_802154_platform_sl_lptimer_schedule_at
                0x0000000001005bb0       0x10 modules/hal_nordic/modules/hal_nordic/nrf_802154/libnrf-802154-platform.a(nrf_802154_platform_sl_lptimer_zephyr.c.obj)
                0x0000000001005bb0                nrf_802154_platform_sl_lptimer_schedule_at
 .text.nrf_802154_platform_sl_lptimer_disable
                0x0000000001005bc0        0xc modules/hal_nordic/modules/hal_nordic/nrf_802154/libnrf-802154-platform.a(nrf_802154_platform_sl_lptimer_zephyr.c.obj)
                0x0000000001005bc0                nrf_802154_platform_sl_lptimer_disable
 .text.nrf_802154_platform_sl_lptimer_critical_section_enter
                0x0000000001005bcc       0x38 modules/hal_nordic/modules/hal_nordic/nrf_802154/libnrf-802154-platform.a(nrf_802154_platform_sl_lptimer_zephyr.c.obj)
                0x0000000001005bcc                nrf_802154_platform_sl_lptimer_critical_section_enter
 .text.nrf_802154_platform_sl_lptimer_critical_section_exit
                0x0000000001005c04       0x40 modules/hal_nordic/modules/hal_nordic/nrf_802154/libnrf-802154-platform.a(nrf_802154_platform_sl_lptimer_zephyr.c.obj)
                0x0000000001005c04                nrf_802154_platform_sl_lptimer_critical_section_exit
 .text.nrf_802154_platform_sl_lptimer_sync_schedule_now
                0x0000000001005c44       0x1c modules/hal_nordic/modules/hal_nordic/nrf_802154/libnrf-802154-platform.a(nrf_802154_platform_sl_lptimer_zephyr.c.obj)
                0x0000000001005c44                nrf_802154_platform_sl_lptimer_sync_schedule_now
 .text.nrf_802154_platform_sl_lptimer_sync_schedule_at
                0x0000000001005c60       0x10 modules/hal_nordic/modules/hal_nordic/nrf_802154/libnrf-802154-platform.a(nrf_802154_platform_sl_lptimer_zephyr.c.obj)
                0x0000000001005c60                nrf_802154_platform_sl_lptimer_sync_schedule_at
 .text.nrf_802154_platform_sl_lptimer_sync_abort
                0x0000000001005c70        0xc modules/hal_nordic/modules/hal_nordic/nrf_802154/libnrf-802154-platform.a(nrf_802154_platform_sl_lptimer_zephyr.c.obj)
                0x0000000001005c70                nrf_802154_platform_sl_lptimer_sync_abort
 .text.nrf_802154_platform_sl_lptimer_sync_event_get
                0x0000000001005c7c        0xc modules/hal_nordic/modules/hal_nordic/nrf_802154/libnrf-802154-platform.a(nrf_802154_platform_sl_lptimer_zephyr.c.obj)
                0x0000000001005c7c                nrf_802154_platform_sl_lptimer_sync_event_get
 .text.nrf_802154_platform_sl_lptimer_sync_lpticks_get
                0x0000000001005c88        0xc modules/hal_nordic/modules/hal_nordic/nrf_802154/libnrf-802154-platform.a(nrf_802154_platform_sl_lptimer_zephyr.c.obj)
                0x0000000001005c88                nrf_802154_platform_sl_lptimer_sync_lpticks_get
 .text.nrf_802154_platform_sl_lptimer_hw_task_prepare
                0x0000000001005c94      0x1cc modules/hal_nordic/modules/hal_nordic/nrf_802154/libnrf-802154-platform.a(nrf_802154_platform_sl_lptimer_zephyr.c.obj)
                0x0000000001005c94                nrf_802154_platform_sl_lptimer_hw_task_prepare
 .text.nrf_802154_platform_sl_lptimer_hw_task_cleanup
                0x0000000001005e60       0x54 modules/hal_nordic/modules/hal_nordic/nrf_802154/libnrf-802154-platform.a(nrf_802154_platform_sl_lptimer_zephyr.c.obj)
                0x0000000001005e60                nrf_802154_platform_sl_lptimer_hw_task_cleanup
 .text.nrf_802154_platform_sl_lptimer_hw_task_update_ppi
                0x0000000001005eb4       0x78 modules/hal_nordic/modules/hal_nordic/nrf_802154/libnrf-802154-platform.a(nrf_802154_platform_sl_lptimer_zephyr.c.obj)
                0x0000000001005eb4                nrf_802154_platform_sl_lptimer_hw_task_update_ppi
 .text.nrf_802154_init
                0x0000000001005f2c       0x5c modules/nrfxlib/nrf_802154/nrf_802154/driver/libnrf-802154-driver.a(nrf_802154.c.obj)
                0x0000000001005f2c                nrf_802154_init
 .text.nrf_802154_transmit_raw
                0x0000000001005f88       0x40 modules/nrfxlib/nrf_802154/nrf_802154/driver/libnrf-802154-driver.a(nrf_802154.c.obj)
                0x0000000001005f88                nrf_802154_transmit_raw
 .text.nrf_802154_transmit_csma_ca_raw
                0x0000000001005fc8       0x40 modules/nrfxlib/nrf_802154/nrf_802154/driver/libnrf-802154-driver.a(nrf_802154.c.obj)
                0x0000000001005fc8                nrf_802154_transmit_csma_ca_raw
 .text.nrf_802154_received_raw
                0x0000000001006008       0x28 modules/nrfxlib/nrf_802154/nrf_802154/driver/libnrf-802154-driver.a(nrf_802154.c.obj)
                0x0000000001006008                nrf_802154_received_raw
 .text.rx_buffer_is_available
                0x0000000001006030       0x14 modules/nrfxlib/nrf_802154/nrf_802154/driver/libnrf-802154-driver.a(nrf_802154_core.c.obj)
 .text.rx_buffer_get
                0x0000000001006044       0x14 modules/nrfxlib/nrf_802154/nrf_802154/driver/libnrf-802154-driver.a(nrf_802154_core.c.obj)
 .text.min_required_rsch_prio
                0x0000000001006058       0x3c modules/nrfxlib/nrf_802154/nrf_802154/driver/libnrf-802154-driver.a(nrf_802154_core.c.obj)
 .text.are_preconditions_met
                0x0000000001006094       0x24 modules/nrfxlib/nrf_802154/nrf_802154/driver/libnrf-802154-driver.a(nrf_802154_core.c.obj)
 .text.tx_client_failed_notify
                0x00000000010060b8       0x30 modules/nrfxlib/nrf_802154/nrf_802154/driver/libnrf-802154-driver.a(nrf_802154_core.c.obj)
 .text.receive_failed_notify
                0x00000000010060e8       0x20 modules/nrfxlib/nrf_802154/nrf_802154/driver/libnrf-802154-driver.a(nrf_802154_core.c.obj)
 .text.received_frame_notify_and_nesting_allow
                0x0000000001006108       0x28 modules/nrfxlib/nrf_802154/nrf_802154/driver/libnrf-802154-driver.a(nrf_802154_core.c.obj)
 .text.state_set
                0x0000000001006130        0xc modules/nrfxlib/nrf_802154/nrf_802154/driver/libnrf-802154-driver.a(nrf_802154_core.c.obj)
 .text.transmit_failed_notify
                0x000000000100613c       0x24 modules/nrfxlib/nrf_802154/nrf_802154/driver/libnrf-802154-driver.a(nrf_802154_core.c.obj)
 .text.rx_data_clear
                0x0000000001006160       0x28 modules/nrfxlib/nrf_802154/nrf_802154/driver/libnrf-802154-driver.a(nrf_802154_core.c.obj)
 .text.critical_section_can_be_processed_now
                0x0000000001006188       0x20 modules/nrfxlib/nrf_802154/nrf_802154/driver/libnrf-802154-driver.a(nrf_802154_core.c.obj)
 .text.on_rx_prestarted_timeout
                0x00000000010061a8       0x54 modules/nrfxlib/nrf_802154/nrf_802154/driver/libnrf-802154-driver.a(nrf_802154_core.c.obj)
 .text.cca_init
                0x00000000010061fc       0x28 modules/nrfxlib/nrf_802154/nrf_802154/driver/libnrf-802154-driver.a(nrf_802154_core.c.obj)
 .text.transmitted_frame_notify
                0x0000000001006224       0x7c modules/nrfxlib/nrf_802154/nrf_802154/driver/libnrf-802154-driver.a(nrf_802154_core.c.obj)
 .text.rx_init_free_buffer_find_and_update.part.0
                0x00000000010062a0       0x4c modules/nrfxlib/nrf_802154/nrf_802154/driver/libnrf-802154-driver.a(nrf_802154_core.c.obj)
 .text.rx_init  0x00000000010062ec       0x84 modules/nrfxlib/nrf_802154/nrf_802154/driver/libnrf-802154-driver.a(nrf_802154_core.c.obj)
 .text.tx_init  0x0000000001006370       0xc4 modules/nrfxlib/nrf_802154/nrf_802154/driver/libnrf-802154-driver.a(nrf_802154_core.c.obj)
 .text.ed_init  0x0000000001006434       0x50 modules/nrfxlib/nrf_802154/nrf_802154/driver/libnrf-802154-driver.a(nrf_802154_core.c.obj)
 .text.on_bad_ack
                0x0000000001006484       0x34 modules/nrfxlib/nrf_802154/nrf_802154/driver/libnrf-802154-driver.a(nrf_802154_core.c.obj)
 .text.operation_terminated_notify
                0x00000000010064b8       0xc8 modules/nrfxlib/nrf_802154/nrf_802154/driver/libnrf-802154-driver.a(nrf_802154_core.c.obj)
 .text.current_operation_terminate
                0x0000000001006580       0xbc modules/nrfxlib/nrf_802154/nrf_802154/driver/libnrf-802154-driver.a(nrf_802154_core.c.obj)
 .text.core_sleep
                0x000000000100663c       0x2c modules/nrfxlib/nrf_802154/nrf_802154/driver/libnrf-802154-driver.a(nrf_802154_core.c.obj)
 .text.core_receive
                0x0000000001006668       0x68 modules/nrfxlib/nrf_802154/nrf_802154/driver/libnrf-802154-driver.a(nrf_802154_core.c.obj)
 .text.nrf_802154_rsch_crit_sect_prio_changed
                0x00000000010066d0      0x1f4 modules/nrfxlib/nrf_802154/nrf_802154/driver/libnrf-802154-driver.a(nrf_802154_core.c.obj)
                0x00000000010066d0                nrf_802154_rsch_crit_sect_prio_changed
 .text.nrf_802154_trx_receive_ack_started
                0x00000000010068c4       0x1c modules/nrfxlib/nrf_802154/nrf_802154/driver/libnrf-802154-driver.a(nrf_802154_core.c.obj)
                0x00000000010068c4                nrf_802154_trx_receive_ack_started
 .text.nrf_802154_trx_receive_ack_phr_received
                0x00000000010068e0       0x30 modules/nrfxlib/nrf_802154/nrf_802154/driver/libnrf-802154-driver.a(nrf_802154_core.c.obj)
                0x00000000010068e0                nrf_802154_trx_receive_ack_phr_received
 .text.nrf_802154_trx_receive_frame_prestarted
                0x0000000001006910       0xa0 modules/nrfxlib/nrf_802154/nrf_802154/driver/libnrf-802154-driver.a(nrf_802154_core.c.obj)
                0x0000000001006910                nrf_802154_trx_receive_frame_prestarted
 .text.nrf_802154_trx_receive_frame_started
                0x00000000010069b0       0x74 modules/nrfxlib/nrf_802154/nrf_802154/driver/libnrf-802154-driver.a(nrf_802154_core.c.obj)
                0x00000000010069b0                nrf_802154_trx_receive_frame_started
 .text.nrf_802154_trx_receive_frame_bcmatched
                0x0000000001006a24      0x18c modules/nrfxlib/nrf_802154/nrf_802154/driver/libnrf-802154-driver.a(nrf_802154_core.c.obj)
                0x0000000001006a24                nrf_802154_trx_receive_frame_bcmatched
 .text.nrf_802154_trx_receive_frame_crcerror
                0x0000000001006bb0       0x54 modules/nrfxlib/nrf_802154/nrf_802154/driver/libnrf-802154-driver.a(nrf_802154_core.c.obj)
                0x0000000001006bb0                nrf_802154_trx_receive_frame_crcerror
 .text.nrf_802154_trx_receive_ack_crcerror
                0x0000000001006c04       0x1c modules/nrfxlib/nrf_802154/nrf_802154/driver/libnrf-802154-driver.a(nrf_802154_core.c.obj)
                0x0000000001006c04                nrf_802154_trx_receive_ack_crcerror
 .text.nrf_802154_trx_receive_frame_received
                0x0000000001006c20      0x1c0 modules/nrfxlib/nrf_802154/nrf_802154/driver/libnrf-802154-driver.a(nrf_802154_core.c.obj)
                0x0000000001006c20                nrf_802154_trx_receive_frame_received
 .text.nrf_802154_trx_transmit_frame_started
                0x0000000001006de0       0x78 modules/nrfxlib/nrf_802154/nrf_802154/driver/libnrf-802154-driver.a(nrf_802154_core.c.obj)
                0x0000000001006de0                nrf_802154_trx_transmit_frame_started
 .text.nrf_802154_trx_transmit_ack_started
                0x0000000001006e58       0x68 modules/nrfxlib/nrf_802154/nrf_802154/driver/libnrf-802154-driver.a(nrf_802154_core.c.obj)
                0x0000000001006e58                nrf_802154_trx_transmit_ack_started
 .text.nrf_802154_trx_transmit_ack_transmitted
                0x0000000001006ec0       0x30 modules/nrfxlib/nrf_802154/nrf_802154/driver/libnrf-802154-driver.a(nrf_802154_core.c.obj)
                0x0000000001006ec0                nrf_802154_trx_transmit_ack_transmitted
 .text.nrf_802154_trx_transmit_frame_transmitted
                0x0000000001006ef0       0xb8 modules/nrfxlib/nrf_802154/nrf_802154/driver/libnrf-802154-driver.a(nrf_802154_core.c.obj)
                0x0000000001006ef0                nrf_802154_trx_transmit_frame_transmitted
 .text.nrf_802154_trx_receive_ack_received
                0x0000000001006fa8      0x128 modules/nrfxlib/nrf_802154/nrf_802154/driver/libnrf-802154-driver.a(nrf_802154_core.c.obj)
                0x0000000001006fa8                nrf_802154_trx_receive_ack_received
 .text.nrf_802154_trx_transmit_frame_ccaidle
                0x00000000010070d0       0x70 modules/nrfxlib/nrf_802154/nrf_802154/driver/libnrf-802154-driver.a(nrf_802154_core.c.obj)
                0x00000000010070d0                nrf_802154_trx_transmit_frame_ccaidle
 .text.nrf_802154_trx_transmit_frame_ccabusy
                0x0000000001007140       0x40 modules/nrfxlib/nrf_802154/nrf_802154/driver/libnrf-802154-driver.a(nrf_802154_core.c.obj)
                0x0000000001007140                nrf_802154_trx_transmit_frame_ccabusy
 .text.nrf_802154_trx_energy_detection_finished
                0x0000000001007180       0x84 modules/nrfxlib/nrf_802154/nrf_802154/driver/libnrf-802154-driver.a(nrf_802154_core.c.obj)
                0x0000000001007180                nrf_802154_trx_energy_detection_finished
 .text.nrf_802154_core_init
                0x0000000001007204       0x3c modules/nrfxlib/nrf_802154/nrf_802154/driver/libnrf-802154-driver.a(nrf_802154_core.c.obj)
                0x0000000001007204                nrf_802154_core_init
 .text.nrf_802154_core_sleep
                0x0000000001007240       0x30 modules/nrfxlib/nrf_802154/nrf_802154/driver/libnrf-802154-driver.a(nrf_802154_core.c.obj)
                0x0000000001007240                nrf_802154_core_sleep
 .text.nrf_802154_core_receive
                0x0000000001007270       0x54 modules/nrfxlib/nrf_802154/nrf_802154/driver/libnrf-802154-driver.a(nrf_802154_core.c.obj)
                0x0000000001007270                nrf_802154_core_receive
 .text.nrf_802154_core_transmit
                0x00000000010072c4      0x110 modules/nrfxlib/nrf_802154/nrf_802154/driver/libnrf-802154-driver.a(nrf_802154_core.c.obj)
                0x00000000010072c4                nrf_802154_core_transmit
 .text.nrf_802154_core_ack_timeout_handle
                0x00000000010073d4       0x74 modules/nrfxlib/nrf_802154/nrf_802154/driver/libnrf-802154-driver.a(nrf_802154_core.c.obj)
                0x00000000010073d4                nrf_802154_core_ack_timeout_handle
 .text.nrf_802154_core_energy_detection
                0x0000000001007448       0x48 modules/nrfxlib/nrf_802154/nrf_802154/driver/libnrf-802154-driver.a(nrf_802154_core.c.obj)
                0x0000000001007448                nrf_802154_core_energy_detection
 .text.nrf_802154_core_notify_buffer_free
                0x0000000001007490       0x4c modules/nrfxlib/nrf_802154/nrf_802154/driver/libnrf-802154-driver.a(nrf_802154_core.c.obj)
                0x0000000001007490                nrf_802154_core_notify_buffer_free
 .text.nrf_802154_core_channel_update
                0x00000000010074dc       0x48 modules/nrfxlib/nrf_802154/nrf_802154/driver/libnrf-802154-driver.a(nrf_802154_core.c.obj)
                0x00000000010074dc                nrf_802154_core_channel_update
 .text.nrf_802154_core_cca_cfg_update
                0x0000000001007524       0x20 modules/nrfxlib/nrf_802154/nrf_802154/driver/libnrf-802154-driver.a(nrf_802154_core.c.obj)
                0x0000000001007524                nrf_802154_core_cca_cfg_update
 .text.nrf_802154_core_rssi_measure
                0x0000000001007544       0x38 modules/nrfxlib/nrf_802154/nrf_802154/driver/libnrf-802154-driver.a(nrf_802154_core.c.obj)
                0x0000000001007544                nrf_802154_core_rssi_measure
 .text.nrf_802154_core_last_rssi_measurement_get
                0x000000000100757c       0x44 modules/nrfxlib/nrf_802154/nrf_802154/driver/libnrf-802154-driver.a(nrf_802154_core.c.obj)
                0x000000000100757c                nrf_802154_core_last_rssi_measurement_get
 .text.nrf_802154_core_antenna_update
                0x00000000010075c0       0x20 modules/nrfxlib/nrf_802154/nrf_802154/driver/libnrf-802154-driver.a(nrf_802154_core.c.obj)
                0x00000000010075c0                nrf_802154_core_antenna_update
 .text.nrf_802154_core_hooks_terminate
                0x00000000010075e0       0x28 modules/nrfxlib/nrf_802154/nrf_802154/driver/libnrf-802154-driver.a(nrf_802154_core_hooks.c.obj)
                0x00000000010075e0                nrf_802154_core_hooks_terminate
 .text.nrf_802154_critical_section_init
                0x0000000001007608       0x18 modules/nrfxlib/nrf_802154/nrf_802154/driver/libnrf-802154-driver.a(nrf_802154_critical_section.c.obj)
                0x0000000001007608                nrf_802154_critical_section_init
 .text.nrf_802154_critical_section_exit
                0x0000000001007620       0x54 modules/nrfxlib/nrf_802154/nrf_802154/driver/libnrf-802154-driver.a(nrf_802154_critical_section.c.obj)
                0x0000000001007620                nrf_802154_critical_section_exit
 .text.nrf_802154_critical_section_nesting_deny
                0x0000000001007674       0x28 modules/nrfxlib/nrf_802154/nrf_802154/driver/libnrf-802154-driver.a(nrf_802154_critical_section.c.obj)
                0x0000000001007674                nrf_802154_critical_section_nesting_deny
 .text.nrf_802154_critical_section_active_vector_priority_get
                0x000000000100769c       0x4c modules/nrfxlib/nrf_802154/nrf_802154/driver/libnrf-802154-driver.a(nrf_802154_critical_section.c.obj)
                0x000000000100769c                nrf_802154_critical_section_active_vector_priority_get
 .text.critical_section_enter
                0x00000000010076e8       0x60 modules/nrfxlib/nrf_802154/nrf_802154/driver/libnrf-802154-driver.a(nrf_802154_critical_section.c.obj)
 .text.nrf_802154_critical_section_nesting_allow
                0x0000000001007748       0x30 modules/nrfxlib/nrf_802154/nrf_802154/driver/libnrf-802154-driver.a(nrf_802154_critical_section.c.obj)
                0x0000000001007748                nrf_802154_critical_section_nesting_allow
 .text.ntf_push
                0x0000000001007778       0x44 modules/nrfxlib/nrf_802154/nrf_802154/driver/libnrf-802154-driver.a(nrf_802154_notification_swi.c.obj)
 .text.swi_notify_received
                0x00000000010077bc       0x3c modules/nrfxlib/nrf_802154/nrf_802154/driver/libnrf-802154-driver.a(nrf_802154_notification_swi.c.obj)
                0x00000000010077bc                swi_notify_received
 .text.swi_notify_receive_failed
                0x00000000010077f8       0x4c modules/nrfxlib/nrf_802154/nrf_802154/driver/libnrf-802154-driver.a(nrf_802154_notification_swi.c.obj)
                0x00000000010077f8                swi_notify_receive_failed
 .text.swi_notify_transmitted
                0x0000000001007844       0x48 modules/nrfxlib/nrf_802154/nrf_802154/driver/libnrf-802154-driver.a(nrf_802154_notification_swi.c.obj)
                0x0000000001007844                swi_notify_transmitted
 .text.swi_notify_transmit_failed
                0x000000000100788c       0x50 modules/nrfxlib/nrf_802154/nrf_802154/driver/libnrf-802154-driver.a(nrf_802154_notification_swi.c.obj)
                0x000000000100788c                swi_notify_transmit_failed
 .text.swi_notify_energy_detected
                0x00000000010078dc       0x38 modules/nrfxlib/nrf_802154/nrf_802154/driver/libnrf-802154-driver.a(nrf_802154_notification_swi.c.obj)
                0x00000000010078dc                swi_notify_energy_detected
 .text.swi_notify_energy_detection_failed
                0x0000000001007914       0x34 modules/nrfxlib/nrf_802154/nrf_802154/driver/libnrf-802154-driver.a(nrf_802154_notification_swi.c.obj)
                0x0000000001007914                swi_notify_energy_detection_failed
 .text.swi_notify_cca
                0x0000000001007948       0x34 modules/nrfxlib/nrf_802154/nrf_802154/driver/libnrf-802154-driver.a(nrf_802154_notification_swi.c.obj)
                0x0000000001007948                swi_notify_cca
 .text.swi_notify_cca_failed
                0x000000000100797c       0x34 modules/nrfxlib/nrf_802154/nrf_802154/driver/libnrf-802154-driver.a(nrf_802154_notification_swi.c.obj)
                0x000000000100797c                swi_notify_cca_failed
 .text.nrf_802154_notification_init
                0x00000000010079b0       0x24 modules/nrfxlib/nrf_802154/nrf_802154/driver/libnrf-802154-driver.a(nrf_802154_notification_swi.c.obj)
                0x00000000010079b0                nrf_802154_notification_init
 .text.nrf_802154_notification_swi_irq_handler