Archive member included to satisfy reference by file (symbol)

platform/libplatform_s.a(system_nrf5340_application.o)
                              secure_fw/CMakeFiles/tfm_s.dir/__/platform/ext/target/nordic_nrf/common/core/startup.o (SystemInit)
platform/libplatform_s.a(tfm_hal_spm_logdev_peripheral.o)
                              secure_fw/CMakeFiles/tfm_s.dir/__/lib/tfm_vprintf/src/tfm_vprintf.o (tfm_hal_output_spm_log)
platform/libplatform_s.a(exception_info.o)
                              secure_fw/CMakeFiles/tfm_s.dir/__/platform/ext/target/nordic_nrf/common/core/startup_nrf5340.o (store_and_dump_context)
platform/libplatform_s.a(uart_stdout.o)
                              platform/libplatform_s.a(tfm_hal_spm_logdev_peripheral.o) (stdio_output_string)
platform/libplatform_s.a(Driver_USART.o)
                              platform/libplatform_s.a(uart_stdout.o) (Driver_USART1)
platform/libplatform_s.a(nrfx_uarte.o)
                              platform/libplatform_s.a(Driver_USART.o) (nrfx_uarte_init)
platform/libplatform_s.a(nrfx_glue.o)
                              platform/libplatform_s.a(nrfx_uarte.o) (nrfx_critical_section_enter)
secure_fw/partitions/lib/runtime/libtfm_sprt.a(crt_memmove.o)
                              platform/libplatform_s.a(nrfx_uarte.o) (memmove)
secure_fw/partitions/lib/runtime/libtfm_sprt.a(crt_memcpy.o)
                              secure_fw/CMakeFiles/tfm_s.dir/__/platform/ext/common/picolibc.o (memcpy)
secure_fw/partitions/lib/runtime/libtfm_sprt.a(crt_memset.o)
                              secure_fw/CMakeFiles/tfm_s.dir/__/platform/ext/common/picolibc.o (memset)
secure_fw/partitions/lib/runtime/libtfm_sprt.a(psa_api_ipc.o)
                              secure_fw/CMakeFiles/tfm_s.dir/partitions/ns_agent_tz/psa_api_veneers_v80m.o (psa_framework_version)
secure_fw/partitions/lib/runtime/libtfm_sprt.a(sprt_partition_metadata_indicator.o)
                              secure_fw/partitions/lib/runtime/libtfm_sprt.a(psa_api_ipc.o) (p_partition_metadata)
secure_fw/spm/libtfm_spm.a(utilities.o)
                              secure_fw/CMakeFiles/tfm_s.dir/__/platform/ext/target/nordic_nrf/common/core/startup.o (tfm_core_panic)
secure_fw/spm/libtfm_spm.a(spm_log.o)
                              secure_fw/CMakeFiles/tfm_s.dir/__/lib/tfm_vprintf/src/tfm_vprintf.o (spm_log_msgval)
secure_fw/spm/libtfm_spm.a(main.o)
                              secure_fw/CMakeFiles/tfm_s.dir/__/platform/ext/common/picolibc.o (main)
secure_fw/spm/libtfm_spm.a(tfm_arch_v8m_main.o)
                              secure_fw/spm/libtfm_spm.a(main.o) (tfm_arch_set_secure_exception_priorities)
secure_fw/spm/libtfm_spm.a(ns_agent_tz_v80m.o)
                              secure_fw/CMakeFiles/tfm_s.dir/partitions/ns_agent_tz/load_info_ns_agent_tz.o (ns_agent_tz_main)
secure_fw/spm/libtfm_spm.a(tfm_hal_isolation.o)
                              secure_fw/spm/libtfm_spm.a(main.o) (tfm_hal_set_up_static_boundaries)
secure_fw/spm/libtfm_spm.a(faults.o)
                              secure_fw/CMakeFiles/tfm_s.dir/__/platform/ext/target/nordic_nrf/common/core/startup_nrf5340.o (SPU_IRQHandler)
secure_fw/spm/libtfm_spm.a(target_cfg.o)
                              secure_fw/spm/libtfm_spm.a(tfm_hal_isolation.o) (memory_regions)
secure_fw/spm/libtfm_spm.a(target_cfg_53_91.o)
                              secure_fw/spm/libtfm_spm.a(tfm_hal_isolation.o) (sau_and_idau_cfg)
secure_fw/spm/libtfm_spm.a(secure_peripherals_defs.o)
                              secure_fw/spm/libtfm_spm.a(tfm_hal_isolation.o) (tfm_peripheral_uarte1)
secure_fw/spm/libtfm_spm.a(tfm_boot_data.o)
                              secure_fw/spm/libtfm_spm.a(main.o) (tfm_core_validate_boot_data)
secure_fw/spm/libtfm_spm.a(spm_ipc.o)
                              secure_fw/spm/libtfm_spm.a(tfm_boot_data.o) (tfm_spm_partition_get_running_partition_id)
secure_fw/spm/libtfm_spm.a(rom_loader.o)
                              secure_fw/spm/libtfm_spm.a(spm_ipc.o) (load_a_partition_assuredly)
secure_fw/spm/libtfm_spm.a(backend_ipc.o)
                              secure_fw/spm/libtfm_spm.a(spm_ipc.o) (partition_listhead)
secure_fw/spm/libtfm_spm.a(tfm_svcalls.o)
                              secure_fw/spm/libtfm_spm.a(tfm_arch_v8m_main.o) (spm_svc_handler)
secure_fw/spm/libtfm_spm.a(thread.o)
                              secure_fw/spm/libtfm_spm.a(tfm_boot_data.o) (p_curr_thrd)
secure_fw/spm/libtfm_spm.a(tfm_spm_ns_ctx.o)
                              secure_fw/spm/libtfm_spm.a(backend_ipc.o) (tz_ns_agent_register_client_id_range)
secure_fw/spm/libtfm_spm.a(spm_connection_pool.o)
                              secure_fw/spm/libtfm_spm.a(spm_ipc.o) (connection_to_handle)
secure_fw/spm/libtfm_spm.a(tfm_hal_platform_common.o)
                              secure_fw/spm/libtfm_spm.a(tfm_spm_ns_ctx.o) (tfm_hal_get_ns_VTOR)
secure_fw/spm/libtfm_spm.a(tfm_arch.o)
[...]
Memory Configuration

Name             Origin             Length             Attributes
FLASH            0x0000000000000000 0x0000000000050000 xr
RAM              0x0000000020000000 0x0000000000030000 rw
*default*        0x0000000000000000 0xffffffffffffffff

Linker script and memory map

LOAD secure_fw/CMakeFiles/tfm_s.dir/partitions/ns_agent_tz/psa_api_veneers_v80m.o
LOAD secure_fw/CMakeFiles/tfm_s.dir/__/platform/ext/target/nordic_nrf/common/core/startup.o
LOAD secure_fw/CMakeFiles/tfm_s.dir/__/platform/ext/target/nordic_nrf/common/core/startup_nrf5340.o
LOAD secure_fw/CMakeFiles/tfm_s.dir/__/platform/ext/common/faults.o
LOAD secure_fw/CMakeFiles/tfm_s.dir/__/generated/secure_fw/partitions/crypto/auto_generated/load_info_tfm_crypto.o
LOAD secure_fw/CMakeFiles/tfm_s.dir/__/generated/secure_fw/partitions/protected_storage/auto_generated/load_info_tfm_protected_storage.o
LOAD secure_fw/CMakeFiles/tfm_s.dir/__/generated/secure_fw/partitions/internal_trusted_storage/auto_generated/load_info_tfm_internal_trusted_storage.o
LOAD secure_fw/CMakeFiles/tfm_s.dir/__/generated/secure_fw/partitions/platform/auto_generated/load_info_tfm_platform.o
LOAD secure_fw/CMakeFiles/tfm_s.dir/partitions/ns_agent_tz/load_info_ns_agent_tz.o
LOAD secure_fw/CMakeFiles/tfm_s.dir/__/platform/ext/common/picolibc.o
LOAD secure_fw/CMakeFiles/tfm_s.dir/__/platform/ext/common/syscalls_stub.o
LOAD secure_fw/CMakeFiles/tfm_s.dir/__/lib/tfm_vprintf/src/tfm_vprintf.o
LOAD platform/libplatform_s.a
LOAD secure_fw/partitions/lib/runtime/libtfm_sprt.a
LOAD secure_fw/spm/libtfm_spm.a
LOAD secure_fw/partitions/crypto/libtfm_psa_rot_partition_crypto.a
LOAD platform/libplatform_crypto_keys.a
LOAD secure_fw/partitions/crypto/mbedcrypto/nrf_security_src/libcrypto_service_mbedcrypto.a
LOAD secure_fw/partitions/protected_storage/libtfm_app_rot_partition_ps.a
LOAD secure_fw/partitions/internal_trusted_storage/libtfm_psa_rot_partition_its.a
LOAD secure_fw/partitions/platform/libtfm_psa_rot_partition_platform.a
LOAD secure_fw/partitions/lib/runtime/libtfm_sp_log.a
LOAD secure_fw/partitions/crypto/mbedcrypto/nrf_security_src/libmbedcrypto_base.a
LOAD secure_fw/partitions/crypto/mbedcrypto/nrf_security_src/core/nrf_oberon/libpsa_core.a
LOAD secure_fw/partitions/crypto/mbedcrypto/nrf_security_src/libnrf_security_utils.a
LOAD secure_fw/partitions/crypto/mbedcrypto/nrf_security_src/drivers/nrf_oberon/liboberon_psa_driver.a
LOAD /home/daniel/ncs/330rc2/nrfxlib/crypto/nrf_oberon/lib/cortex-m33/hard-float/liboberon_mbedtls_3.0.19.a
LOAD platform/libplatform_s.a
LOAD secure_fw/partitions/lib/runtime/libtfm_sprt.a
LOAD secure_fw/spm/libtfm_spm.a
LOAD secure_fw/partitions/crypto/libtfm_psa_rot_partition_crypto.a
LOAD platform/libplatform_crypto_keys.a
LOAD secure_fw/partitions/crypto/mbedcrypto/nrf_security_src/libcrypto_service_mbedcrypto.a
LOAD secure_fw/partitions/protected_storage/libtfm_app_rot_partition_ps.a
LOAD secure_fw/partitions/internal_trusted_storage/libtfm_psa_rot_partition_its.a
LOAD secure_fw/partitions/platform/libtfm_psa_rot_partition_platform.a
LOAD secure_fw/partitions/lib/runtime/libtfm_sp_log.a
LOAD secure_fw/partitions/crypto/mbedcrypto/nrf_security_src/libmbedcrypto_base.a
LOAD secure_fw/partitions/crypto/mbedcrypto/nrf_security_src/core/nrf_oberon/libpsa_core.a
LOAD secure_fw/partitions/crypto/mbedcrypto/nrf_security_src/libnrf_security_utils.a
LOAD secure_fw/partitions/crypto/mbedcrypto/nrf_security_src/drivers/nrf_oberon/liboberon_psa_driver.a
LOAD /home/daniel/ncs/330rc2/nrfxlib/crypto/nrf_oberon/lib/cortex-m33/hard-float/liboberon_mbedtls_3.0.19.a
LOAD platform/libplatform_s.a
LOAD secure_fw/partitions/lib/runtime/libtfm_sprt.a
LOAD secure_fw/spm/libtfm_spm.a
LOAD secure_fw/partitions/crypto/libtfm_psa_rot_partition_crypto.a
LOAD platform/libplatform_crypto_keys.a
LOAD secure_fw/partitions/crypto/mbedcrypto/nrf_security_src/libcrypto_service_mbedcrypto.a
LOAD secure_fw/partitions/protected_storage/libtfm_app_rot_partition_ps.a
LOAD secure_fw/partitions/internal_trusted_storage/libtfm_psa_rot_partition_its.a
LOAD secure_fw/partitions/platform/libtfm_psa_rot_partition_platform.a
LOAD secure_fw/partitions/lib/runtime/libtfm_sp_log.a
LOAD secure_fw/partitions/crypto/mbedcrypto/nrf_security_src/libmbedcrypto_base.a
LOAD secure_fw/partitions/crypto/mbedcrypto/nrf_security_src/core/nrf_oberon/libpsa_core.a
LOAD secure_fw/partitions/crypto/mbedcrypto/nrf_security_src/libnrf_security_utils.a
LOAD secure_fw/partitions/crypto/mbedcrypto/nrf_security_src/drivers/nrf_oberon/liboberon_psa_driver.a
LOAD /home/daniel/ncs/330rc2/nrfxlib/crypto/nrf_oberon/lib/cortex-m33/hard-float/liboberon_mbedtls_3.0.19.a
LOAD /home/daniel/ncs/330rc2/nrfxlib/crypto/nrf_cc312_platform/lib/cortex-m33/hard-float/no-interrupts/libnrf_cc312_platform_0.9.19.a
LOAD /home/daniel/ncs/330rc2/nrfxlib/crypto/nrf_oberon/lib/cortex-m33/hard-float/liboberon_3.0.19.a
START GROUP
LOAD /home/daniel/ncs/toolchains/911f4c5c26/opt/zephyr-sdk/arm-zephyr-eabi/bin/../lib/gcc/arm-zephyr-eabi/12.2.0/thumb/v8-m.main+fp/hard/libgcc.a
START GROUP
LOAD /home/daniel/ncs/toolchains/911f4c5c26/opt/zephyr-sdk/arm-zephyr-eabi/bin/../lib/gcc/arm-zephyr-eabi/12.2.0/thumb/v8-m.main+fp/hard/libgcc.a
LOAD /home/daniel/ncs/toolchains/911f4c5c26/opt/zephyr-sdk/arm-zephyr-eabi/bin/../lib/gcc/../../picolibc/arm-zephyr-eabi/lib/thumb/v8-m.main+fp/hard/libc.a
END GROUP
END GROUP
                0x0000000000000800                __msp_stack_size__ = 0x800
                0x0000000000000000                Image$$PT_RO_START$$Base = ADDR (.TFM_VECTORS)

.TFM_VECTORS    0x0000000000000000      0x154
                0x0000000000000000                __vectors_start__ = .
 *(.vectors)
 .vectors       0x0000000000000000      0x154 secure_fw/CMakeFiles/tfm_s.dir/__/platform/ext/target/nordic_nrf/common/core/startup_nrf5340.o
                0x0000000000000000                __Vectors
                0x0000000000000154                . = ALIGN (0x4)
                0x0000000000000154                __vectors_end__ = .
                0x0000000000000001                ASSERT ((__vectors_start__ != __vectors_end__), .vectors should not be empty)
                0x0000000000000001                ASSERT ((. <= (ADDR (.TFM_VECTORS) + 0x154)), .TFM_VECTORS section size overflow.)
                0x0000000000000154                . = (ADDR (.TFM_VECTORS) + 0x154)

.TFM_SP_LOAD_LIST
                0x0000000000000154      0x188
 *(.part_load_priority_00)
 .part_load_priority_00
                0x0000000000000154       0x38 secure_fw/CMakeFiles/tfm_s.dir/partitions/ns_agent_tz/load_info_ns_agent_tz.o
                0x0000000000000154                tfm_sp_ns_agent_tz_load
 *(.part_load_priority_01)
 *(.part_load_priority_02)
 .part_load_priority_02
                0x000000000000018c       0x54 secure_fw/CMakeFiles/tfm_s.dir/__/generated/secure_fw/partitions/crypto/auto_generated/load_info_tfm_crypto.o
                0x000000000000018c                tfm_sp_crypto_load
 .part_load_priority_02
                0x00000000000001e0       0x5c secure_fw/CMakeFiles/tfm_s.dir/__/generated/secure_fw/partitions/protected_storage/auto_generated/load_info_tfm_protected_storage.o
                0x00000000000001e0                tfm_sp_ps_load
 .part_load_priority_02
                0x000000000000023c       0x50 secure_fw/CMakeFiles/tfm_s.dir/__/generated/secure_fw/partitions/internal_trusted_storage/auto_generated/load_info_tfm_internal_trusted_storage.o
                0x000000000000023c                tfm_sp_its_load
 .part_load_priority_02
                0x000000000000028c       0x50 secure_fw/CMakeFiles/tfm_s.dir/__/generated/secure_fw/partitions/platform/auto_generated/load_info_tfm_platform.o
                0x000000000000028c                tfm_sp_platform_load
 *(.part_load_priority_03)
                0x0000000000000154                Image$$TFM_SP_LOAD_LIST$$RO$$Base = ADDR (.TFM_SP_LOAD_LIST)
                0x00000000000002dc                Image$$TFM_SP_LOAD_LIST$$RO$$Limit = (ADDR (.TFM_SP_LOAD_LIST) + SIZEOF (.TFM_SP_LOAD_LIST))
                0x00000000000002e0                . = ALIGN (0x20)
                0x00000000000002e0                Image$$TFM_PSA_CODE_START$$Base = .

.TFM_PSA_ROT_LINKER
                0x00000000000002e0     0x5400
 *tfm_psa_rot_partition*:(SORT_BY_ALIGNMENT(.text*))
 .text.tfm_crypto_set_scratch_owner
                0x00000000000002e0       0x28 secure_fw/partitions/crypto/libtfm_psa_rot_partition_crypto.a(crypto_init.o)
 .text.tfm_crypto_get_scratch_owner
                0x0000000000000308       0x28 secure_fw/partitions/crypto/libtfm_psa_rot_partition_crypto.a(crypto_init.o)
 .text.tfm_crypto_alloc_scratch
                0x0000000000000330       0x78 secure_fw/partitions/crypto/libtfm_psa_rot_partition_crypto.a(crypto_init.o)
 .text.tfm_crypto_clear_scratch
                0x00000000000003a8       0x3c secure_fw/partitions/crypto/libtfm_psa_rot_partition_crypto.a(crypto_init.o)
 .text.tfm_crypto_api_dispatcher
                0x00000000000003e4      0x190 secure_fw/partitions/crypto/libtfm_psa_rot_partition_crypto.a(crypto_init.o)
 .text.memset_operation_context
                0x0000000000000574       0x30 secure_fw/partitions/crypto/libtfm_psa_rot_partition_crypto.a(crypto_alloc.o)
 .text.tfm_crypto_init_alloc
                0x00000000000005a4       0x1c secure_fw/partitions/crypto/libtfm_psa_rot_partition_crypto.a(crypto_alloc.o)
                0x00000000000005a4                tfm_crypto_init_alloc
 .text.tfm_crypto_operation_alloc
                0x00000000000005c0       0xdc secure_fw/partitions/crypto/libtfm_psa_rot_partition_crypto.a(crypto_alloc.o)
                0x00000000000005c0                tfm_crypto_operation_alloc
 .text.tfm_crypto_operation_release
                0x000000000000069c       0xd0 secure_fw/partitions/crypto/libtfm_psa_rot_partition_crypto.a(crypto_alloc.o)
                0x000000000000069c                tfm_crypto_operation_release
 .text.tfm_crypto_operation_lookup
                0x000000000000076c       0xb8 secure_fw/partitions/crypto/libtfm_psa_rot_partition_crypto.a(crypto_alloc.o)
                0x000000000000076c                tfm_crypto_operation_lookup
 .text.tfm_crypto_cipher_interface
                0x0000000000000824      0x2f8 secure_fw/partitions/crypto/libtfm_psa_rot_partition_crypto.a(crypto_cipher.o)
                0x0000000000000824                tfm_crypto_cipher_interface
 .text.tfm_crypto_hash_interface
                0x0000000000000b1c      0x2d8 secure_fw/partitions/crypto/libtfm_psa_rot_partition_crypto.a(crypto_hash.o)
                0x0000000000000b1c                tfm_crypto_hash_interface
 .text.tfm_crypto_mac_interface
                0x0000000000000df4      0x2b0 secure_fw/partitions/crypto/libtfm_psa_rot_partition_crypto.a(crypto_mac.o)
                0x0000000000000df4                tfm_crypto_mac_interface
 .text.tfm_crypto_aead_interface
                0x00000000000010a4      0x4b8 secure_fw/partitions/crypto/libtfm_psa_rot_partition_crypto.a(crypto_aead.o)
                0x00000000000010a4                tfm_crypto_aead_interface
 .text.tfm_crypto_key_derivation_interface
                0x000000000000155c      0x2e4 secure_fw/partitions/crypto/libtfm_psa_rot_partition_crypto.a(crypto_key_derivation.o)
                0x000000000000155c                tfm_crypto_key_derivation_interface
 .text.tfm_crypto_key_management_interface
                0x0000000000001840      0x2bc secure_fw/partitions/crypto/libtfm_psa_rot_partition_crypto.a(crypto_key_management.o)
                0x0000000000001840                tfm_crypto_key_management_interface
 .text.tfm_crypto_library_get_info
                0x0000000000001afc       0x1c secure_fw/partitions/crypto/libtfm_psa_rot_partition_crypto.a(crypto_library.o)
                0x0000000000001afc                tfm_crypto_library_get_info
 .text.tfm_crypto_core_library_init
                0x0000000000001b18       0x24 secure_fw/partitions/crypto/libtfm_psa_rot_partition_crypto.a(crypto_library.o)
                0x0000000000001b18                tfm_crypto_core_library_init
 .text.tfm_its_set_req
                0x0000000000001b3c       0x8c secure_fw/partitions/internal_trusted_storage/libtfm_psa_rot_partition_its.a(tfm_its_req_mngr.o)
 .text.tfm_its_get_req
                0x0000000000001bc8       0x94 secure_fw/partitions/internal_trusted_storage/libtfm_psa_rot_partition_its.a(tfm_its_req_mngr.o)
 .text.tfm_internal_trusted_storage_service_sfn
                0x0000000000001c5c       0x60 secure_fw/partitions/internal_trusted_storage/libtfm_psa_rot_partition_its.a(tfm_its_req_mngr.o)
                0x0000000000001c5c                tfm_internal_trusted_storage_service_sfn
 .text.its_req_mngr_read
                0x0000000000001cbc       0x28 secure_fw/partitions/internal_trusted_storage/libtfm_psa_rot_partition_its.a(tfm_its_req_mngr.o)
                0x0000000000001cbc                its_req_mngr_read
 .text.its_req_mngr_write
                0x0000000000001ce4       0x24 secure_fw/partitions/internal_trusted_storage/libtfm_psa_rot_partition_its.a(tfm_its_req_mngr.o)
                0x0000000000001ce4                its_req_mngr_write
 .text.get_fs_ctx
                0x0000000000001d08       0x2c secure_fw/partitions/internal_trusted_storage/libtfm_psa_rot_partition_its.a(tfm_internal_trusted_storage.o)
 .text.init_its_fs_cfg
                0x0000000000001d34       0x80 secure_fw/partitions/internal_trusted_storage/libtfm_psa_rot_partition_its.a(tfm_internal_trusted_storage.o)
 .text.init_ps_fs_cfg
                0x0000000000001db4       0x80 secure_fw/partitions/internal_trusted_storage/libtfm_psa_rot_partition_its.a(tfm_internal_trusted_storage.o)
 .text.tfm_its_init
                0x0000000000001e34       0xe4 secure_fw/partitions/internal_trusted_storage/libtfm_psa_rot_partition_its.a(tfm_internal_trusted_storage.o)
                0x0000000000001e34                tfm_its_init
 .text.get_file_info
                0x0000000000001f18       0x60 secure_fw/partitions/internal_trusted_storage/libtfm_psa_rot_partition_its.a(tfm_internal_trusted_storage.o)
 .text.tfm_its_write_data_to_fs
                0x0000000000001f78       0x44 secure_fw/partitions/internal_trusted_storage/libtfm_psa_rot_partition_its.a(tfm_internal_trusted_storage.o)
 .text.tfm_its_set
                0x0000000000001fbc       0xd8 secure_fw/partitions/internal_trusted_storage/libtfm_psa_rot_partition_its.a(tfm_internal_trusted_storage.o)
                0x0000000000001fbc                tfm_its_set
 .text.tfm_its_get_plain
                0x0000000000002094       0x74 secure_fw/partitions/internal_trusted_storage/libtfm_psa_rot_partition_its.a(tfm_internal_trusted_storage.o)
 .text.tfm_its_get
                0x0000000000002108       0x74 secure_fw/partitions/internal_trusted_storage/libtfm_psa_rot_partition_its.a(tfm_internal_trusted_storage.o)
                0x0000000000002108                tfm_its_get
 .text.tfm_its_get_info
                0x000000000000217c       0x48 secure_fw/partitions/internal_trusted_storage/libtfm_psa_rot_partition_its.a(tfm_internal_trusted_storage.o)
                0x000000000000217c                tfm_its_get_info
 .text.tfm_its_remove
                0x00000000000021c4       0x58 secure_fw/partitions/internal_trusted_storage/libtfm_psa_rot_partition_its.a(tfm_internal_trusted_storage.o)
                0x00000000000021c4                tfm_its_remove
 .text.flash_read_unaligned
                0x000000000000221c      0x158 secure_fw/partitions/internal_trusted_storage/libtfm_psa_rot_partition_its.a(its_flash_nor.o)
 .text.its_flash_nor_write
                0x0000000000002374       0x68 secure_fw/partitions/internal_trusted_storage/libtfm_psa_rot_partition_its.a(its_flash_nor.o)
 .text.tfm_platform_service_sfn
                0x00000000000023dc       0x60 secure_fw/partitions/platform/libtfm_psa_rot_partition_platform.a(platform_sp.o)
                0x00000000000023dc                tfm_platform_service_sfn
 .text.derive_subkey_into_buffer
                0x000000000000243c      0x218 secure_fw/partitions/crypto/libtfm_psa_rot_partition_crypto.a(tfm_builtin_key_loader.o)
 .text.tfm_builtin_key_loader_init
                0x0000000000002654      0x190 secure_fw/partitions/crypto/libtfm_psa_rot_partition_crypto.a(tfm_builtin_key_loader.o)
                0x0000000000002654                tfm_builtin_key_loader_init
 .text.tfm_builtin_key_loader_get_key_buffer_size
                0x00000000000027e4       0x68 secure_fw/partitions/crypto/libtfm_psa_rot_partition_crypto.a(tfm_builtin_key_loader.o)
                0x00000000000027e4                tfm_builtin_key_loader_get_key_buffer_size
 .text.tfm_builtin_key_loader_get_builtin_key
                0x000000000000284c       0xec secure_fw/partitions/crypto/libtfm_psa_rot_partition_crypto.a(tfm_builtin_key_loader.o)
                0x000000000000284c                tfm_builtin_key_loader_get_builtin_key
 .text.tfm_crypto_set_caller_id
                0x0000000000002938       0x16 secure_fw/partitions/crypto/libtfm_psa_rot_partition_crypto.a(crypto_init.o)
 .text.tfm_crypto_get_caller_id
                0x000000000000294e       0x18 secure_fw/partitions/crypto/libtfm_psa_rot_partition_crypto.a(crypto_init.o)
                0x000000000000294e                tfm_crypto_get_caller_id
 .text.tfm_crypto_init_iovecs
                0x0000000000002966       0xe2 secure_fw/partitions/crypto/libtfm_psa_rot_partition_crypto.a(crypto_init.o)
 .text.tfm_crypto_call_srv
                0x0000000000002a48      0x168 secure_fw/partitions/crypto/libtfm_psa_rot_partition_crypto.a(crypto_init.o)
 .text.tfm_crypto_engine_init
                0x0000000000002bb0       0x34 secure_fw/partitions/crypto/libtfm_psa_rot_partition_crypto.a(crypto_init.o)
 .text.tfm_crypto_module_init
                0x0000000000002be4        0xe secure_fw/partitions/crypto/libtfm_psa_rot_partition_crypto.a(crypto_init.o)
 .text.tfm_crypto_init
                0x0000000000002bf2       0x30 secure_fw/partitions/crypto/libtfm_psa_rot_partition_crypto.a(crypto_init.o)
                0x0000000000002bf2                tfm_crypto_init
 .text.tfm_crypto_sfn
                0x0000000000002c22       0x26 secure_fw/partitions/crypto/libtfm_psa_rot_partition_crypto.a(crypto_init.o)
                0x0000000000002c22                tfm_crypto_sfn
 .text.tfm_crypto_asymmetric_sign_interface
                0x0000000000002c48       0x1c secure_fw/partitions/crypto/libtfm_psa_rot_partition_crypto.a(crypto_asymmetric.o)
                0x0000000000002c48                tfm_crypto_asymmetric_sign_interface
 .text.tfm_crypto_asymmetric_encrypt_interface
                0x0000000000002c64       0x1c secure_fw/partitions/crypto/libtfm_psa_rot_partition_crypto.a(crypto_asymmetric.o)
                0x0000000000002c64                tfm_crypto_asymmetric_encrypt_interface
 .text.tfm_crypto_library_key_id_init_default
                0x0000000000002c80       0x1c secure_fw/partitions/crypto/libtfm_psa_rot_partition_crypto.a(crypto_key_management.o)
 .text.tfm_crypto_random_interface
                0x0000000000002c9c       0x28 secure_fw/partitions/crypto/libtfm_psa_rot_partition_crypto.a(crypto_rng.o)
                0x0000000000002c9c                tfm_crypto_random_interface
 .text.mbedtls_svc_key_id_make
                0x0000000000002cc4       0x24 secure_fw/partitions/crypto/libtfm_psa_rot_partition_crypto.a(crypto_library.o)
 .text.null_printf
                0x0000000000002ce8       0x14 secure_fw/partitions/crypto/libtfm_psa_rot_partition_crypto.a(crypto_library.o)
 .text.tfm_crypto_library_key_id_init
                0x0000000000002cfc       0x20 secure_fw/partitions/crypto/libtfm_psa_rot_partition_crypto.a(crypto_library.o)
                0x0000000000002cfc                tfm_crypto_library_key_id_init
 .text.tfm_crypto_library_get_library_key_id_set_owner
                0x0000000000002d1c       0x1c secure_fw/partitions/crypto/libtfm_psa_rot_partition_crypto.a(crypto_library.o)
                0x0000000000002d1c                tfm_crypto_library_get_library_key_id_set_owner
 .text.mbedtls_psa_platform_get_builtin_key
                0x0000000000002d38       0x76 secure_fw/partitions/crypto/libtfm_psa_rot_partition_crypto.a(crypto_library.o)
                0x0000000000002d38                mbedtls_psa_platform_get_builtin_key
 .text.tfm_crypto_pake_interface
                0x0000000000002dae       0x1c secure_fw/partitions/crypto/libtfm_psa_rot_partition_crypto.a(crypto_pake.o)
                0x0000000000002dae                tfm_crypto_pake_interface
 .text.tfm_crypto_key_wrapping_interface
                0x0000000000002dca       0x1c secure_fw/partitions/crypto/libtfm_psa_rot_partition_crypto.a(crypto_key_wrapping.o)
                0x0000000000002dca                tfm_crypto_key_wrapping_interface
 .text.tfm_its_get_info_req
                0x0000000000002de6       0x70 secure_fw/partitions/internal_trusted_storage/libtfm_psa_rot_partition_its.a(tfm_its_req_mngr.o)
 .text.tfm_its_remove_req
                0x0000000000002e56       0x4c secure_fw/partitions/internal_trusted_storage/libtfm_psa_rot_partition_its.a(tfm_its_req_mngr.o)
 .text.tfm_its_entry
                0x0000000000002ea2        0xe secure_fw/partitions/internal_trusted_storage/libtfm_psa_rot_partition_its.a(tfm_its_req_mngr.o)
                0x0000000000002ea2                tfm_its_entry
 .text.get_phys_address
                0x0000000000002eb0       0x2c secure_fw/partitions/internal_trusted_storage/libtfm_psa_rot_partition_its.a(its_flash_nor.o)
 .text.its_flash_nor_init
                0x0000000000002edc       0x2a secure_fw/partitions/internal_trusted_storage/libtfm_psa_rot_partition_its.a(its_flash_nor.o)
 .text.its_flash_nor_read
                0x0000000000002f06       0x3a secure_fw/partitions/internal_trusted_storage/libtfm_psa_rot_partition_its.a(its_flash_nor.o)
 .text.its_flash_nor_flush
                0x0000000000002f40       0x18 secure_fw/partitions/internal_trusted_storage/libtfm_psa_rot_partition_its.a(its_flash_nor.o)
 .text.its_flash_nor_erase
                0x0000000000002f58       0x52 secure_fw/partitions/internal_trusted_storage/libtfm_psa_rot_partition_its.a(its_flash_nor.o)
 .text.its_flash_fs_file_write_aligned_data
                0x0000000000002faa       0x88 secure_fw/partitions/internal_trusted_storage/libtfm_psa_rot_partition_its.a(its_flash_fs.o)
 .text.its_flash_fs_num_active_dblocks
                0x0000000000003032       0x26 secure_fw/partitions/internal_trusted_storage/libtfm_psa_rot_partition_its.a(its_flash_fs.o)
 .text.its_flash_fs_all_metadata_size
                0x0000000000003058       0x2c secure_fw/partitions/internal_trusted_storage/libtfm_psa_rot_partition_its.a(its_flash_fs.o)
 .text.its_flash_fs_validate_config
                0x0000000000003084       0x7c secure_fw/partitions/internal_trusted_storage/libtfm_psa_rot_partition_its.a(its_flash_fs.o)
 .text.its_flash_fs_init_ctx
                0x0000000000003100       0x56 secure_fw/partitions/internal_trusted_storage/libtfm_psa_rot_partition_its.a(its_flash_fs.o)
                0x0000000000003100                its_flash_fs_init_ctx
 .text.its_flash_fs_prepare
                0x0000000000003156       0x56 secure_fw/partitions/internal_trusted_storage/libtfm_psa_rot_partition_its.a(its_flash_fs.o)
                0x0000000000003156                its_flash_fs_prepare
 .text.its_flash_fs_wipe_all
                0x00000000000031ac       0x18 secure_fw/partitions/internal_trusted_storage/libtfm_psa_rot_partition_its.a(its_flash_fs.o)
                0x00000000000031ac                its_flash_fs_wipe_all
 .text.its_flash_fs_file_get_info
                0x00000000000031c4       0x48 secure_fw/partitions/internal_trusted_storage/libtfm_psa_rot_partition_its.a(its_flash_fs.o)
                0x00000000000031c4                its_flash_fs_file_get_info
 .text.its_flash_fs_file_write
                0x000000000000320c      0x2e0 secure_fw/partitions/internal_trusted_storage/libtfm_psa_rot_partition_its.a(its_flash_fs.o)
                0x000000000000320c                its_flash_fs_file_write
 .text.its_flash_fs_delete_idx
                0x00000000000034ec      0x19a secure_fw/partitions/internal_trusted_storage/libtfm_psa_rot_partition_its.a(its_flash_fs.o)
 .text.its_flash_fs_file_delete
                0x0000000000003686       0x3a secure_fw/partitions/internal_trusted_storage/libtfm_psa_rot_partition_its.a(its_flash_fs.o)
                0x0000000000003686                its_flash_fs_file_delete
 .text.its_flash_fs_file_read
                0x00000000000036c0       0x6e secure_fw/partitions/internal_trusted_storage/libtfm_psa_rot_partition_its.a(its_flash_fs.o)
                0x00000000000036c0                its_flash_fs_file_read
 .text.its_dblock_lo_to_phy
                0x000000000000372e       0x30 secure_fw/partitions/internal_trusted_storage/libtfm_psa_rot_partition_its.a(its_flash_fs_dblock.o)
 .text.its_flash_fs_dblock_compact_block
                0x000000000000375e      0x10a secure_fw/partitions/internal_trusted_storage/libtfm_psa_rot_partition_its.a(its_flash_fs_dblock.o)
                0x000000000000375e                its_flash_fs_dblock_compact_block
 .text.its_flash_fs_dblock_read_file
                0x0000000000003868       0x54 secure_fw/partitions/internal_trusted_storage/libtfm_psa_rot_partition_its.a(its_flash_fs_dblock.o)
                0x0000000000003868                its_flash_fs_dblock_read_file
 .text.its_flash_fs_dblock_write_file
                0x00000000000038bc       0xde secure_fw/partitions/internal_trusted_storage/libtfm_psa_rot_partition_its.a(its_flash_fs_dblock.o)
                0x00000000000038bc                its_flash_fs_dblock_write_file
 .text.its_num_dedicated_dblocks
                0x000000000000399a       0x40 secure_fw/partitions/internal_trusted_storage/libtfm_psa_rot_partition_its.a(its_flash_fs_mblock.o)
 .text.its_mblock_block_meta_offset
                0x00000000000039da       0x20 secure_fw/partitions/internal_trusted_storage/libtfm_psa_rot_partition_its.a(its_flash_fs_mblock.o)
 .text.its_mblock_file_meta_offset
                0x00000000000039fa       0x32 secure_fw/partitions/internal_trusted_storage/libtfm_psa_rot_partition_its.a(its_flash_fs_mblock.o)
 .text.its_mblock_swap_metablocks
                0x0000000000003a2c       0x28 secure_fw/partitions/internal_trusted_storage/libtfm_psa_rot_partition_its.a(its_flash_fs_mblock.o)
 .text.its_mblock_latest_meta_block
                0x0000000000003a54       0x7c secure_fw/partitions/internal_trusted_storage/libtfm_psa_rot_partition_its.a(its_flash_fs_mblock.o)
 .text.its_mblock_validate_file_meta
                0x0000000000003ad0       0xae secure_fw/partitions/internal_trusted_storage/libtfm_psa_rot_partition_its.a(its_flash_fs_mblock.o)
 .text.its_mblock_validate_block_meta
                0x0000000000003b7e       0x7e secure_fw/partitions/internal_trusted_storage/libtfm_psa_rot_partition_its.a(its_flash_fs_mblock.o)
 .text.its_mblock_validate_block_meta_comp
                0x0000000000003bfc       0x94 secure_fw/partitions/internal_trusted_storage/libtfm_psa_rot_partition_its.a(its_flash_fs_mblock.o)
 .text.its_mblock_calculate_metadata_xor
                0x0000000000003c90      0x11c secure_fw/partitions/internal_trusted_storage/libtfm_psa_rot_partition_its.a(its_flash_fs_mblock.o)
 .text.its_mblock_validate_metadata_xor
                0x0000000000003dac       0x40 secure_fw/partitions/internal_trusted_storage/libtfm_psa_rot_partition_its.a(its_flash_fs_mblock.o)
 .text.its_get_free_file_index
                0x0000000000003dec       0x76 secure_fw/partitions/internal_trusted_storage/libtfm_psa_rot_partition_its.a(its_flash_fs_mblock.o)
 .text.its_mblock_erase_scratch_blocks
                0x0000000000003e62       0x56 secure_fw/partitions/internal_trusted_storage/libtfm_psa_rot_partition_its.a(its_flash_fs_mblock.o)
 .text.its_mblock_update_scratch_block_meta
                0x0000000000003eb8       0x36 secure_fw/partitions/internal_trusted_storage/libtfm_psa_rot_partition_its.a(its_flash_fs_mblock.o)
 .text.its_mblock_copy_remaining_block_meta
                0x0000000000003eee       0xce secure_fw/partitions/internal_trusted_storage/libtfm_psa_rot_partition_its.a(its_flash_fs_mblock.o)
 .text.its_mblock_validate_header_meta
                0x0000000000003fbc       0xbe secure_fw/partitions/internal_trusted_storage/libtfm_psa_rot_partition_its.a(its_flash_fs_mblock.o)
 .text.its_mblock_write_scratch_meta_header
                0x000000000000407a       0x8a secure_fw/partitions/internal_trusted_storage/libtfm_psa_rot_partition_its.a(its_flash_fs_mblock.o)
 .text.its_mblock_upgrade_meta_header
                0x0000000000004104       0xda secure_fw/partitions/internal_trusted_storage/libtfm_psa_rot_partition_its.a(its_flash_fs_mblock.o)
 .text.its_mblock_read_meta_header
                0x00000000000041de       0x4c secure_fw/partitions/internal_trusted_storage/libtfm_psa_rot_partition_its.a(its_flash_fs_mblock.o)
 .text.its_mblock_reserve_file
                0x000000000000422a       0xa2 secure_fw/partitions/internal_trusted_storage/libtfm_psa_rot_partition_its.a(its_flash_fs_mblock.o)
 .text.its_init_get_active_metablock
                0x00000000000042cc       0xe6 secure_fw/partitions/internal_trusted_storage/libtfm_psa_rot_partition_its.a(its_flash_fs_mblock.o)
 .text.its_flash_fs_mblock_cp_file_meta
                0x00000000000043b2       0x48 secure_fw/partitions/internal_trusted_storage/libtfm_psa_rot_partition_its.a(its_flash_fs_mblock.o)
                0x00000000000043b2                its_flash_fs_mblock_cp_file_meta
 .text.its_flash_fs_mblock_cur_data_scratch_id
                0x00000000000043fa       0x26 secure_fw/partitions/internal_trusted_storage/libtfm_psa_rot_partition_its.a(its_flash_fs_mblock.o)
                0x00000000000043fa                its_flash_fs_mblock_cur_data_scratch_id
 .text.its_flash_fs_mblock_get_file_idx_meta
                0x0000000000004420       0x8a secure_fw/partitions/internal_trusted_storage/libtfm_psa_rot_partition_its.a(its_flash_fs_mblock.o)
                0x0000000000004420                its_flash_fs_mblock_get_file_idx_meta
 .text.its_flash_fs_mblock_get_file_idx_flag
                0x00000000000044aa       0x62 secure_fw/partitions/internal_trusted_storage/libtfm_psa_rot_partition_its.a(its_flash_fs_mblock.o)
                0x00000000000044aa                its_flash_fs_mblock_get_file_idx_flag
 .text.its_flash_fs_mblock_init
                0x000000000000450c       0x6e secure_fw/partitions/internal_trusted_storage/libtfm_psa_rot_partition_its.a(its_flash_fs_mblock.o)
                0x000000000000450c                its_flash_fs_mblock_init
 .text.its_flash_fs_mblock_meta_update_finalize
                0x000000000000457a       0x4e secure_fw/partitions/internal_trusted_storage/libtfm_psa_rot_partition_its.a(its_flash_fs_mblock.o)
                0x000000000000457a                its_flash_fs_mblock_meta_update_finalize
 .text.its_flash_fs_mblock_migrate_lb0_data_to_scratch
                0x00000000000045c8       0x58 secure_fw/partitions/internal_trusted_storage/libtfm_psa_rot_partition_its.a(its_flash_fs_mblock.o)
                0x00000000000045c8                its_flash_fs_mblock_migrate_lb0_data_to_scratch
 .text.its_flash_fs_mblock_read_file_meta
                0x0000000000004620       0x4a secure_fw/partitions/internal_trusted_storage/libtfm_psa_rot_partition_its.a(its_flash_fs_mblock.o)
                0x0000000000004620                its_flash_fs_mblock_read_file_meta
 .text.its_flash_fs_mblock_read_block_metadata
                0x000000000000466a       0x48 secure_fw/partitions/internal_trusted_storage/libtfm_psa_rot_partition_its.a(its_flash_fs_mblock.o)
                0x000000000000466a                its_flash_fs_mblock_read_block_metadata
 .text.its_flash_fs_mblock_read_block_metadata_comp
                0x00000000000046b2       0x4e secure_fw/partitions/internal_trusted_storage/libtfm_psa_rot_partition_its.a(its_flash_fs_mblock.o)
                0x00000000000046b2                its_flash_fs_mblock_read_block_metadata_comp
 .text.its_flash_fs_mblock_reserve_file
                0x0000000000004700       0x58 secure_fw/partitions/internal_trusted_storage/libtfm_psa_rot_partition_its.a(its_flash_fs_mblock.o)
                0x0000000000004700                its_flash_fs_mblock_reserve_file
 .text.its_flash_fs_mblock_reset_metablock
                0x0000000000004758      0x214 secure_fw/partitions/internal_trusted_storage/libtfm_psa_rot_partition_its.a(its_flash_fs_mblock.o)
                0x0000000000004758                its_flash_fs_mblock_reset_metablock
 .text.its_flash_fs_mblock_set_data_scratch
                0x000000000000496c       0x24 secure_fw/partitions/internal_trusted_storage/libtfm_psa_rot_partition_its.a(its_flash_fs_mblock.o)
                0x000000000000496c                its_flash_fs_mblock_set_data_scratch
 .text.its_flash_fs_mblock_update_scratch_block_meta
                0x0000000000004990       0x44 secure_fw/partitions/internal_trusted_storage/libtfm_psa_rot_partition_its.a(its_flash_fs_mblock.o)
                0x0000000000004990                its_flash_fs_mblock_update_scratch_block_meta
 .text.its_flash_fs_mblock_update_scratch_file_meta
                0x00000000000049d4       0x38 secure_fw/partitions/internal_trusted_storage/libtfm_psa_rot_partition_its.a(its_flash_fs_mblock.o)
                0x00000000000049d4                its_flash_fs_mblock_update_scratch_file_meta
 .text.its_flash_fs_block_to_block_move
                0x0000000000004a0c      0x120 secure_fw/partitions/internal_trusted_storage/libtfm_psa_rot_partition_its.a(its_flash_fs_mblock.o)
                0x0000000000004a0c                its_flash_fs_block_to_block_move
 .text.its_utils_check_contained_in
                0x0000000000004b2c       0x3a secure_fw/partitions/internal_trusted_storage/libtfm_psa_rot_partition_its.a(its_utils.o)
                0x0000000000004b2c                its_utils_check_contained_in
 .text.its_utils_validate_fid
                0x0000000000004b66       0x38 secure_fw/partitions/internal_trusted_storage/libtfm_psa_rot_partition_its.a(its_utils.o)
                0x0000000000004b66                its_utils_validate_fid
 .text.platform_sp_system_reset
                0x0000000000004b9e        0xe secure_fw/partitions/platform/libtfm_psa_rot_partition_platform.a(platform_sp.o)
                0x0000000000004b9e                platform_sp_system_reset
 .text.platform_sp_system_reset_psa_api
                0x0000000000004bac       0x16 secure_fw/partitions/platform/libtfm_psa_rot_partition_platform.a(platform_sp.o)
 .text.platform_sp_nv_read_psa_api
                0x0000000000004bc2      0x10c secure_fw/partitions/platform/libtfm_psa_rot_partition_platform.a(platform_sp.o)
 .text.platform_sp_nv_increment_psa_api
                0x0000000000004cce       0xe6 secure_fw/partitions/platform/libtfm_psa_rot_partition_platform.a(platform_sp.o)
 .text.platform_sp_ioctl_psa_api
                0x0000000000004db4      0x1bc secure_fw/partitions/platform/libtfm_psa_rot_partition_platform.a(platform_sp.o)
 .text.platform_sp_init
                0x0000000000004f70       0x22 secure_fw/partitions/platform/libtfm_psa_rot_partition_platform.a(platform_sp.o)
                0x0000000000004f70                platform_sp_init
 .text.psa_key_derivation_operation_init
                0x0000000000004f92       0x5a secure_fw/partitions/crypto/libtfm_psa_rot_partition_crypto.a(tfm_builtin_key_loader.o)
 .text.psa_set_key_id
                0x0000000000004fec       0x44 secure_fw/partitions/crypto/libtfm_psa_rot_partition_crypto.a(tfm_builtin_key_loader.o)
 .text.psa_get_key_id
                0x0000000000005030       0x24 secure_fw/partitions/crypto/libtfm_psa_rot_partition_crypto.a(tfm_builtin_key_loader.o)
 .text.psa_set_key_lifetime
                0x0000000000005054       0x2a secure_fw/partitions/crypto/libtfm_psa_rot_partition_crypto.a(tfm_builtin_key_loader.o)
 .text.psa_extend_key_usage_flags
                0x000000000000507e       0x44 secure_fw/partitions/crypto/libtfm_psa_rot_partition_crypto.a(tfm_builtin_key_loader.o)
 .text.psa_set_key_usage_flags
                0x00000000000050c2       0x20 secure_fw/partitions/crypto/libtfm_psa_rot_partition_crypto.a(tfm_builtin_key_loader.o)
 .text.psa_get_key_usage_flags
                0x00000000000050e2       0x18 secure_fw/partitions/crypto/libtfm_psa_rot_partition_crypto.a(tfm_builtin_key_loader.o)
 .text.psa_set_key_algorithm
                0x00000000000050fa       0x1c secure_fw/partitions/crypto/libtfm_psa_rot_partition_crypto.a(tfm_builtin_key_loader.o)
 .text.psa_set_key_type
                0x0000000000005116       0x1e secure_fw/partitions/crypto/libtfm_psa_rot_partition_crypto.a(tfm_builtin_key_loader.o)
 .text.psa_set_key_bits
                0x0000000000005134       0x32 secure_fw/partitions/crypto/libtfm_psa_rot_partition_crypto.a(tfm_builtin_key_loader.o)
 .text.tfm_crypto_library_key_id_init_default
                0x0000000000005166       0x1c secure_fw/partitions/crypto/libtfm_psa_rot_partition_crypto.a(tfm_builtin_key_loader.o)
 .text.builtin_key_get_slot
                0x0000000000005182       0x8e secure_fw/partitions/crypto/libtfm_psa_rot_partition_crypto.a(tfm_builtin_key_loader.o)
 .text.builtin_key_get_attributes
                0x0000000000005210      0x10a secure_fw/partitions/crypto/libtfm_psa_rot_partition_crypto.a(tfm_builtin_key_loader.o)
 *tfm_psa_rot_partition*:(SORT_BY_ALIGNMENT(.rodata*))
 *fill*         0x000000000000531a        0x2 
 .rodata        0x000000000000531c       0x25 secure_fw/partitions/crypto/libtfm_psa_rot_partition_crypto.a(crypto_init.o)
 *fill*         0x0000000000005341        0x3 
 .rodata        0x0000000000005344        0xf secure_fw/partitions/crypto/libtfm_psa_rot_partition_crypto.a(crypto_library.o)
 *fill*         0x0000000000005353        0x1 
 .rodata        0x0000000000005354       0x4d secure_fw/partitions/internal_trusted_storage/libtfm_psa_rot_partition_its.a(tfm_internal_trusted_storage.o)
 *fill*         0x00000000000053a1        0x3 
 .rodata.data_width_byte
                0x00000000000053a4        0xc secure_fw/partitions/internal_trusted_storage/libtfm_psa_rot_partition_its.a(its_flash_nor.o)
 .rodata.its_flash_fs_ops_nor
                0x00000000000053b0       0x14 secure_fw/partitions/internal_trusted_storage/libtfm_psa_rot_partition_its.a(its_flash_nor.o)
                0x00000000000053b0                its_flash_fs_ops_nor
 *tfm_*partition_its.*:(SORT_BY_ALIGNMENT(.text*))
 *tfm_*partition_its.*:(SORT_BY_ALIGNMENT(.rodata*))
 *(TFM_SP_ITS_PSA-ROT_ATTR_FN)
 *tfm_*partition_crypto.*:(SORT_BY_ALIGNMENT(.text*))
 *tfm_*partition_crypto.*:(SORT_BY_ALIGNMENT(.rodata*))
 *mbedcrypto.*:(SORT_BY_ALIGNMENT(.text*))
 .text.verify_header
                0x00000000000053c4       0x44 secure_fw/partitions/crypto/mbedcrypto/nrf_security_src/libcrypto_service_mbedcrypto.a(memory_buffer_alloc.o)
 .text.verify_chain
                0x0000000000005408       0x68 secure_fw/partitions/crypto/mbedcrypto/nrf_security_src/libcrypto_service_mbedcrypto.a(memory_buffer_alloc.o)
 .text.buffer_alloc_free
                0x0000000000005470       0xe8 secure_fw/partitions/crypto/mbedcrypto/nrf_security_src/libcrypto_service_mbedcrypto.a(memory_buffer_alloc.o)
 .text.buffer_alloc_calloc
                0x0000000000005558      0x10c secure_fw/partitions/crypto/mbedcrypto/nrf_security_src/libcrypto_service_mbedcrypto.a(memory_buffer_alloc.o)
 .text.mbedtls_memory_buffer_alloc_init
                0x0000000000005664       0x64 secure_fw/partitions/crypto/mbedcrypto/nrf_security_src/libcrypto_service_mbedcrypto.a(memory_buffer_alloc.o)
                0x0000000000005664                mbedtls_memory_buffer_alloc_init
 *mbedcrypto.*:(SORT_BY_ALIGNMENT(.rodata*))
 *mbedtls*acceleration.*:(SORT_BY_ALIGNMENT(.text*))
 *mbedtls*acceleration.*:(SORT_BY_ALIGNMENT(.rodata*))
 *(TFM_SP_CRYPTO_PSA-ROT_ATTR_FN)
 *tfm_*partition_platform.*:(SORT_BY_ALIGNMENT(.text*))
 *tfm_*partition_platform.*:(SORT_BY_ALIGNMENT(.rodata*))
 *(TFM_SP_PLATFORM_PSA-ROT_ATTR_FN)
 *(TFM_*_PSA-ROT_ATTR_FN)
                0x00000000000056e0                . = ALIGN (0x20)
 *fill*         0x00000000000056c8       0x18 
                0x00000000000002e0                Image$$TFM_PSA_ROT_LINKER$$RO$$Base = ADDR (.TFM_PSA_ROT_LINKER)
                0x00000000000056e0                Image$$TFM_PSA_ROT_LINKER$$RO$$Limit = (ADDR (.TFM_PSA_ROT_LINKER) + SIZEOF (.TFM_PSA_ROT_LINKER))
                0x00000000000002e0                Image$$TFM_PSA_ROT_LINKER$$Base = ADDR (.TFM_PSA_ROT_LINKER)
                0x00000000000056e0                Image$$TFM_PSA_ROT_LINKER$$Limit = (ADDR (.TFM_PSA_ROT_LINKER) + SIZEOF (.TFM_PSA_ROT_LINKER))
                0x00000000000056e0                Image$$TFM_PSA_CODE_END$$Base = .
                0x00000000000056e0                Image$$TFM_APP_CODE_START$$Base = .

.TFM_APP_ROT_LINKER
                0x00000000000056e0     0x1a40
 *tfm_app_rot_partition*:(SORT_BY_ALIGNMENT(.text*))
 .text.ps_object_table_create
                0x00000000000056e0       0x64 secure_fw/partitions/protected_storage/libtfm_app_rot_partition_ps.a(ps_object_table.o)
                0x00000000000056e0                ps_object_table_create
 *fill*         0x0000000000005744        0x4 
 .text.ps_object_table_init
                0x0000000000005748      0x1d4 secure_fw/partitions/protected_storage/libtfm_app_rot_partition_ps.a(ps_object_table.o)
                0x0000000000005748                ps_object_table_init
 .text.tfm_protected_storage_service_sfn
                0x000000000000591c       0x78 secure_fw/partitions/protected_storage/libtfm_app_rot_partition_ps.a(tfm_ps_req_mngr.o)
                0x000000000000591c                tfm_protected_storage_service_sfn
 .text.ps_req_mngr_read_asset_data
                0x0000000000005994       0x3c secure_fw/partitions/protected_storage/libtfm_app_rot_partition_ps.a(tfm_ps_req_mngr.o)
                0x0000000000005994                ps_req_mngr_read_asset_data
 .text.ps_req_mngr_write_asset_data
                0x00000000000059d0       0x28 secure_fw/partitions/protected_storage/libtfm_app_rot_partition_ps.a(tfm_ps_req_mngr.o)
                0x00000000000059d0                ps_req_mngr_write_asset_data
 .text.tfm_ps_init
                0x00000000000059f8       0x44 secure_fw/partitions/protected_storage/libtfm_app_rot_partition_ps.a(tfm_protected_storage.o)
                0x00000000000059f8                tfm_ps_init
 .text.ps_update_table
                0x0000000000005a3c       0x48 secure_fw/partitions/protected_storage/libtfm_app_rot_partition_ps.a(ps_object_system.o)
 .text.ps_store_object
                0x0000000000005a84       0x30 secure_fw/partitions/protected_storage/libtfm_app_rot_partition_ps.a(ps_object_system.o)
 .text.ps_system_prepare
                0x0000000000005ab4       0x2c secure_fw/partitions/protected_storage/libtfm_app_rot_partition_ps.a(ps_object_system.o)
                0x0000000000005ab4                ps_system_prepare
 .text.ps_object_read
                0x0000000000005ae0       0xc8 secure_fw/partitions/protected_storage/libtfm_app_rot_partition_ps.a(ps_object_system.o)
                0x0000000000005ae0                ps_object_read
 .text.ps_object_create
                0x0000000000005ba8      0x1c0 secure_fw/partitions/protected_storage/libtfm_app_rot_partition_ps.a(ps_object_system.o)
                0x0000000000005ba8                ps_object_create
 .text.ps_object_get_info
                0x0000000000005d68       0x94 secure_fw/partitions/protected_storage/libtfm_app_rot_partition_ps.a(ps_object_system.o)
                0x0000000000005d68                ps_object_get_info
 .text.ps_object_delete
                0x0000000000005dfc       0xd0 secure_fw/partitions/protected_storage/libtfm_app_rot_partition_ps.a(ps_object_system.o)
                0x0000000000005dfc                ps_object_delete
 .text.ps_object_table_save_table
                0x0000000000005ecc      0x170 secure_fw/partitions/protected_storage/libtfm_app_rot_partition_ps.a(ps_object_table.o)
 .text.ps_set_active_object_table
                0x000000000000603c       0xb8 secure_fw/partitions/protected_storage/libtfm_app_rot_partition_ps.a(ps_object_table.o)
 .text.ps_get_object_entry_idx
                0x00000000000060f4       0x70 secure_fw/partitions/protected_storage/libtfm_app_rot_partition_ps.a(ps_object_table.o)
 .text.ps_table_delete_entry
                0x0000000000006164       0x28 secure_fw/partitions/protected_storage/libtfm_app_rot_partition_ps.a(ps_object_table.o)
 .text.ps_object_table_get_free_fid
                0x000000000000618c       0xbc secure_fw/partitions/protected_storage/libtfm_app_rot_partition_ps.a(ps_object_table.o)
                0x000000000000618c                ps_object_table_get_free_fid
 .text.ps_object_table_set_obj_tbl_info
                0x0000000000006248       0xe4 secure_fw/partitions/protected_storage/libtfm_app_rot_partition_ps.a(ps_object_table.o)
                0x0000000000006248                ps_object_table_set_obj_tbl_info
 .text.ps_object_table_get_obj_tbl_info
                0x000000000000632c       0x58 secure_fw/partitions/protected_storage/libtfm_app_rot_partition_ps.a(ps_object_table.o)
                0x000000000000632c                ps_object_table_get_obj_tbl_info
 .text.ps_object_table_delete_object
                0x0000000000006384       0x80 secure_fw/partitions/protected_storage/libtfm_app_rot_partition_ps.a(ps_object_table.o)
                0x0000000000006384                ps_object_table_delete_object
 .text.ps_object_table_delete_old_table
                0x0000000000006404       0x30 secure_fw/partitions/protected_storage/libtfm_app_rot_partition_ps.a(ps_object_table.o)
                0x0000000000006404                ps_object_table_delete_old_table
 .text.ps_crypto_setkey
                0x0000000000006434      0x11c secure_fw/partitions/protected_storage/libtfm_app_rot_partition_ps.a(ps_crypto_interface.o)
 .text.ps_crypto_set_iv
                0x0000000000006550       0x24 secure_fw/partitions/protected_storage/libtfm_app_rot_partition_ps.a(ps_crypto_interface.o)
                0x0000000000006550                ps_crypto_set_iv
 .text.ps_crypto_get_iv
                0x0000000000006574       0xa4 secure_fw/partitions/protected_storage/libtfm_app_rot_partition_ps.a(ps_crypto_interface.o)
                0x0000000000006574                ps_crypto_get_iv
 .text.ps_crypto_encrypt_and_tag
                0x0000000000006618       0xbc secure_fw/partitions/protected_storage/libtfm_app_rot_partition_ps.a(ps_crypto_interface.o)
                0x0000000000006618                ps_crypto_encrypt_and_tag
 .text.ps_crypto_auth_and_decrypt
                0x00000000000066d4       0xb4 secure_fw/partitions/protected_storage/libtfm_app_rot_partition_ps.a(ps_crypto_interface.o)
                0x00000000000066d4                ps_crypto_auth_and_decrypt
 .text.ps_crypto_generate_auth_tag
                0x0000000000006788       0xa4 secure_fw/partitions/protected_storage/libtfm_app_rot_partition_ps.a(ps_crypto_interface.o)
                0x0000000000006788                ps_crypto_generate_auth_tag
 .text.ps_crypto_authenticate
                0x000000000000682c       0xa4 secure_fw/partitions/protected_storage/libtfm_app_rot_partition_ps.a(ps_crypto_interface.o)
                0x000000000000682c                ps_crypto_authenticate
 .text.tfm_ps_set_req
                0x00000000000068d0       0x82 secure_fw/partitions/protected_storage/libtfm_app_rot_partition_ps.a(tfm_ps_req_mngr.o)
 .text.tfm_ps_get_req
                0x0000000000006952       0x86 secure_fw/partitions/protected_storage/libtfm_app_rot_partition_ps.a(tfm_ps_req_mngr.o)
 .text.tfm_ps_get_info_req
                0x00000000000069d8       0x74 secure_fw/partitions/protected_storage/libtfm_app_rot_partition_ps.a(tfm_ps_req_mngr.o)
 .text.tfm_ps_remove_req
                0x0000000000006a4c       0x50 secure_fw/partitions/protected_storage/libtfm_app_rot_partition_ps.a(tfm_ps_req_mngr.o)
 .text.tfm_ps_get_support_req
                0x0000000000006a9c       0x3c secure_fw/partitions/protected_storage/libtfm_app_rot_partition_ps.a(tfm_ps_req_mngr.o)
 .text.tfm_ps_entry
                0x0000000000006ad8        0xe secure_fw/partitions/protected_storage/libtfm_app_rot_partition_ps.a(tfm_ps_req_mngr.o)
                0x0000000000006ad8                tfm_ps_entry
 .text.tfm_ps_set
                0x0000000000006ae6       0x40 secure_fw/partitions/protected_storage/libtfm_app_rot_partition_ps.a(tfm_protected_storage.o)
                0x0000000000006ae6                tfm_ps_set
 .text.tfm_ps_get
                0x0000000000006b26       0x38 secure_fw/partitions/protected_storage/libtfm_app_rot_partition_ps.a(tfm_protected_storage.o)
                0x0000000000006b26                tfm_ps_get
 .text.tfm_ps_get_info
                0x0000000000006b5e       0x30 secure_fw/partitions/protected_storage/libtfm_app_rot_partition_ps.a(tfm_protected_storage.o)
                0x0000000000006b5e                tfm_ps_get_info
 .text.tfm_ps_remove
                0x0000000000006b8e       0x3e secure_fw/partitions/protected_storage/libtfm_app_rot_partition_ps.a(tfm_protected_storage.o)
                0x0000000000006b8e                tfm_ps_remove
 .text.tfm_ps_get_support
                0x0000000000006bcc       0x10 secure_fw/partitions/protected_storage/libtfm_app_rot_partition_ps.a(tfm_protected_storage.o)
                0x0000000000006bcc                tfm_ps_get_support
 .text.ps_switch_keys_if_necessary
                0x0000000000006bdc       0x1a secure_fw/partitions/protected_storage/libtfm_app_rot_partition_ps.a(ps_object_system.o)
 .text.ps_system_wipe_all
                0x0000000000006bf6        0xe secure_fw/partitions/protected_storage/libtfm_app_rot_partition_ps.a(ps_object_system.o)
                0x0000000000006bf6                ps_system_wipe_all
 .text.ps_object_table_align_nv_counters
                0x0000000000006c04       0x8a secure_fw/partitions/protected_storage/libtfm_app_rot_partition_ps.a(ps_object_table.o)
 .text.ps_object_table_authenticate
                0x0000000000006c8e      0x140 secure_fw/partitions/protected_storage/libtfm_app_rot_partition_ps.a(ps_object_table.o)
 .text.psa_extend_key_usage_flags
                0x0000000000006dce       0x44 secure_fw/partitions/protected_storage/libtfm_app_rot_partition_ps.a(ps_crypto_interface.o)
 .text.psa_set_key_usage_flags
                0x0000000000006e12       0x20 secure_fw/partitions/protected_storage/libtfm_app_rot_partition_ps.a(ps_crypto_interface.o)
 .text.psa_set_key_algorithm
                0x0000000000006e32       0x1c secure_fw/partitions/protected_storage/libtfm_app_rot_partition_ps.a(ps_crypto_interface.o)
 .text.psa_set_key_type
                0x0000000000006e4e       0x1e secure_fw/partitions/protected_storage/libtfm_app_rot_partition_ps.a(ps_crypto_interface.o)
 .text.psa_set_key_bits
                0x0000000000006e6c       0x32 secure_fw/partitions/protected_storage/libtfm_app_rot_partition_ps.a(ps_crypto_interface.o)
 .text.fill_key_label
                0x0000000000006e9e       0x40 secure_fw/partitions/protected_storage/libtfm_app_rot_partition_ps.a(ps_crypto_interface.o)
 .text.ps_crypto_to_blocks
                0x0000000000006ede       0x1c secure_fw/partitions/protected_storage/libtfm_app_rot_partition_ps.a(ps_crypto_interface.o)
                0x0000000000006ede                ps_crypto_to_blocks
 .text.ps_object_auth_decrypt
                0x0000000000006efa       0x66 secure_fw/partitions/protected_storage/libtfm_app_rot_partition_ps.a(ps_encrypted_object.o)
 .text.ps_object_auth_encrypt
                0x0000000000006f60       0x6e secure_fw/partitions/protected_storage/libtfm_app_rot_partition_ps.a(ps_encrypted_object.o)
 .text.ps_encrypted_object_read
                0x0000000000006fce       0x62 secure_fw/partitions/protected_storage/libtfm_app_rot_partition_ps.a(ps_encrypted_object.o)
                0x0000000000006fce                ps_encrypted_object_read
 .text.ps_encrypted_object_write
                0x0000000000007030       0x52 secure_fw/partitions/protected_storage/libtfm_app_rot_partition_ps.a(ps_encrypted_object.o)
                0x0000000000007030                ps_encrypted_object_write
 .text.ps_read_nv_counter
                0x0000000000007082       0x2c secure_fw/partitions/protected_storage/libtfm_app_rot_partition_ps.a(ps_nv_counters.o)
                0x0000000000007082                ps_read_nv_counter
 .text.ps_increment_nv_counter
                0x00000000000070ae       0x26 secure_fw/partitions/protected_storage/libtfm_app_rot_partition_ps.a(ps_nv_counters.o)
                0x00000000000070ae                ps_increment_nv_counter
 *tfm_app_rot_partition*:(SORT_BY_ALIGNMENT(.rodata*))
 *fill*         0x00000000000070d4        0x4 
 .rodata        0x00000000000070d8       0x20 secure_fw/partitions/protected_storage/libtfm_app_rot_partition_ps.a(ps_object_table.o)
 .rodata        0x00000000000070f8       0x21 secure_fw/partitions/protected_storage/libtfm_app_rot_partition_ps.a(tfm_protected_storage.o)
 *tfm_*partition_ps.*:(SORT_BY_ALIGNMENT(.text*))
 *tfm_*partition_ps.*:(SORT_BY_ALIGNMENT(.rodata*))
 *(TFM_SP_PS_APP-ROT_ATTR_FN)
 *(TFM_*_APP-ROT_ATTR_FN)
                0x0000000000007120                . = ALIGN (0x20)
 *fill*         0x0000000000007119        0x7 
                0x00000000000056e0                Image$$TFM_APP_ROT_LINKER$$RO$$Base = ADDR (.TFM_APP_ROT_LINKER)
                0x0000000000007120                Image$$TFM_APP_ROT_LINKER$$RO$$Limit = (ADDR (.TFM_APP_ROT_LINKER) + SIZEOF (.TFM_APP_ROT_LINKER))
                0x00000000000056e0                Image$$TFM_APP_ROT_LINKER$$Base = ADDR (.TFM_APP_ROT_LINKER)
                0x0000000000007120                Image$$TFM_APP_ROT_LINKER$$Limit = (ADDR (.TFM_APP_ROT_LINKER) + SIZEOF (.TFM_APP_ROT_LINKER))
                0x0000000000007120                Image$$TFM_APP_CODE_END$$Base = .

.ARM.extab
 *(.ARM.extab* .gnu.linkonce.armextab.*)
                0x0000000000007120                __exidx_start = .

.ARM.exidx
 *(.ARM.exidx* .gnu.linkonce.armexidx.*)
                0x0000000000007120                __exidx_end = .

.ER_TFM_CODE    0x0000000000007120     0xae12
                0x0000000000007120                . = ALIGN (0x4)
                0x0000000000007120                PROVIDE (__preinit_array_start = .)
                [!provide]                        PROVIDE (__bothinit_array_start = __preinit_array_start)
 *(.preinit_array)
                0x0000000000007120                PROVIDE (__preinit_array_end = .)
                0x0000000000007120                . = ALIGN (0x4)
                0x0000000000007120                PROVIDE (__init_array_start = .)
 *(SORT_BY_NAME(.init_array.*))
 *(.init_array)
                0x0000000000007120                PROVIDE (__init_array_end = .)
                [!provide]                        PROVIDE (__bothinit_array_end = __init_array_end)
                0x0000000000007120                . = ALIGN (0x4)
                0x0000000000007120                PROVIDE (__fini_array_start = .)
 *(SORT_BY_NAME(.fini_array.*))
 *(.fini_array)
                0x0000000000007120                PROVIDE (__fini_array_end = .)
                0x0000000000007120                . = ALIGN (0x4)
                0x0000000000007120                __copy_table_start__ = .
                0x0000000000007120        0x4 LONG 0x1fc78 LOADADDR (.TFM_DATA)
                0x0000000000007124        0x4 LONG 0x2000af00 ADDR (.TFM_DATA)
                0x0000000000007128        0x4 LONG 0x57 (SIZEOF (.TFM_DATA) / 0x4)
                0x000000000000712c        0x4 LONG 0x1fc40 LOADADDR (.TFM_PSA_ROT_LINKER_DATA)
                0x0000000000007130        0x4 LONG 0x20002d20 ADDR (.TFM_PSA_ROT_LINKER_DATA)
                0x0000000000007134        0x4 LONG 0xe (SIZEOF (.TFM_PSA_ROT_LINKER_DATA) / 0x4)
                0x0000000000007138        0x4 LONG 0x1fc40 LOADADDR (.TFM_APP_ROT_LINKER_DATA)
                0x000000000000713c        0x4 LONG 0x20001c20 ADDR (.TFM_APP_ROT_LINKER_DATA)
                0x0000000000007140        0x4 LONG 0x0 (SIZEOF (.TFM_APP_ROT_LINKER_DATA) / 0x4)
                0x0000000000007144                __copy_table_end__ = .
                0x0000000000007144                . = ALIGN (0x4)
                0x0000000000007144                __zero_table_start__ = .
                0x0000000000007144        0x4 LONG 0x2000b05c ADDR (.TFM_BSS)
                0x0000000000007148        0x4 LONG 0x717 (SIZEOF (.TFM_BSS) / 0x4)
                0x000000000000714c        0x4 LONG 0x20002d58 ADDR (.TFM_PSA_ROT_LINKER_BSS)
                0x0000000000007150        0x4 LONG 0x206a (SIZEOF (.TFM_PSA_ROT_LINKER_BSS) / 0x4)
                0x0000000000007154        0x4 LONG 0x20001c20 ADDR (.TFM_APP_ROT_LINKER_BSS)
                0x0000000000007158        0x4 LONG 0x440 (SIZEOF (.TFM_APP_ROT_LINKER_BSS) / 0x4)
                0x000000000000715c        0x4 LONG 0x20001c00 ADDR (.TFM_SP_META_PTR)
                0x0000000000007160        0x4 LONG 0x8 (SIZEOF (.TFM_SP_META_PTR) / 0x4)
                0x0000000000007164                __zero_table_end__ = .
 *startup*(.text*)
 .text.default_irq_handler
                0x0000000000007164        0xc secure_fw/CMakeFiles/tfm_s.dir/__/platform/ext/target/nordic_nrf/common/core/startup.o
                0x0000000000007164                default_irq_handler
 .text.Reset_Handler
                0x0000000000007170       0x6c secure_fw/CMakeFiles/tfm_s.dir/__/platform/ext/target/nordic_nrf/common/core/startup.o
                0x0000000000007170                Reset_Handler
 .text.default_tfm_IRQHandler
                0x00000000000071dc       0x1e secure_fw/CMakeFiles/tfm_s.dir/__/platform/ext/target/nordic_nrf/common/core/startup_nrf5340.o
                0x00000000000071dc                default_tfm_IRQHandler
 .text.NMI_Handler
                0x00000000000071fa        0x8 secure_fw/CMakeFiles/tfm_s.dir/__/platform/ext/target/nordic_nrf/common/core/startup_nrf5340.o
                0x00000000000071fa                NMI_Handler
 .text.DebugMon_Handler
                0x0000000000007202        0x8 secure_fw/CMakeFiles/tfm_s.dir/__/platform/ext/target/nordic_nrf/common/core/startup_nrf5340.o
                0x0000000000007202                DebugMon_Handler
 .text.SysTick_Handler
                0x000000000000720a        0x8 secure_fw/CMakeFiles/tfm_s.dir/__/platform/ext/target/nordic_nrf/common/core/startup_nrf5340.o
                0x000000000000720a                SysTick_Handler
 .text.FPU_IRQHandler
                0x0000000000007212        0x8 secure_fw/CMakeFiles/tfm_s.dir/__/platform/ext/target/nordic_nrf/common/core/startup_nrf5340.o
                0x0000000000007212                FPU_IRQHandler
 .text.CACHE_IRQHandler
                0x000000000000721a        0x8 secure_fw/CMakeFiles/tfm_s.dir/__/platform/ext/target/nordic_nrf/common/core/startup_nrf5340.o
                0x000000000000721a                CACHE_IRQHandler
 .text.CLOCK_POWER_IRQHandler
                0x0000000000007222        0x8 secure_fw/CMakeFiles/tfm_s.dir/__/platform/ext/target/nordic_nrf/common/core/startup_nrf5340.o
                0x0000000000007222                CLOCK_POWER_IRQHandler
 .text.SERIAL0_IRQHandler
                0x000000000000722a        0x8 secure_fw/CMakeFiles/tfm_s.dir/__/platform/ext/target/nordic_nrf/common/core/startup_nrf5340.o
                0x000000000000722a                SERIAL0_IRQHandler
 .text.SERIAL1_IRQHandler
                0x0000000000007232        0x8 secure_fw/CMakeFiles/tfm_s.dir/__/platform/ext/target/nordic_nrf/common/core/startup_nrf5340.o
                0x0000000000007232                SERIAL1_IRQHandler
 .text.SPIM4_IRQHandler
                0x000000000000723a        0x8 secure_fw/CMakeFiles/tfm_s.dir/__/platform/ext/target/nordic_nrf/common/core/startup_nrf5340.o
                0x000000000000723a                SPIM4_IRQHandler
 .text.SERIAL2_IRQHandler
                0x0000000000007242        0x8 secure_fw/CMakeFiles/tfm_s.dir/__/platform/ext/target/nordic_nrf/common/core/startup_nrf5340.o
                0x0000000000007242                SERIAL2_IRQHandler
 .text.SERIAL3_IRQHandler
                0x000000000000724a        0x8 secure_fw/CMakeFiles/tfm_s.dir/__/platform/ext/target/nordic_nrf/common/core/startup_nrf5340.o
                0x000000000000724a                SERIAL3_IRQHandler
 .text.GPIOTE0_IRQHandler
                0x0000000000007252        0x8 secure_fw/CMakeFiles/tfm_s.dir/__/platform/ext/target/nordic_nrf/common/core/startup_nrf5340.o
                0x0000000000007252                GPIOTE0_IRQHandler
 .text.SAADC_IRQHandler
                0x000000000000725a        0x8 secure_fw/CMakeFiles/tfm_s.dir/__/platform/ext/target/nordic_nrf/common/core/startup_nrf5340.o
                0x000000000000725a                SAADC_IRQHandler
 .text.TIMER0_IRQHandler
                0x0000000000007262        0x8 secure_fw/CMakeFiles/tfm_s.dir/__/platform/ext/target/nordic_nrf/common/core/startup_nrf5340.o
                0x0000000000007262                TIMER0_IRQHandler
 .text.TIMER1_IRQHandler
                0x000000000000726a        0x8 secure_fw/CMakeFiles/tfm_s.dir/__/platform/ext/target/nordic_nrf/common/core/startup_nrf5340.o
                0x000000000000726a                TIMER1_IRQHandler
 .text.TIMER2_IRQHandler
                0x0000000000007272        0x8 secure_fw/CMakeFiles/tfm_s.dir/__/platform/ext/target/nordic_nrf/common/core/startup_nrf5340.o
                0x0000000000007272                TIMER2_IRQHandler
 .text.RTC0_IRQHandler
                0x000000000000727a        0x8 secure_fw/CMakeFiles/tfm_s.dir/__/platform/ext/target/nordic_nrf/common/core/startup_nrf5340.o
                0x000000000000727a                RTC0_IRQHandler
 .text.RTC1_IRQHandler
                0x0000000000007282        0x8 secure_fw/CMakeFiles/tfm_s.dir/__/platform/ext/target/nordic_nrf/common/core/startup_nrf5340.o
                0x0000000000007282                RTC1_IRQHandler
 .text.WDT0_IRQHandler
                0x000000000000728a        0x8 secure_fw/CMakeFiles/tfm_s.dir/__/platform/ext/target/nordic_nrf/common/core/startup_nrf5340.o
                0x000000000000728a                WDT0_IRQHandler
 .text.WDT1_IRQHandler
                0x0000000000007292        0x8 secure_fw/CMakeFiles/tfm_s.dir/__/platform/ext/target/nordic_nrf/common/core/startup_nrf5340.o
                0x0000000000007292                WDT1_IRQHandler
 .text.COMP_LPCOMP_IRQHandler
                0x000000000000729a        0x8 secure_fw/CMakeFiles/tfm_s.dir/__/platform/ext/target/nordic_nrf/common/core/startup_nrf5340.o
                0x000000000000729a                COMP_LPCOMP_IRQHandler
 .text.EGU0_IRQHandler
                0x00000000000072a2        0x8 secure_fw/CMakeFiles/tfm_s.dir/__/platform/ext/target/nordic_nrf/common/core/startup_nrf5340.o
                0x00000000000072a2                EGU0_IRQHandler
 .text.EGU1_IRQHandler
                0x00000000000072aa        0x8 secure_fw/CMakeFiles/tfm_s.dir/__/platform/ext/target/nordic_nrf/common/core/startup_nrf5340.o
                0x00000000000072aa                EGU1_IRQHandler
 .text.EGU2_IRQHandler
                0x00000000000072b2        0x8 secure_fw/CMakeFiles/tfm_s.dir/__/platform/ext/target/nordic_nrf/common/core/startup_nrf5340.o
                0x00000000000072b2                EGU2_IRQHandler
 .text.EGU3_IRQHandler
                0x00000000000072ba        0x8 secure_fw/CMakeFiles/tfm_s.dir/__/platform/ext/target/nordic_nrf/common/core/startup_nrf5340.o
                0x00000000000072ba                EGU3_IRQHandler
 .text.EGU4_IRQHandler
                0x00000000000072c2        0x8 secure_fw/CMakeFiles/tfm_s.dir/__/platform/ext/target/nordic_nrf/common/core/startup_nrf5340.o
                0x00000000000072c2                EGU4_IRQHandler
 .text.EGU5_IRQHandler
                0x00000000000072ca        0x8 secure_fw/CMakeFiles/tfm_s.dir/__/platform/ext/target/nordic_nrf/common/core/startup_nrf5340.o
                0x00000000000072ca                EGU5_IRQHandler
 .text.PWM0_IRQHandler
                0x00000000000072d2        0x8 secure_fw/CMakeFiles/tfm_s.dir/__/platform/ext/target/nordic_nrf/common/core/startup_nrf5340.o
                0x00000000000072d2                PWM0_IRQHandler
 .text.PWM1_IRQHandler
                0x00000000000072da        0x8 secure_fw/CMakeFiles/tfm_s.dir/__/platform/ext/target/nordic_nrf/common/core/startup_nrf5340.o
                0x00000000000072da                PWM1_IRQHandler
 .text.PWM2_IRQHandler
                0x00000000000072e2        0x8 secure_fw/CMakeFiles/tfm_s.dir/__/platform/ext/target/nordic_nrf/common/core/startup_nrf5340.o
                0x00000000000072e2                PWM2_IRQHandler
 .text.PWM3_IRQHandler
                0x00000000000072ea        0x8 secure_fw/CMakeFiles/tfm_s.dir/__/platform/ext/target/nordic_nrf/common/core/startup_nrf5340.o
                0x00000000000072ea                PWM3_IRQHandler
 .text.PDM0_IRQHandler
                0x00000000000072f2        0x8 secure_fw/CMakeFiles/tfm_s.dir/__/platform/ext/target/nordic_nrf/common/core/startup_nrf5340.o
                0x00000000000072f2                PDM0_IRQHandler
 .text.I2S0_IRQHandler
                0x00000000000072fa        0x8 secure_fw/CMakeFiles/tfm_s.dir/__/platform/ext/target/nordic_nrf/common/core/startup_nrf5340.o
                0x00000000000072fa                I2S0_IRQHandler
 .text.IPC_IRQHandler
                0x0000000000007302        0x8 secure_fw/CMakeFiles/tfm_s.dir/__/platform/ext/target/nordic_nrf/common/core/startup_nrf5340.o
                0x0000000000007302                IPC_IRQHandler
 .text.QSPI_IRQHandler
                0x000000000000730a        0x8 secure_fw/CMakeFiles/tfm_s.dir/__/platform/ext/target/nordic_nrf/common/core/startup_nrf5340.o
                0x000000000000730a                QSPI_IRQHandler
 .text.NFCT_IRQHandler
                0x0000000000007312        0x8 secure_fw/CMakeFiles/tfm_s.dir/__/platform/ext/target/nordic_nrf/common/core/startup_nrf5340.o
                0x0000000000007312                NFCT_IRQHandler
 .text.GPIOTE1_IRQHandler
                0x000000000000731a        0x8 secure_fw/CMakeFiles/tfm_s.dir/__/platform/ext/target/nordic_nrf/common/core/startup_nrf5340.o
                0x000000000000731a                GPIOTE1_IRQHandler
 .text.QDEC0_IRQHandler
                0x0000000000007322        0x8 secure_fw/CMakeFiles/tfm_s.dir/__/platform/ext/target/nordic_nrf/common/core/startup_nrf5340.o
                0x0000000000007322                QDEC0_IRQHandler
 .text.QDEC1_IRQHandler
                0x000000000000732a        0x8 secure_fw/CMakeFiles/tfm_s.dir/__/platform/ext/target/nordic_nrf/common/core/startup_nrf5340.o
                0x000000000000732a                QDEC1_IRQHandler
 .text.USBD_IRQHandler
                0x0000000000007332        0x8 secure_fw/CMakeFiles/tfm_s.dir/__/platform/ext/target/nordic_nrf/common/core/startup_nrf5340.o
                0x0000000000007332                USBD_IRQHandler
 .text.USBREGULATOR_IRQHandler
                0x000000000000733a        0x8 secure_fw/CMakeFiles/tfm_s.dir/__/platform/ext/target/nordic_nrf/common/core/startup_nrf5340.o
                0x000000000000733a                USBREGULATOR_IRQHandler
 .text.KMU_IRQHandler
                0x0000000000007342        0x8 secure_fw/CMakeFiles/tfm_s.dir/__/platform/ext/target/nordic_nrf/common/core/startup_nrf5340.o
                0x0000000000007342                KMU_IRQHandler
 .text.CRYPTOCELL_IRQHandler
                0x000000000000734a        0x8 secure_fw/CMakeFiles/tfm_s.dir/__/platform/ext/target/nordic_nrf/common/core/startup_nrf5340.o
                0x000000000000734a                CRYPTOCELL_IRQHandler
 *libplatform_s*:(SORT_BY_ALIGNMENT(.text*))
 *fill*         0x0000000000007352        0x2 
 .text.nrf53_errata_42
                0x0000000000007354       0x64 platform/libplatform_s.a(system_nrf5340_application.o)
 .text.nrf53_errata_46
                0x00000000000073b8       0x64 platform/libplatform_s.a(system_nrf5340_application.o)
 .text.nrf53_errata_49
                0x000000000000741c       0x64 platform/libplatform_s.a(system_nrf5340_application.o)
 .text.nrf53_errata_55
                0x0000000000007480       0x64 platform/libplatform_s.a(system_nrf5340_application.o)
 .text.nrf53_errata_64
                0x00000000000074e4       0x64 platform/libplatform_s.a(system_nrf5340_application.o)
 .text.nrf53_errata_69
                0x0000000000007548       0x64 platform/libplatform_s.a(system_nrf5340_application.o)
 .text.nrf53_errata_97
                0x00000000000075ac       0x64 platform/libplatform_s.a(system_nrf5340_application.o)
 .text.nrf53_errata_140
                0x0000000000007610       0x64 platform/libplatform_s.a(system_nrf5340_application.o)
 .text.nrf53_errata_160
                0x0000000000007674       0x64 platform/libplatform_s.a(system_nrf5340_application.o)
 .text.nrf53_handle_approtect
                0x00000000000076d8       0x2c platform/libplatform_s.a(system_nrf5340_application.o)
 .text.SystemInit
                0x0000000000007704      0x230 platform/libplatform_s.a(system_nrf5340_application.o)
                0x0000000000007704                SystemInit
 .text.dump_error
                0x0000000000007934       0xd8 platform/libplatform_s.a(exception_info.o)
 .text.tfm_exception_info_get_context
                0x0000000000007a0c       0x20 platform/libplatform_s.a(exception_info.o)
                0x0000000000007a0c                tfm_exception_info_get_context
 .text.store_and_dump_context
                0x0000000000007a2c      0x100 platform/libplatform_s.a(exception_info.o)
                0x0000000000007a2c                store_and_dump_context
 .text.stdio_output_string
                0x0000000000007b2c       0x4c platform/libplatform_s.a(uart_stdout.o)
                0x0000000000007b2c                stdio_output_string
 .text.stdio_init
                0x0000000000007b78       0xe4 platform/libplatform_s.a(uart_stdout.o)
                0x0000000000007b78                stdio_init
 .text.uart_config_set_uart_pins
                0x0000000000007c5c       0x94 platform/libplatform_s.a(Driver_USART.o)
                0x0000000000007c5c                uart_config_set_uart_pins
 .text.ARM_USART_GetVersion
                0x0000000000007cf0       0x2c platform/libplatform_s.a(Driver_USART.o)
 .text.ARM_USART_Control_Mode
                0x0000000000007d1c      0x2d4 platform/libplatform_s.a(Driver_USART.o)
 .text.ARM_USART1_Initialize
                0x0000000000007ff0       0x20 platform/libplatform_s.a(Driver_USART.o)
 .text.ARM_USART1_Uninitialize
                0x0000000000008010       0x14 platform/libplatform_s.a(Driver_USART.o)
 .text.ARM_USART1_PowerControl
                0x0000000000008024       0x24 platform/libplatform_s.a(Driver_USART.o)
 .text.ARM_USART1_Send
                0x0000000000008048       0x24 platform/libplatform_s.a(Driver_USART.o)
 .text.ARM_USART1_Receive
                0x000000000000806c       0x24 platform/libplatform_s.a(Driver_USART.o)
 .text.ARM_USART1_GetTxCount
                0x0000000000008090       0x14 platform/libplatform_s.a(Driver_USART.o)
 .text.ARM_USART1_GetRxCount
                0x00000000000080a4       0x14 platform/libplatform_s.a(Driver_USART.o)
 .text.ARM_USART1_Control
                0x00000000000080b8       0x24 platform/libplatform_s.a(Driver_USART.o)
 .text.__NVIC_EnableIRQ
                0x00000000000080dc       0x3c platform/libplatform_s.a(nrfx_uarte.o)
 .text.__NVIC_DisableIRQ
                0x0000000000008118       0x48 platform/libplatform_s.a(nrfx_uarte.o)
 .text.__NVIC_SetPriority
                0x0000000000008160       0x54 platform/libplatform_s.a(nrfx_uarte.o)
 .text.nrf53_errata_44
                0x00000000000081b4       0x64 platform/libplatform_s.a(nrfx_uarte.o)
 .text.nrfx_coredep_delay_us
                0x0000000000008218       0x48 platform/libplatform_s.a(nrfx_uarte.o)
 .text.nrf_gpio_pin_port_decode
                0x0000000000008260       0x9c platform/libplatform_s.a(nrfx_uarte.o)
 .text.nrf_gpio_cfg
                0x00000000000082fc       0x7c platform/libplatform_s.a(nrfx_uarte.o)
 .text.uarte_configure
                0x0000000000008378      0x168 platform/libplatform_s.a(nrfx_uarte.o)
 .text.nrfx_uarte_init
                0x00000000000084e0      0x15c platform/libplatform_s.a(nrfx_uarte.o)
                0x00000000000084e0                nrfx_uarte_init
 .text.nrfx_uarte_reconfigure
                0x000000000000863c       0xc0 platform/libplatform_s.a(nrfx_uarte.o)
                0x000000000000863c                nrfx_uarte_reconfigure
 .text.nrfx_uarte_uninit
                0x00000000000086fc       0xb8 platform/libplatform_s.a(nrfx_uarte.o)
                0x00000000000086fc                nrfx_uarte_uninit
 .text.nrfx_uarte_init_check
                0x00000000000087b4       0x50 platform/libplatform_s.a(nrfx_uarte.o)
                0x00000000000087b4                nrfx_uarte_init_check
 .text.poll_out
                0x0000000000008804      0x14c platform/libplatform_s.a(nrfx_uarte.o)
 .text.nrfx_uarte_tx
                0x0000000000008950      0x238 platform/libplatform_s.a(nrfx_uarte.o)
                0x0000000000008950                nrfx_uarte_tx
 .text.nrfx_uarte_tx_in_progress
                0x0000000000008b88       0x7c platform/libplatform_s.a(nrfx_uarte.o)
                0x0000000000008b88                nrfx_uarte_tx_in_progress
 .text.nrfx_uarte_tx_abort
                0x0000000000008c04       0xb4 platform/libplatform_s.a(nrfx_uarte.o)
                0x0000000000008c04                nrfx_uarte_tx_abort
 .text.on_rx_disabled
                0x0000000000008cb8       0x54 platform/libplatform_s.a(nrfx_uarte.o)
 .text.nrfx_uarte_rx_enable
                0x0000000000008d0c      0x1b0 platform/libplatform_s.a(nrfx_uarte.o)
                0x0000000000008d0c                nrfx_uarte_rx_enable
 .text.nrfx_uarte_rx_buffer_set
                0x0000000000008ebc       0xec platform/libplatform_s.a(nrfx_uarte.o)
                0x0000000000008ebc                nrfx_uarte_rx_buffer_set
 .text.rx_abort
                0x0000000000008fa8       0xe8 platform/libplatform_s.a(nrfx_uarte.o)
 .text.nrfx_uarte_rx_abort
                0x0000000000009090       0x60 platform/libplatform_s.a(nrfx_uarte.o)
                0x0000000000009090                nrfx_uarte_rx_abort
 .text.nrfx_uarte_rx_ready
                0x00000000000090f0       0xe4 platform/libplatform_s.a(nrfx_uarte.o)
                0x00000000000090f0                nrfx_uarte_rx_ready
 .text.nrfx_critical_section_enter
                0x00000000000091d4       0x20 platform/libplatform_s.a(nrfx_glue.o)
                0x00000000000091d4                nrfx_critical_section_enter
 .text.nrfx_critical_section_exit
                0x00000000000091f4       0x54 platform/libplatform_s.a(nrfx_glue.o)
                0x00000000000091f4                nrfx_critical_section_exit
 .text.ARM_Flash_GetInfo
                0x0000000000009248       0x14 platform/libplatform_s.a(Driver_Flash.o)
 .text.nvmc_readonly_mode_set
                0x000000000000925c       0x1c platform/libplatform_s.a(nrfx_nvmc.o)
 .text.nvmc_write_mode_set
                0x0000000000009278       0x1c platform/libplatform_s.a(nrfx_nvmc.o)
 .text.nvmc_erase_mode_set
                0x0000000000009294       0x1c platform/libplatform_s.a(nrfx_nvmc.o)
 .text.nvmc_word_write
                0x00000000000092b0       0x38 platform/libplatform_s.a(nrfx_nvmc.o)
 .text.nrfx_nvmc_page_erase
                0x00000000000092e8       0x90 platform/libplatform_s.a(nrfx_nvmc.o)
                0x00000000000092e8                nrfx_nvmc_page_erase
 .text.nrfx_nvmc_words_write
                0x0000000000009378       0x8c platform/libplatform_s.a(nrfx_nvmc.o)
                0x0000000000009378                nrfx_nvmc_words_write
 .text.mpu_armv8m_enable
                0x0000000000009404       0x60 platform/libplatform_s.a(mpu_armv8m_drv.o)
                0x0000000000009404                mpu_armv8m_enable
 .text.nrf_spu_flashnsc_set
                0x0000000000009464       0xac platform/libplatform_s.a(spu.o)
 .text.nrf_spu_flashregion_set
                0x0000000000009510       0x84 platform/libplatform_s.a(spu.o)
 .text.nrf_spu_ramregion_set
                0x0000000000009594       0x84 platform/libplatform_s.a(spu.o)
 .text.nrf_spu_peripheral_set
                0x0000000000009618       0xa4 platform/libplatform_s.a(spu.o)
 .text.spu_enable_interrupts
                0x00000000000096bc       0x54 platform/libplatform_s.a(spu.o)
                0x00000000000096bc                spu_enable_interrupts
 .text.spu_events_get
                0x0000000000009710       0x8c platform/libplatform_s.a(spu.o)
                0x0000000000009710                spu_events_get
 .text.spu_clear_events
                0x000000000000979c       0x5c platform/libplatform_s.a(spu.o)
                0x000000000000979c                spu_clear_events
 .text.spu_regions_reset_unlocked_secure
                0x00000000000097f8       0x74 platform/libplatform_s.a(spu.o)
                0x00000000000097f8                spu_regions_reset_unlocked_secure
 .text.spu_regions_flash_config
                0x000000000000986c       0x54 platform/libplatform_s.a(spu.o)
                0x000000000000986c                spu_regions_flash_config
 .text.spu_regions_sram_config
                0x00000000000098c0       0x5c platform/libplatform_s.a(spu.o)
                0x00000000000098c0                spu_regions_sram_config
 .text.spu_regions_flash_config_non_secure_callable
                0x000000000000991c       0xfc platform/libplatform_s.a(spu.o)
                0x000000000000991c                spu_regions_flash_config_non_secure_callable
 .text.spu_peripheral_config_secure
                0x0000000000009a18       0x6c platform/libplatform_s.a(spu.o)
                0x0000000000009a18                spu_peripheral_config_secure
 .text.spu_peripheral_config_non_secure
                0x0000000000009a84       0x6c platform/libplatform_s.a(spu.o)
                0x0000000000009a84                spu_peripheral_config_non_secure
 .text.dump_exception_info
                0x0000000000009af0       0x1c platform/libplatform_s.a(nrf_exception_info.o)
 .text.nrf_exception_info_store_context
                0x0000000000009b0c       0x1c platform/libplatform_s.a(nrf_exception_info.o)
                0x0000000000009b0c                nrf_exception_info_store_context
 .text.nrf_exception_info_get_context
                0x0000000000009b28       0x20 platform/libplatform_s.a(nrf_exception_info.o)
                0x0000000000009b28                nrf_exception_info_get_context
 .text.crypto_platform_init
                0x0000000000009b48       0x60 platform/libplatform_s.a(tfm_hal_platform.o)
 .text.allow_nonsecure_reset
                0x0000000000009ba8       0x3c platform/libplatform_s.a(tfm_hal_platform.o)
 .text.maybe_log_for_gpio_port
                0x0000000000009be4       0x68 platform/libplatform_s.a(tfm_hal_platform.o)
 .text.hw_unique_key_write_random
                0x0000000000009c4c      0x1c4 platform/libplatform_s.a(hw_unique_key_cc3xx.o)
                0x0000000000009c4c                hw_unique_key_write_random
 .text.hw_unique_key_are_any_written
                0x0000000000009e10       0x40 platform/libplatform_s.a(hw_unique_key_cc3xx.o)
                0x0000000000009e10                hw_unique_key_are_any_written
 .text.hw_unique_key_derive_key
                0x0000000000009e50       0x70 platform/libplatform_s.a(hw_unique_key_cc3xx.o)
                0x0000000000009e50                hw_unique_key_derive_key
 .text.key_written
                0x0000000000009ec0       0xbc platform/libplatform_s.a(hw_unique_key_cc3xx_kmu.o)
 .text.hw_unique_key_write
                0x0000000000009f7c       0x64 platform/libplatform_s.a(hw_unique_key_cc3xx_kmu.o)
                0x0000000000009f7c                hw_unique_key_write
 .text.ns_fault_service_set_handler
                0x0000000000009fe0       0x2c platform/libplatform_s.a(ns_fault_service.o)
                0x0000000000009fe0                ns_fault_service_set_handler
 .text.call_ns_callback
                0x000000000000a00c      0x1a4 platform/libplatform_s.a(ns_fault_service.o)
                0x000000000000a00c                call_ns_callback
 .text.ns_fault_service_call_handler
                0x000000000000a1b0       0x68 platform/libplatform_s.a(ns_fault_service.o)
                0x000000000000a1b0                ns_fault_service_call_handler
 .text.__NVIC_SystemReset
                0x000000000000a218       0x2c platform/libplatform_s.a(tfm_platform_system.o)
 .text.tfm_platform_hal_ioctl
                0x000000000000a244       0x68 platform/libplatform_s.a(tfm_platform_system.o)
                0x000000000000a244                tfm_platform_hal_ioctl
 .text.read_otp_nv_counters_flash
                0x000000000000a2ac       0xe8 platform/libplatform_s.a(flash_otp_nv_counters_backend.o)
                0x000000000000a2ac                read_otp_nv_counters_flash
 .text.init_otp_nv_counters_flash
                0x000000000000a394       0xd4 platform/libplatform_s.a(flash_otp_nv_counters_backend.o)
                0x000000000000a394                init_otp_nv_counters_flash
 .text.erase_flash_region
                0x000000000000a468       0x68 platform/libplatform_s.a(flash_otp_nv_counters_backend.o)
 .text.copy_flash_region
                0x000000000000a4d0       0xb8 platform/libplatform_s.a(flash_otp_nv_counters_backend.o)
 .text.write_otp_nv_counters_flash
                0x000000000000a588      0x27c platform/libplatform_s.a(flash_otp_nv_counters_backend.o)
                0x000000000000a588                write_otp_nv_counters_flash
 .text.create_or_restore_layout
                0x000000000000a804      0x15c platform/libplatform_s.a(flash_otp_nv_counters_backend.o)
 .text.tfm_plat_otp_read
                0x000000000000a960      0x178 platform/libplatform_s.a(otp_flash.o)
                0x000000000000a960                tfm_plat_otp_read
 .text.tfm_plat_otp_get_size
                0x000000000000aad8      0x110 platform/libplatform_s.a(otp_flash.o)
                0x000000000000aad8                tfm_plat_otp_get_size
 .text.nrf_gpio_pin_port_decode
                0x000000000000abe8       0x9c platform/libplatform_s.a(tfm_platform_hal_ioctl.o)
 .text.tfm_platform_hal_read_service
                0x000000000000ac84       0xe4 platform/libplatform_s.a(tfm_platform_hal_ioctl.o)
                0x000000000000ac84                tfm_platform_hal_read_service
 .text.tfm_platform_hal_write32_service
                0x000000000000ad68      0x138 platform/libplatform_s.a(tfm_platform_hal_ioctl.o)
                0x000000000000ad68                tfm_platform_hal_write32_service
 .text.tfm_hal_output_spm_log
                0x000000000000aea0       0x1c platform/libplatform_s.a(tfm_hal_spm_logdev_peripheral.o)
                0x000000000000aea0                tfm_hal_output_spm_log
 .text.is_return_secure_stack
                0x000000000000aebc       0x26 platform/libplatform_s.a(exception_info.o)
 .text.is_return_thread_mode
                0x000000000000aee2       0x24 platform/libplatform_s.a(exception_info.o)
 .text.is_return_psp
                0x000000000000af06       0x74 platform/libplatform_s.a(exception_info.o)
 .text.get_exception_frame
                0x000000000000af7a       0x50 platform/libplatform_s.a(exception_info.o)
 .text.dump_exception_info
                0x000000000000afca       0x34 platform/libplatform_s.a(exception_info.o)
 .text.nrfx_is_in_ram
                0x000000000000affe       0x26 platform/libplatform_s.a(Driver_USART.o)
 .text.ARM_USART_GetCapabilities
                0x000000000000b024       0x14 platform/libplatform_s.a(Driver_USART.o)
 .text.ARM_USARTx_Initialize
                0x000000000000b038       0x50 platform/libplatform_s.a(Driver_USART.o)
 .text.ARM_USARTx_Uninitialize
                0x000000000000b088       0x1a platform/libplatform_s.a(Driver_USART.o)
 .text.ARM_USARTx_PowerControl
                0x000000000000b0a2       0x26 platform/libplatform_s.a(Driver_USART.o)
 .text.ARM_USARTx_Send
                0x000000000000b0c8       0xc0 platform/libplatform_s.a(Driver_USART.o)
 .text.ARM_USARTx_Receive
                0x000000000000b188       0xd4 platform/libplatform_s.a(Driver_USART.o)
 .text.ARM_USART_Transfer
                0x000000000000b25c       0x1c platform/libplatform_s.a(Driver_USART.o)
 .text.ARM_USARTx_GetTxCount
                0x000000000000b278       0x18 platform/libplatform_s.a(Driver_USART.o)
 .text.ARM_USARTx_GetRxCount
                0x000000000000b290       0x18 platform/libplatform_s.a(Driver_USART.o)
 .text.disconnect_tx_rx_pin
                0x000000000000b2a8       0x54 platform/libplatform_s.a(Driver_USART.o)
 .text.ARM_USARTx_Control
                0x000000000000b2fc       0x70 platform/libplatform_s.a(Driver_USART.o)
 .text.ARM_USART_GetStatus
                0x000000000000b36c       0x18 platform/libplatform_s.a(Driver_USART.o)
 .text.ARM_USART_SetModemControl
                0x000000000000b384       0x1a platform/libplatform_s.a(Driver_USART.o)
 .text.ARM_USART_GetModemStatus
                0x000000000000b39e       0x18 platform/libplatform_s.a(Driver_USART.o)
 .text.nrfx_get_irq_number
                0x000000000000b3b6       0x1a platform/libplatform_s.a(nrfx_uarte.o)
 .text.nrf_event_readback
                0x000000000000b3d0       0x18 platform/libplatform_s.a(nrfx_uarte.o)
 .text.nrf_barrier_w
                0x000000000000b3e8        0xe platform/libplatform_s.a(nrfx_uarte.o)
 .text.nrf_barrier_r
                0x000000000000b3f6        0xe platform/libplatform_s.a(nrfx_uarte.o)
 .text.nrf_barrier_rw
                0x000000000000b404        0xe platform/libplatform_s.a(nrfx_uarte.o)
 .text.nrf_dma_accessible_check
                0x000000000000b412       0x28 platform/libplatform_s.a(nrfx_uarte.o)
 .text.nrf_event_check
                0x000000000000b43a       0x28 platform/libplatform_s.a(nrfx_uarte.o)
 .text.nrf_uarte_event_clear
                0x000000000000b462       0x2a platform/libplatform_s.a(nrfx_uarte.o)
 .text.nrf_uarte_event_check
                0x000000000000b48c       0x20 platform/libplatform_s.a(nrfx_uarte.o)
 .text.nrf_uarte_shorts_get
                0x000000000000b4ac       0x20 platform/libplatform_s.a(nrfx_uarte.o)
 .text.nrf_uarte_shorts_enable
                0x000000000000b4cc       0x26 platform/libplatform_s.a(nrfx_uarte.o)
 .text.nrf_uarte_shorts_disable
                0x000000000000b4f2       0x28 platform/libplatform_s.a(nrfx_uarte.o)
 .text.nrf_uarte_int_enable
                0x000000000000b51a       0x1e platform/libplatform_s.a(nrfx_uarte.o)
 .text.nrf_uarte_int_enable_check
                0x000000000000b538       0x20 platform/libplatform_s.a(nrfx_uarte.o)
 .text.nrf_uarte_int_disable
                0x000000000000b558       0x1e platform/libplatform_s.a(nrfx_uarte.o)
 .text.nrf_uarte_errorsrc_get
                0x000000000000b576       0x1a platform/libplatform_s.a(nrfx_uarte.o)
 .text.nrf_uarte_errorsrc_clear
                0x000000000000b590       0x1e platform/libplatform_s.a(nrfx_uarte.o)
 .text.nrf_uarte_enable
                0x000000000000b5ae       0x1c platform/libplatform_s.a(nrfx_uarte.o)
 .text.nrf_uarte_disable
                0x000000000000b5ca       0x1c platform/libplatform_s.a(nrfx_uarte.o)
 .text.nrf_uarte_enable_check
                0x000000000000b5e6       0x24 platform/libplatform_s.a(nrfx_uarte.o)
 .text.nrf_uarte_txrx_pins_set
                0x000000000000b60a       0x28 platform/libplatform_s.a(nrfx_uarte.o)
 .text.nrf_uarte_txrx_pins_disconnect
                0x000000000000b632       0x1e platform/libplatform_s.a(nrfx_uarte.o)
 .text.nrf_uarte_tx_pin_get
                0x000000000000b650       0x1a platform/libplatform_s.a(nrfx_uarte.o)
 .text.nrf_uarte_rx_pin_get
                0x000000000000b66a       0x1a platform/libplatform_s.a(nrfx_uarte.o)
 .text.nrf_uarte_rts_pin_get
                0x000000000000b684       0x1a platform/libplatform_s.a(nrfx_uarte.o)
 .text.nrf_uarte_cts_pin_get
                0x000000000000b69e       0x1a platform/libplatform_s.a(nrfx_uarte.o)
 .text.nrf_uarte_hwfc_pins_set
                0x000000000000b6b8       0x28 platform/libplatform_s.a(nrfx_uarte.o)
 .text.nrf_uarte_hwfc_pins_disconnect
                0x000000000000b6e0       0x1e platform/libplatform_s.a(nrfx_uarte.o)
 .text.nrf_uarte_task_trigger
                0x000000000000b6fe       0x22 platform/libplatform_s.a(nrfx_uarte.o)
 .text.nrf_uarte_configure
                0x000000000000b720       0x36 platform/libplatform_s.a(nrfx_uarte.o)
 .text.nrf_uarte_baudrate_set
                0x000000000000b756       0x1e platform/libplatform_s.a(nrfx_uarte.o)
 .text.nrf_uarte_tx_maxcnt_set
                0x000000000000b774       0x1e platform/libplatform_s.a(nrfx_uarte.o)
 .text.nrf_uarte_tx_ptr_set
                0x000000000000b792       0x1e platform/libplatform_s.a(nrfx_uarte.o)
 .text.nrf_uarte_tx_buffer_set
                0x000000000000b7b0       0x24 platform/libplatform_s.a(nrfx_uarte.o)
 .text.nrf_uarte_tx_buffer_get
                0x000000000000b7d4       0x1a platform/libplatform_s.a(nrfx_uarte.o)
 .text.nrf_uarte_tx_amount_get
                0x000000000000b7ee       0x1a platform/libplatform_s.a(nrfx_uarte.o)
 .text.nrf_uarte_rx_maxcnt_set
                0x000000000000b808       0x1e platform/libplatform_s.a(nrfx_uarte.o)
 .text.nrf_uarte_rx_ptr_set
                0x000000000000b826       0x1e platform/libplatform_s.a(nrfx_uarte.o)
 .text.nrf_uarte_rx_buffer_set
                0x000000000000b844       0x24 platform/libplatform_s.a(nrfx_uarte.o)
 .text.nrf_uarte_rx_amount_get
                0x000000000000b868       0x1a platform/libplatform_s.a(nrfx_uarte.o)
 .text.nrfy_uarte_periph_configure
                0x000000000000b882       0x72 platform/libplatform_s.a(nrfx_uarte.o)
 .text.nrfy_uarte_int_init
                0x000000000000b8f4       0xda platform/libplatform_s.a(nrfx_uarte.o)
 .text.nrfy_uarte_int_uninit
                0x000000000000b9ce       0x22 platform/libplatform_s.a(nrfx_uarte.o)
 .text.nrfy_uarte_pins_get
                0x000000000000b9f0       0x4a platform/libplatform_s.a(nrfx_uarte.o)
 .text.nrfy_uarte_pins_disconnect
                0x000000000000ba3a       0x20 platform/libplatform_s.a(nrfx_uarte.o)
 .text.nrfy_uarte_event_clear
                0x000000000000ba5a       0x22 platform/libplatform_s.a(nrfx_uarte.o)
 .text.nrfy_uarte_event_check
                0x000000000000ba7c       0x2c platform/libplatform_s.a(nrfx_uarte.o)
 .text.nrfy_uarte_shorts_get
                0x000000000000baa8       0x26 platform/libplatform_s.a(nrfx_uarte.o)
 .text.nrfy_uarte_shorts_enable
                0x000000000000bace       0x1e platform/libplatform_s.a(nrfx_uarte.o)
 .text.nrfy_uarte_shorts_disable
                0x000000000000baec       0x1e platform/libplatform_s.a(nrfx_uarte.o)
 .text.nrfy_uarte_int_enable
                0x000000000000bb0a       0x1e platform/libplatform_s.a(nrfx_uarte.o)
 .text.nrfy_uarte_int_enable_check
                0x000000000000bb28       0x26 platform/libplatform_s.a(nrfx_uarte.o)
 .text.nrfy_uarte_int_disable
                0x000000000000bb4e       0x1e platform/libplatform_s.a(nrfx_uarte.o)
 .text.nrfy_uarte_errorsrc_get_and_clear
                0x000000000000bb6c       0x2e platform/libplatform_s.a(nrfx_uarte.o)
 .text.nrfy_uarte_enable
                0x000000000000bb9a       0x1a platform/libplatform_s.a(nrfx_uarte.o)
 .text.nrfy_uarte_disable
                0x000000000000bbb4       0x1a platform/libplatform_s.a(nrfx_uarte.o)
 .text.nrfy_uarte_enable_check
                0x000000000000bbce       0x24 platform/libplatform_s.a(nrfx_uarte.o)
 .text.nrfy_uarte_task_trigger
                0x000000000000bbf2       0x22 platform/libplatform_s.a(nrfx_uarte.o)
 .text.nrfy_uarte_tx_buffer_set
                0x000000000000bc14       0x28 platform/libplatform_s.a(nrfx_uarte.o)
 .text.nrfy_uarte_tx_buffer_get
                0x000000000000bc3c       0x22 platform/libplatform_s.a(nrfx_uarte.o)
 .text.nrfy_uarte_tx_amount_get
                0x000000000000bc5e       0x22 platform/libplatform_s.a(nrfx_uarte.o)
 .text.nrfy_uarte_rx_buffer_set
                0x000000000000bc80       0x22 platform/libplatform_s.a(nrfx_uarte.o)
 .text.nrfy_uarte_rx_amount_get
                0x000000000000bca2       0x22 platform/libplatform_s.a(nrfx_uarte.o)
 .text.__nrfy_internal_uarte_event_enabled_clear
                0x000000000000bcc4       0x34 platform/libplatform_s.a(nrfx_uarte.o)
 .text.nrf_gpio_cfg_output
                0x000000000000bcf8       0x24 platform/libplatform_s.a(nrfx_uarte.o)
 .text.nrf_gpio_cfg_input
                0x000000000000bd1c       0x28 platform/libplatform_s.a(nrfx_uarte.o)
 .text.nrf_gpio_cfg_default
                0x000000000000bd44       0x24 platform/libplatform_s.a(nrfx_uarte.o)
 .text.nrf_gpio_pin_set
                0x000000000000bd68       0x2a platform/libplatform_s.a(nrfx_uarte.o)
 .text.nrf_gpio_port_out_set
                0x000000000000bd92       0x1c platform/libplatform_s.a(nrfx_uarte.o)
 .text.nrf_gpio_pin_present_check
                0x000000000000bdae       0x5e platform/libplatform_s.a(nrfx_uarte.o)
 .text.nrf_gpio_pin_port_number_extract
                0x000000000000be0c       0x28 platform/libplatform_s.a(nrfx_uarte.o)
 .text.nrfy_gpio_cfg_output
                0x000000000000be34       0x1a platform/libplatform_s.a(nrfx_uarte.o)
 .text.nrfy_gpio_cfg_input
                0x000000000000be4e       0x22 platform/libplatform_s.a(nrfx_uarte.o)
 .text.nrfy_gpio_cfg_default
                0x000000000000be70       0x1a platform/libplatform_s.a(nrfx_uarte.o)
 .text.nrfy_gpio_pin_set
                0x000000000000be8a       0x1a platform/libplatform_s.a(nrfx_uarte.o)
 .text.pins_to_default